../src/src_user/Applications/UserDefined/Aocs/AOCS_cmd_Photo_COBC.cpp:114:13:void photo_cobc_init()	0	static
../src/src_user/Applications/UserDefined/Aocs/AOCS_cmd_Photo_COBC.cpp:97:13:void photo_cobc_initialize_param()	8	static
../src/src_user/Applications/UserDefined/Aocs/AOCS_cmd_Photo_COBC.cpp:80:13:void photo_cobc_load_param()	8	static
../src/src_user/Applications/UserDefined/Aocs/AOCS_cmd_Photo_COBC.cpp:191:6:void COBC_Photo_flag_send()	16	static
../src/src_user/Applications/UserDefined/Aocs/AOCS_cmd_Photo_COBC.cpp:66:9:AppInfo photo_cobc_param_update()	8	static
../src/src_user/Applications/UserDefined/Aocs/AOCS_cmd_Photo_COBC.cpp:71:9:AppInfo photo_cobc_update()	8	static
../src/src_user/Applications/UserDefined/Aocs/AOCS_cmd_Photo_COBC.cpp:76:9:AppInfo COBC_Photo_Flag_Generator()	8	static
../src/src_user/Applications/UserDefined/Aocs/AOCS_cmd_Photo_COBC.cpp:204:9:uint8_t vote_photo_flag(uint8_t*)	0	static
../src/src_user/Applications/UserDefined/Aocs/AOCS_cmd_Photo_COBC.cpp:120:13:void photo_cobc_exe()	32	static
