../src/src_user/Applications/UserDefined/Memory/MEM_cmd_EEPROM.c:65:13:eeprom_initialize_param	8	static
../src/src_user/Applications/UserDefined/Memory/MEM_cmd_EEPROM.c:61:13:eeprom_load_param	8	static
../src/src_user/Applications/UserDefined/Memory/MEM_cmd_EEPROM.c:69:13:eeprom_memory_patrol	24	dynamic
../src/src_user/Applications/UserDefined/Memory/MEM_cmd_EEPROM.c:204:6:I2C1_ClearBusyFlagErratum	48	static,ignoring_inline_asm
../src/src_user/Applications/UserDefined/Memory/MEM_cmd_EEPROM.c:50:9:EEPROM_param_update	8	static
../src/src_user/Applications/UserDefined/Memory/MEM_cmd_EEPROM.c:55:9:EEPROM_memory_patorol	8	static
../src/src_user/Applications/UserDefined/Memory/MEM_cmd_EEPROM.c:100:12:Cmd_MEM_eeprom_writeData	40	dynamic
../src/src_user/Applications/UserDefined/Memory/MEM_cmd_EEPROM.c:136:12:Cmd_MEM_eeprom_ReadData	32	dynamic
../src/src_user/Applications/UserDefined/Memory/MEM_cmd_EEPROM.c:165:12:Cmd_MEM_eeprom_set_patrol_addr	16	static
../src/src_user/Applications/UserDefined/Memory/MEM_cmd_EEPROM.c:181:12:Cmd_MEM_eeprom_reset	24	static
