../src/src_user/Applications/UserDefined/Memory/MEM_cmd_SPIPROM.c:180:13:CDH1_spiprom_initialize_param	8	static
../src/src_user/Applications/UserDefined/Memory/MEM_cmd_SPIPROM.c:169:13:CDH1_spiprom_load_param	8	static
../src/src_user/Applications/UserDefined/Memory/MEM_cmd_SPIPROM.c:303:13:CDH1_spiprom_exe	568	static
../src/src_user/Applications/UserDefined/Memory/MEM_cmd_SPIPROM.c:193:13:CDH1_spiprom_power_on_init	208	static
../src/src_user/Applications/UserDefined/Memory/MEM_cmd_SPIPROM.c:418:13:CDH1_spiprom_queue_save_exe	800	static
../src/src_user/Applications/UserDefined/Memory/MEM_cmd_SPIPROM.c:494:13:CDH1_spiprom_condition_save_exe	224	static
../src/src_user/Applications/UserDefined/Memory/MEM_cmd_SPIPROM.c:566:13:CDH1_spiprom_operation_exe	32	static
../src/src_user/Applications/UserDefined/Memory/MEM_cmd_SPIPROM.c:693:13:CDH1_spiprom_check_ready_operation	8	static
../src/src_user/Applications/UserDefined/Memory/MEM_cmd_SPIPROM.c:136:9:CDH1_spiprom_param_update	8	static
../src/src_user/Applications/UserDefined/Memory/MEM_cmd_SPIPROM.c:141:9:CDH1_spiprom_update	8	static
../src/src_user/Applications/UserDefined/Memory/MEM_cmd_SPIPROM.c:146:9:CDH1_spiprom_queue_save_update	8	static
../src/src_user/Applications/UserDefined/Memory/MEM_cmd_SPIPROM.c:151:9:CDH1_spiprom_condition_save	8	static
../src/src_user/Applications/UserDefined/Memory/MEM_cmd_SPIPROM.c:156:9:CDH1_spiprom_operation_update	8	static
../src/src_user/Applications/UserDefined/Memory/MEM_cmd_SPIPROM.c:161:9:CDH1_spiprom_check_ready	8	static
../src/src_user/Applications/UserDefined/Memory/MEM_cmd_SPIPROM.c:710:12:Cmd_MEM_spiprom_write_data	40	dynamic
../src/src_user/Applications/UserDefined/Memory/MEM_cmd_SPIPROM.c:762:12:Cmd_MEM_spiprom_write_buffer_data	24	static
../src/src_user/Applications/UserDefined/Memory/MEM_cmd_SPIPROM.c:786:12:Cmd_MEM_spiprom_erase_Sectors	24	static
../src/src_user/Applications/UserDefined/Memory/MEM_cmd_SPIPROM.c:817:12:Cmd_MEM_spiprom_read_page	280	static
../src/src_user/Applications/UserDefined/Memory/MEM_cmd_SPIPROM.c:848:12:Cmd_MEM_spiprom_Generate_RPTLM	288	static
../src/src_user/Applications/UserDefined/Memory/MEM_cmd_SPIPROM.c:926:12:Cmd_MEM_SPIPROM_set_patrol_block	16	static
../src/src_user/Applications/UserDefined/Memory/MEM_cmd_SPIPROM.c:943:12:Cmd_MEM_SPIPROM_memory_patrol	272	static
../src/src_user/Applications/UserDefined/Memory/MEM_cmd_SPIPROM.c:967:12:Cmd_MEM_spiprom_ALL_Reset	8	static
