../src/src_user/Applications/DriverInstances/tlm_packet_handler.c:34:13:TLM_mst_packet_handler_init_	0	static
../src/src_user/Applications/DriverInstances/tlm_packet_handler.c:131:13:TLM_rpt_packet_handler_init_	0	static
../src/src_user/Applications/DriverInstances/tlm_packet_handler.c:221:13:TLM_txpic_packet_handler_init_	0	static
../src/src_user/Applications/DriverInstances/tlm_packet_handler.c:268:13:TLM_txpic_largepacket_handler_init_	0	static
../src/src_user/Applications/DriverInstances/tlm_packet_handler.c:229:13:TLM_txpic_packet_handler_	24	static
../src/src_user/Applications/DriverInstances/tlm_packet_handler.c:276:13:TLM_txpic_largepacket_handler_	24	static
../src/src_user/Applications/DriverInstances/tlm_packet_handler.c:27:9:TLM_mst_packet_handler	8	static
../src/src_user/Applications/DriverInstances/tlm_packet_handler.c:124:9:TLM_rpt_packet_handler	8	static
../src/src_user/Applications/DriverInstances/tlm_packet_handler.c:212:9:TLM_txpic_packet_handler	8	static
../src/src_user/Applications/DriverInstances/tlm_packet_handler.c:259:9:TLM_txpic_largepacket_handler	8	static
../src/src_user/Applications/DriverInstances/tlm_packet_handler.c:327:8:PH_add_txpic_tlm_	8	static
../src/src_user/Applications/DriverInstances/tlm_packet_handler.c:40:13:TLM_mst_packet_handler_	16	static
../src/src_user/Applications/DriverInstances/tlm_packet_handler.c:139:13:TLM_rpt_packet_handler_	16	static
