../src/src_user/Applications/UserDefined/Com/COM_cmd_INTERSAT.c:70:13:COM_intersat_tlm_init	0	static
../src/src_user/Applications/UserDefined/Com/COM_cmd_INTERSAT.c:47:13:COM_intersat_param_exe	8	static
../src/src_user/Applications/UserDefined/Com/COM_cmd_INTERSAT.c:40:13:COM_intersat_param_init	8	static
../src/src_user/Applications/UserDefined/Com/COM_cmd_INTERSAT.c:74:13:COM_intersat_tlm_exe	280	static
../src/src_user/Applications/UserDefined/Com/COM_cmd_INTERSAT.c:36:9:COM_intersat_param_update	8	static
../src/src_user/Applications/UserDefined/Com/COM_cmd_INTERSAT.c:55:9:COM_intersat_tlm_update	8	static
../src/src_user/Applications/UserDefined/Com/COM_cmd_INTERSAT.c:60:14:Cmd_COM_debug_Intersat_Send	16	static
