../src/src_user/Applications/UserDefined/Com/COM_cmd_response.c:161:13:command_response_initialize_param	8	static
../src/src_user/Applications/UserDefined/Com/COM_cmd_response.c:140:13:command_response_load_param	8	static
../src/src_user/Applications/UserDefined/Com/COM_cmd_response.c:130:9:command_response_update	8	static
../src/src_user/Applications/UserDefined/Com/COM_cmd_response.c:135:9:command_response_param_update	8	static
../src/src_user/Applications/UserDefined/Com/COM_cmd_response.c:194:6:response_init	0	static
../src/src_user/Applications/UserDefined/Com/COM_cmd_response.c:181:13:command_response_init	8	static
../src/src_user/Applications/UserDefined/Com/COM_cmd_response.c:394:6:tlm_response_handler	24	static
../src/src_user/Applications/UserDefined/Com/COM_cmd_response.c:413:6:parse_tlm_info	24	static
../src/src_user/Applications/UserDefined/Com/COM_cmd_response.c:203:6:gsc_response_handler	40	static
../src/src_user/Applications/UserDefined/Com/COM_cmd_response.c:306:6:tlc_response_handler	56	static
../src/src_user/Applications/UserDefined/Com/COM_cmd_response.c:185:13:command_response_exe	8	static
