../src/src_user/Applications/UserDefined/Sensor/ACS1_cmd_ADC.cpp:96:13:void ACS1_debug_adc_init()	8	static
../src/src_user/Applications/UserDefined/Sensor/ACS1_cmd_ADC.cpp:166:13:void ADC_initialize_param()	16	static
../src/src_user/Applications/UserDefined/Sensor/ACS1_cmd_ADC.cpp:132:13:void ADC_load_param()	16	static
../src/src_user/Drivers/Sensor/ADC.h:37:7:ADC_CLASS::ADC_CLASS()	32	static
../src/src_user/Applications/UserDefined/Sensor/ACS1_cmd_ADC.cpp:1126:1:void __static_initialization_and_destruction_0(int, int)	48	static
../src/src_user/Applications/UserDefined/Sensor/ACS1_cmd_ADC.cpp:78:9:AppInfo ACS1_debug_adc_update()	8	static
../src/src_user/Applications/UserDefined/Sensor/ACS1_cmd_ADC.cpp:85:9:AppInfo ACS1_param_update()	8	static
../src/src_user/Applications/UserDefined/Sensor/ACS1_cmd_ADC.cpp:202:12:CCP_CmdRet Cmd_ACS1_debug_GYRO(const CommonCmdPacket*)	24	static
../src/src_user/Applications/UserDefined/Sensor/ACS1_cmd_ADC.cpp:297:12:CCP_CmdRet Cmd_ACS1_Change_GYRO_Range(const CommonCmdPacket*)	24	static
../src/src_user/Applications/UserDefined/Sensor/ACS1_cmd_ADC.cpp:342:12:CCP_CmdRet Cmd_ACS1_debug_MAGS(const CommonCmdPacket*)	32	static
../src/src_user/Applications/UserDefined/Sensor/ACS1_cmd_ADC.cpp:444:12:CCP_CmdRet Cmd_ACS1_debug_CURS(const CommonCmdPacket*)	24	static
../src/src_user/Applications/UserDefined/Sensor/ACS1_cmd_ADC.cpp:589:12:CCP_CmdRet Cmd_ACS1_debug_VOLS(const CommonCmdPacket*)	24	static
../src/src_user/Applications/UserDefined/Sensor/ACS1_cmd_ADC.cpp:649:12:CCP_CmdRet Cmd_ACS1_debug_PLASMA(const CommonCmdPacket*)	16	static
../src/src_user/Applications/UserDefined/Sensor/ACS1_cmd_ADC.cpp:741:12:CCP_CmdRet Cmd_ACS1_debug_PT_TEMS(const CommonCmdPacket*)	32	static
../src/src_user/Applications/UserDefined/Sensor/ACS1_cmd_ADC.cpp:1126:1:cpp)	8	static
../src/src_user/Applications/UserDefined/Sensor/ACS1_cmd_ADC.cpp:1126:1:cpp)	8	static
