../src/src_user/Applications/UserDefined/Aocs/OCS/OCS_cmd_CrossProduct.cpp:96:13:void OCS_CrossProduct_initialize_param()	8	static
../src/src_user/Applications/UserDefined/Aocs/OCS/OCS_cmd_CrossProduct.cpp:70:13:void OCS_CrossProduct_load_param()	8	static
../src/src_user/Applications/UserDefined/Aocs/OCS/OCS_cmd_CrossProduct.cpp:125:13:void OCS_CrossProduct_Ave_Deceleration_update_()	80	static
../src/src_user/Applications/UserDefined/Aocs/OCS/OCS_cmd_CrossProduct.cpp:219:13:void OCS_CrossProduct_Min_Deceleration_update_()	80	static
../src/src_user/Applications/UserDefined/Aocs/OCS/OCS_cmd_CrossProduct.cpp:310:13:void OCS_CrossProduct_Max_Deceleration_update_()	80	static
../src/src_user/Applications/UserDefined/Aocs/OCS/OCS_cmd_CrossProduct.cpp:401:13:void OCS_CrossProduct_Keep_Deceleration_update_()	80	static
../src/src_user/Applications/UserDefined/Aocs/OCS/OCS_cmd_CrossProduct.cpp:43:9:AppInfo OCS_CrossProduct_update()	8	static
../src/src_user/Applications/UserDefined/Aocs/OCS/OCS_cmd_CrossProduct.cpp:49:9:AppInfo OCS_CrossProduct_Ave_Deceleration_update()	8	static
../src/src_user/Applications/UserDefined/Aocs/OCS/OCS_cmd_CrossProduct.cpp:53:9:AppInfo OCS_CrossProduct_Min_Deceleration_update()	8	static
../src/src_user/Applications/UserDefined/Aocs/OCS/OCS_cmd_CrossProduct.cpp:57:9:AppInfo OCS_CrossProduct_Max_Deceleration_update()	8	static
../src/src_user/Applications/UserDefined/Aocs/OCS/OCS_cmd_CrossProduct.cpp:61:9:AppInfo OCS_CrossProduct_Keep_Deceleration_update()	8	static
