../src/src_user/Applications/UserDefined/Aocs/ODS/ODS_cmd_SGP4.cpp:110:13:void SGP4_initialize_param()	8	static
../src/src_user/Applications/UserDefined/Aocs/ODS/ODS_cmd_SGP4.cpp:78:13:void SGP4_load_param()	8	static
../src/src_user/Applications/UserDefined/Aocs/ODS/ODS_cmd_SGP4.cpp:137:13:void ODS_sgp4_update_()	104	static
../src/src_user/Applications/UserDefined/Aocs/ODS/ODS_cmd_SGP4.cpp:221:13:void ODS_sgp4_opponent_update_()	48	static
../src/src_user/Applications/UserDefined/Aocs/ODS/ODS_cmd_SGP4.cpp:52:9:AppInfo SGP4_param_update()	8	static
../src/src_user/Applications/UserDefined/Aocs/ODS/ODS_cmd_SGP4.cpp:59:9:AppInfo SGP4_update()	8	static
../src/src_user/Applications/UserDefined/Aocs/ODS/ODS_cmd_SGP4.cpp:66:9:AppInfo SGP4_Opponent_update()	8	static
