../src/src_user/Applications/UserDefined/Aocs/ODS/ODS_cmd_ORBEKF.cpp:88:13:void ORBEKF_initialize_param()	8	static
../src/src_user/Applications/UserDefined/Aocs/ODS/ODS_cmd_ORBEKF.cpp:73:13:void ORBEKF_load_param()	8	static
../src/src_user/Applications/UserDefined/Aocs/ODS/ODS_cmd_ORBEKF.cpp:54:9:AppInfo ORBEKF_param_update()	8	static
../src/src_user/Applications/UserDefined/Aocs/ODS/ODS_cmd_ORBEKF.cpp:61:9:AppInfo ORBEKF_update()	8	static
../src/src_user/Applications/UserDefined/Aocs/ODS/ODS_cmd_ORBEKF.cpp:198:6:void ODS_ORBEKF_Time_update()	8	static
../src/src_user/Applications/UserDefined/Aocs/ODS/ODS_cmd_ORBEKF.cpp:136:13:void ODS_ORBEKF_update_()	112	static
../src/src_user/Applications/UserDefined/Aocs/ODS/ODS_cmd_ORBEKF.cpp:206:6:void ODS_ORBEKF_Connect_Param()	8	static
../src/src_user/Applications/UserDefined/Aocs/ODS/ODS_cmd_ORBEKF.cpp:101:13:void ODS_ORBEKF_init_()	488	static
