../src/src_user/Applications/UserDefined/Sensor/ACS13_cmd_GPS.cpp:81:13:void ACS13_GPS_param_write()	8	static
../src/src_user/Applications/UserDefined/Sensor/ACS13_cmd_GPS.cpp:78:13:void ACS13_GPS_param_load()	8	static
../src/src_user/Applications/UserDefined/Sensor/ACS13_cmd_GPS.cpp:66:9:AppInfo ACS13_GPS_update()	8	static
../src/src_user/Applications/UserDefined/Sensor/ACS13_cmd_GPS.cpp:72:9:AppInfo ACS13_GPS_param_update()	8	static
../src/src_user/Applications/UserDefined/Sensor/ACS13_cmd_GPS.cpp:351:6:void Velocity_calculate()	144	static
../src/src_user/Applications/UserDefined/Sensor/ACS13_cmd_GPS.cpp:391:12:CCP_CmdRet Cmd_ACS13_GPS_SET_RTC_BY_UTC(const CommonCmdPacket*)	8	static
../src/src_user/Applications/UserDefined/Sensor/ACS13_cmd_GPS.cpp:402:6:void ACS13_GPS_Time_update()	8	static
../src/src_user/Applications/UserDefined/Sensor/ACS13_cmd_GPS.cpp:408:6:void ACS13_GPS_Time_reset()	8	static
../src/src_user/Applications/UserDefined/Sensor/ACS13_cmd_GPS.cpp:89:13:void ACS13_GPS_init()	8	static
../src/src_user/Applications/UserDefined/Sensor/ACS13_cmd_GPS.cpp:420:6:void ACS13_GPS_value_reset()	8	static
../src/src_user/Applications/UserDefined/Sensor/ACS13_cmd_GPS.cpp:102:13:void ACS13_GPS_exe()	56	static
