../src/src_user/Applications/UserDefined/Sensor/ACS23_cmd_9AX.cpp:141:13:void ACS23_9AX_exe()	128	static
../src/src_user/Applications/UserDefined/Sensor/ACS23_cmd_9AX.cpp:107:13:void ACS23_9AX_init()	8	static
../src/src_user/Applications/UserDefined/Sensor/ACS23_cmd_9AX.cpp:384:13:void QAX_initialize_param()	8	static
../src/src_user/Applications/UserDefined/Sensor/ACS23_cmd_9AX.cpp:420:13:void QAX_load_param()	8	static
../src/src_user/Applications/UserDefined/Sensor/ACS23_cmd_9AX.cpp:89:9:AppInfo ACS23_9AX_update()	8	static
../src/src_user/Applications/UserDefined/Sensor/ACS23_cmd_9AX.cpp:95:9:AppInfo ACS23_9AX_param_update()	8	static
../src/src_user/Applications/UserDefined/Sensor/ACS23_cmd_9AX.cpp:456:12:CCP_CmdRet Cmd_9AX_change_acc_config(const CommonCmdPacket*)	8	static
../src/src_user/Applications/UserDefined/Sensor/ACS23_cmd_9AX.cpp:476:12:CCP_CmdRet Cmd_9AX_change_gyro_config(const CommonCmdPacket*)	8	static
../src/src_user/Applications/UserDefined/Sensor/ACS23_cmd_9AX.cpp:496:12:CCP_CmdRet Cmd_9AX_change_mag_config(const CommonCmdPacket*)	8	static
