../src/src_user/Applications/UserDefined/Sensor/ACS23_cmd_MTQ.cpp:87:13:void ACS23_mtq_init()	8	static
../src/src_user/Applications/UserDefined/Sensor/ACS23_cmd_MTQ.cpp:101:13:void MTQ_initialize_param()	8	static
../src/src_user/Applications/UserDefined/Sensor/ACS23_cmd_MTQ.cpp:140:13:void MTQ_load_param()	8	static
../src/src_user/Applications/UserDefined/Sensor/ACS23_cmd_MTQ.cpp:265:13:void ACS23_debug_MTQA_Function_core(uint8_t*)	24	static
../src/src_user/Applications/UserDefined/Sensor/ACS23_cmd_MTQ.cpp:301:13:void ACS23_mtqa4_update_()	24	static
../src/src_user/Applications/UserDefined/Sensor/ACS23_cmd_MTQ.cpp:346:1:void __static_initialization_and_destruction_0(int, int)	16	static
../src/src_user/Applications/UserDefined/Sensor/ACS23_cmd_MTQ.cpp:59:9:AppInfo ACS23_debug_mtq_update()	8	static
../src/src_user/Applications/UserDefined/Sensor/ACS23_cmd_MTQ.cpp:64:9:AppInfo ACS23_MTQ_param_update()	8	static
../src/src_user/Applications/UserDefined/Sensor/ACS23_cmd_MTQ.cpp:69:9:AppInfo ACS23_mtqa4_update()	8	static
../src/src_user/Applications/UserDefined/Sensor/ACS23_cmd_MTQ.cpp:185:12:CCP_CmdRet Cmd_ACS23_MTQ_Output_Zero(const CommonCmdPacket*)	8	static
../src/src_user/Applications/UserDefined/Sensor/ACS23_cmd_MTQ.cpp:204:12:CCP_CmdRet Cmd_ACS23_MTQ_Output_Return(const CommonCmdPacket*)	16	static
../src/src_user/Applications/UserDefined/Sensor/ACS23_cmd_MTQ.cpp:232:12:CCP_CmdRet Cmd_ACS23_debug_MTQA_Function_core(const CommonCmdPacket*)	16	static
../src/src_user/Applications/UserDefined/Sensor/ACS23_cmd_MTQ.cpp:252:12:CCP_CmdRet Cmd_ACS23_debug_MTQO_Function_core(const CommonCmdPacket*)	16	static
../src/src_user/Applications/UserDefined/Sensor/ACS23_cmd_MTQ.cpp:336:12:CCP_CmdRet Cmd_ACS23_AH_MTQA_OT(const CommonCmdPacket*)	8	static
../src/src_user/Applications/UserDefined/Sensor/ACS23_cmd_MTQ.cpp:346:1:cpp)	8	static
../src/src_user/Applications/UserDefined/Sensor/ACS23_cmd_MTQ.cpp:346:1:cpp)	8	static
