../src/src_user/Applications/UserDefined/Sensor/ACS3_cmd_SUBCAM.cpp:136:13:void ACS3_SUBCAM_load_param()	0	static
../src/src_user/Applications/UserDefined/Sensor/ACS3_cmd_SUBCAM.cpp:185:13:void ACS3_SUBCAM_exe()	0	static
../src/src_user/Applications/UserDefined/Sensor/ACS3_cmd_SUBCAM.cpp:178:13:void ACS3_SUBCAM_init()	8	static
../src/src_user/Applications/UserDefined/Sensor/ACS3_cmd_SUBCAM.cpp:153:13:void ACS3_SUBCAM_initialize_param()	8	static
../src/src_user/Applications/UserDefined/Sensor/ACS3_cmd_SUBCAM.cpp:523:13:void ACS3_SUBCAM_move_data_init()	8	static
../src/src_user/Applications/UserDefined/Sensor/ACS3_cmd_SUBCAM.cpp:531:13:void ACS3_SUBCAM_move_data_exe()	528	static
../src/src_user/Applications/UserDefined/Sensor/ACS3_cmd_SUBCAM.cpp:118:9:AppInfo ACS3_SUBCAM_update()	8	static
../src/src_user/Applications/UserDefined/Sensor/ACS3_cmd_SUBCAM.cpp:125:9:AppInfo ACS3_SUBCAM_param_update()	8	static
../src/src_user/Applications/UserDefined/Sensor/ACS3_cmd_SUBCAM.cpp:130:9:AppInfo ACS3_SUBCAM_move_data()	8	static
../src/src_user/Applications/UserDefined/Sensor/ACS3_cmd_SUBCAM.cpp:192:12:CCP_CmdRet Cmd_ACS3_SUBCAM(const CommonCmdPacket*)	8	static
../src/src_user/Applications/UserDefined/Sensor/ACS3_cmd_SUBCAM.cpp:236:12:CCP_CmdRet Cmd_ACS3_SUBCAM_initialize(const CommonCmdPacket*)	8	static
../src/src_user/Applications/UserDefined/Sensor/ACS3_cmd_SUBCAM.cpp:273:12:CCP_CmdRet Cmd_ACS3_SUBCAM_take_pic(const CommonCmdPacket*)	32	static
../src/src_user/Applications/UserDefined/Sensor/ACS3_cmd_SUBCAM.cpp:298:12:CCP_CmdRet Cmd_ACS3_SUBCAM_read_reg(const CommonCmdPacket*)	8	static
../src/src_user/Applications/UserDefined/Sensor/ACS3_cmd_SUBCAM.cpp:325:12:CCP_CmdRet Cmd_CAMaddr_Renew(const CommonCmdPacket*)	1584	dynamic,bounded
../src/src_user/Applications/UserDefined/Sensor/ACS3_cmd_SUBCAM.cpp:434:12:CCP_CmdRet SDcontents_init(const CommonCmdPacket*)	16	static
../src/src_user/Applications/UserDefined/Sensor/ACS3_cmd_SUBCAM.cpp:480:12:CCP_CmdRet Cmd_ACS3_SUBCAM_re_initialize(const CommonCmdPacket*)	8	static
../src/src_user/Applications/UserDefined/Sensor/ACS3_cmd_SUBCAM.cpp:592:12:CCP_CmdRet Cmd_ACS3_SUBCAM_default_setting(const CommonCmdPacket*)	8	static
../src/src_user/Applications/UserDefined/Sensor/ACS3_cmd_SUBCAM.cpp:598:12:CCP_CmdRet Cmd_ACS3_SUBCAM_SD_to_SRAM(const CommonCmdPacket*)	8	static
