../src/src_user/Applications/UserDefined/Sensor/ACS3_cmd_Gyro.cpp:275:1:void __static_initialization_and_destruction_0(int, int)	0	static
../src/src_user/Applications/UserDefined/Sensor/ACS3_cmd_Gyro.cpp:76:13:void ACS3_debug_gyro_exe()	8	static
../src/src_user/Applications/UserDefined/Sensor/ACS3_cmd_Gyro.cpp:64:13:void ACS3_debug_gyro_init()	8	static
../src/src_user/Applications/UserDefined/Sensor/ACS3_cmd_Gyro.cpp:106:13:void ACS3_GYRO_initialize_param()	8	static
../src/src_user/Applications/UserDefined/Sensor/ACS3_cmd_Gyro.cpp:85:13:void ACS3_GYRO_load_param()	8	static
../src/src_user/Applications/UserDefined/Sensor/ACS3_cmd_Gyro.cpp:47:9:AppInfo ACS3_debug_gyro_update()	8	static
../src/src_user/Applications/UserDefined/Sensor/ACS3_cmd_Gyro.cpp:52:9:AppInfo ACS3_GYRO_param_update()	8	static
../src/src_user/Applications/UserDefined/Sensor/ACS3_cmd_Gyro.cpp:132:12:CCP_CmdRet Cmd_ACS3_debug_gyro_read(const CommonCmdPacket*)	40	static
../src/src_user/Applications/UserDefined/Sensor/ACS3_cmd_Gyro.cpp:238:12:CCP_CmdRet Cmd_ACS3_Change_GYRO_Range(const CommonCmdPacket*)	24	static
../src/src_user/Applications/UserDefined/Sensor/ACS3_cmd_Gyro.cpp:275:1:cpp)	8	static
