../src/src_core/System/EventManager/event_handler.c:600:26:EH_check_single_rule_	0	static
../src/src_core/System/EventManager/event_handler.c:807:12:EH_compare_sorted_index_for_bsearch_	0	static
../src/src_core/System/EventManager/event_handler.c:907:12:EH_compare_sorted_index_by_event_group_for_bsearch_	0	static
../src/src_core/System/EventManager/event_handler.c:1189:26:EH_check_rule_id_	0	static
../src/src_core/System/EventManager/event_handler.c:1280:19:EH_activate_rule	8	static
../src/src_core/System/EventManager/event_handler.c:1290:19:EH_inactivate_rule	8	static
../src/src_core/System/EventManager/event_handler.c:1300:19:EH_activate_rule_for_multi_level	16	static
../src/src_core/System/EventManager/event_handler.c:1322:19:EH_inactivate_rule_for_multi_level	16	static
../src/src_core/System/EventManager/event_handler.c:310:13:EH_clear_rules_	8	static
../src/src_core/System/EventManager/event_handler.c:331:13:EH_clear_log_	8	static
../src/src_core/System/EventManager/event_handler.c:702:24:EH_get_oldest_event_excluding_eh_error_level_	48	static
../src/src_core/System/EventManager/event_handler.c:423:24:EH_get_event_to_check_rule_	8	static
../src/src_core/System/EventManager/event_handler.c:753:33:EH_search_rule_table_index_	48	static
../src/src_core/System/EventManager/event_handler.c:847:33:EH_search_rule_table_index_by_event_group_	48	static
../src/src_core/System/EventManager/event_handler.c:1201:13:EH_exec_func_by_event_group_	24	static
../src/src_core/System/EventManager/event_handler.c:680:13:EH_record_responded_log_	24	static
../src/src_core/System/EventManager/event_handler.c:648:13:EH_respond_	24	static
../src/src_core/System/EventManager/event_handler.c:927:33:EH_insert_rule_table_	40	static
../src/src_core/System/EventManager/event_handler.c:1028:33:EH_delete_rule_table_	24	static
../src/src_core/System/EventManager/event_handler.c:1101:17:EH_register_rule	72	static
../src/src_core/System/EventManager/event_handler.c:1268:6:EH_init_rule_by_event_group	8	static
../src/src_core/System/EventManager/event_handler.c:1274:6:EH_init_rule_by_event_group_for_multi_level	8	static
../src/src_core/System/EventManager/event_handler.c:1344:6:EH_activate_rule_by_event_group	8	static
../src/src_core/System/EventManager/event_handler.c:1350:6:EH_inactivate_rule_by_event_group	8	static
../src/src_core/System/EventManager/event_handler.c:1356:6:EH_activate_rule_by_event_group_for_multi_level	8	static
../src/src_core/System/EventManager/event_handler.c:1362:6:EH_inactivate_rule_by_event_group_for_multi_level	8	static
../src/src_core/System/EventManager/event_handler.c:1368:9:EH_get_rule_is_active	8	static
../src/src_core/System/EventManager/event_handler.c:1376:19:EH_set_rule_counter	16	static
../src/src_core/System/EventManager/event_handler.c:1386:19:EH_clear_rule_counter	8	static
../src/src_core/System/EventManager/event_handler.c:608:26:EH_check_continuous_rule_	24	static
../src/src_core/System/EventManager/event_handler.c:632:26:EH_check_cumulative_rule_	8	static
../src/src_core/System/EventManager/event_handler.c:565:26:EH_check_rule_	8	static
../src/src_core/System/EventManager/event_handler.c:474:16:EH_check_rule_and_respond_	16	static
../src/src_core/System/EventManager/event_handler.c:435:16:EH_check_event_and_respond_	40	static
../src/src_core/System/EventManager/event_handler.c:519:16:EH_check_higher_level_rule_and_respond_	16	static
../src/src_core/System/EventManager/event_handler.c:1234:19:EH_init_rule	16	static
../src/src_core/System/EventManager/event_handler.c:1245:19:EH_init_rule_for_multi_level	24	static
../src/src_core/System/EventManager/event_handler.c:1392:6:EH_clear_rule_counter_by_event	40	static
../src/src_core/System/EventManager/event_handler.c:1435:6:EH_match_event_counter_to_el	4	static
../src/src_core/System/EventManager/event_handler.c:293:6:EH_initialize	8	static
../src/src_core/System/EventManager/event_handler.c:368:15:EH_check_el_event_counter_	32	static
../src/src_core/System/EventManager/event_handler.c:343:6:EH_execute	16	static
../src/src_core/System/EventManager/event_handler.c:1446:15:EH_get_the_nth_log_from_the_latest	0	static
../src/src_core/System/EventManager/event_handler.c:1464:12:Cmd_EH_INIT	8	static
../src/src_core/System/EventManager/event_handler.c:1472:12:Cmd_EH_CLEAR_ALL_RULE	8	static
../src/src_core/System/EventManager/event_handler.c:1480:12:Cmd_EH_LOAD_DEFAULT_RULE	8	static
../src/src_core/System/EventManager/event_handler.c:1488:12:Cmd_EH_SET_REGISTER_RULE_EVENT_PARAM	16	static
../src/src_core/System/EventManager/event_handler.c:1503:12:Cmd_EH_SET_REGISTER_RULE_CONDITION_PARAM	16	static
../src/src_core/System/EventManager/event_handler.c:1516:12:Cmd_EH_REGISTER_RULE	16	static
../src/src_core/System/EventManager/event_handler.c:1547:12:Cmd_EH_DELETE_RULE	8	static
../src/src_core/System/EventManager/event_handler.c:1566:12:Cmd_EH_INIT_RULE	8	static
../src/src_core/System/EventManager/event_handler.c:1585:12:Cmd_EH_INIT_RULE_FOR_MULTI_LEVEL	8	static
../src/src_core/System/EventManager/event_handler.c:1604:12:Cmd_EH_ACTIVATE_RULE	8	static
../src/src_core/System/EventManager/event_handler.c:1623:12:Cmd_EH_INACTIVATE_RULE	8	static
../src/src_core/System/EventManager/event_handler.c:1642:12:Cmd_EH_ACTIVATE_RULE_FOR_MULTI_LEVEL	8	static
../src/src_core/System/EventManager/event_handler.c:1661:12:Cmd_EH_INACTIVATE_RULE_FOR_MULTI_LEVEL	8	static
../src/src_core/System/EventManager/event_handler.c:1680:12:Cmd_EH_SET_RULE_COUNTER	16	static
../src/src_core/System/EventManager/event_handler.c:1700:12:Cmd_EH_CLEAR_RULE_COUNTER	8	static
../src/src_core/System/EventManager/event_handler.c:1719:12:Cmd_EH_CLEAR_RULE_COUNTER_BY_EVENT	24	static
../src/src_core/System/EventManager/event_handler.c:1730:12:Cmd_EH_CLEAR_LOG	8	static
../src/src_core/System/EventManager/event_handler.c:1738:12:Cmd_EH_SET_MAX_RESPONSE_NUM	8	static
../src/src_core/System/EventManager/event_handler.c:1745:12:Cmd_EH_SET_MAX_CHECK_EVENT_NUM	8	static
../src/src_core/System/EventManager/event_handler.c:1752:12:Cmd_EH_SET_MAX_MULTI_LEVEL_NUM	8	static
../src/src_core/System/EventManager/event_handler.c:1759:12:Cmd_EH_SET_PAGE_OF_RULE_TABLE_FOR_TLM	8	static
../src/src_core/System/EventManager/event_handler.c:1768:12:Cmd_EH_SET_PAGE_OF_RULE_SORTED_IDX_FOR_TLM	8	static
../src/src_core/System/EventManager/event_handler.c:1777:12:Cmd_EH_SET_PAGE_OF_LOG_TABLE_FOR_TLM	8	static
../src/src_core/System/EventManager/event_handler.c:1786:12:Cmd_EH_SET_TARGET_ID_OF_RULE_TABLE_FOR_TLM	16	static
../src/src_core/System/EventManager/event_handler.c:1800:12:Cmd_EH_MATCH_EVENT_COUNTER_TO_EL	8	static
../src/src_core/System/EventManager/event_handler.c:1808:12:Cmd_EH_INIT_RULE_BY_EVENT_GROUP	8	static
../src/src_core/System/EventManager/event_handler.c:1816:12:Cmd_EH_INIT_RULE_BY_EVENT_GROUP_FOR_MULTI_LEVEL	8	static
../src/src_core/System/EventManager/event_handler.c:1824:12:Cmd_EH_ACTIVATE_RULE_BY_EVENT_GROUP	8	static
../src/src_core/System/EventManager/event_handler.c:1832:12:Cmd_EH_INACTIVATE_RULE_BY_EVENT_GROUP	8	static
../src/src_core/System/EventManager/event_handler.c:1840:12:Cmd_EH_ACTIVATE_RULE_BY_EVENT_GROUP_FOR_MULTI_LEVEL	8	static
../src/src_core/System/EventManager/event_handler.c:1848:12:Cmd_EH_INACTIVATE_RULE_BY_EVENT_GROUP_FOR_MULTI_LEVEL	8	static
