../src/src_user/Applications/Middleware/MemoryMW.c:48:16:get_ah_flag	0	static
../src/src_user/Applications/Middleware/MemoryMW.c:56:13:set_ah_flag	0	static
../src/src_user/Applications/Middleware/MemoryMW.c:66:9:get_mode_flag	0	static
../src/src_user/Applications/Middleware/MemoryMW.c:76:6:ParamMemory_Init	8	static
../src/src_user/Applications/Middleware/MemoryMW.c:91:18:Redundancy	32	static
../src/src_user/Applications/Middleware/MemoryMW.c:199:9:MRAM_write_param	48	static
../src/src_user/Applications/Middleware/MemoryMW.c:380:9:EEPROM_write_param	48	static
../src/src_user/Applications/Middleware/MemoryMW.c:128:9:write_param	24	static
../src/src_user/Applications/Middleware/MemoryMW.c:530:12:Cmd_MEM_mram_eeprom_mode_change	8	static
../src/src_user/Applications/Middleware/MemoryMW.c:544:9:SD_write_param	40	static
../src/src_user/Applications/Middleware/MemoryMW.c:653:9:SD_write_program	40	static
../src/src_user/Applications/Middleware/MemoryMW.c:765:9:SPIPROM_write_param	24	static
../src/src_user/Applications/Middleware/MemoryMW.c:862:6:generate_memory_repro_tlm	16	static
../src/src_user/Applications/Middleware/MemoryMW.c:268:9:MRAM_read_param	448	static
../src/src_user/Applications/Middleware/MemoryMW.c:438:9:EEPROM_read_param	448	static
../src/src_user/Applications/Middleware/MemoryMW.c:154:9:read_param	40	static
../src/src_user/Applications/Middleware/MemoryMW.c:585:9:SD_read_param	56	dynamic
../src/src_user/Applications/Middleware/MemoryMW.c:696:9:SD_read_program	56	dynamic
../src/src_user/Applications/Middleware/MemoryMW.c:800:9:SPIPROM_read_param	56	dynamic
