../src/src_core/System/TaskManager/task_dispatcher.c:73:13:TDSP_deploy_block_as_task_list_	8	static
../src/src_core/System/TaskManager/task_dispatcher.c:48:6:TDSP_initialize	88	static
../src/src_core/System/TaskManager/task_dispatcher.c:62:10:TDSP_set_task_list_id	8	static
../src/src_core/System/TaskManager/task_dispatcher.c:93:6:TDSP_execute_pl_as_task_list	8	static
../src/src_core/System/TaskManager/task_dispatcher.c:184:6:TDSP_resync_internal_counter	8	static
../src/src_core/System/TaskManager/task_dispatcher.c:190:12:Cmd_TDSP_SET_TASK_LIST	8	static
