../src/src_core/TlmCmd/Ccsds/cmd_space_packet.c:28:8:CSP_get_ver	8	static
../src/src_core/TlmCmd/Ccsds/cmd_space_packet.c:34:6:CSP_set_ver	8	static
../src/src_core/TlmCmd/Ccsds/cmd_space_packet.c:40:9:CSP_get_type	8	static
../src/src_core/TlmCmd/Ccsds/cmd_space_packet.c:46:6:CSP_set_type	8	static
../src/src_core/TlmCmd/Ccsds/cmd_space_packet.c:52:17:CSP_get_2nd_hdr_flag	8	static
../src/src_core/TlmCmd/Ccsds/cmd_space_packet.c:58:6:CSP_set_2nd_hdr_flag	8	static
../src/src_core/TlmCmd/Ccsds/cmd_space_packet.c:64:6:CSP_get_apid	8	static
../src/src_core/TlmCmd/Ccsds/cmd_space_packet.c:70:6:CSP_set_apid	8	static
../src/src_core/TlmCmd/Ccsds/cmd_space_packet.c:76:13:CSP_get_seq_flag	8	static
../src/src_core/TlmCmd/Ccsds/cmd_space_packet.c:82:6:CSP_set_seq_flag	8	static
../src/src_core/TlmCmd/Ccsds/cmd_space_packet.c:88:10:CSP_get_seq_count	8	static
../src/src_core/TlmCmd/Ccsds/cmd_space_packet.c:94:6:CSP_set_seq_count	8	static
../src/src_core/TlmCmd/Ccsds/cmd_space_packet.c:100:10:CSP_get_packet_data_len	8	static
../src/src_core/TlmCmd/Ccsds/cmd_space_packet.c:106:6:CSP_set_packet_data_len	8	static
../src/src_core/TlmCmd/Ccsds/cmd_space_packet.c:116:17:CSP_get_2nd_hdr_ver	16	static
../src/src_core/TlmCmd/Ccsds/cmd_space_packet.c:134:6:CSP_set_2nd_hdr_ver	16	static
../src/src_core/TlmCmd/Ccsds/cmd_space_packet.c:141:14:CSP_get_cmd_type	0	static
../src/src_core/TlmCmd/Ccsds/cmd_space_packet.c:149:6:CSP_set_cmd_type	16	static
../src/src_core/TlmCmd/Ccsds/cmd_space_packet.c:156:10:CSP_get_cmd_id	16	static
../src/src_core/TlmCmd/Ccsds/cmd_space_packet.c:165:6:CSP_set_cmd_id	16	static
../src/src_core/TlmCmd/Ccsds/cmd_space_packet.c:172:15:CSP_get_dest_type	16	static
../src/src_core/TlmCmd/Ccsds/cmd_space_packet.c:180:6:CSP_set_dest_type	16	static
../src/src_core/TlmCmd/Ccsds/cmd_space_packet.c:187:15:CSP_get_exec_type	16	static
../src/src_core/TlmCmd/Ccsds/cmd_space_packet.c:215:6:CSP_set_exec_type	16	static
../src/src_core/TlmCmd/Ccsds/cmd_space_packet.c:222:10:CSP_get_ti	16	static
../src/src_core/TlmCmd/Ccsds/cmd_space_packet.c:231:6:CSP_set_ti	16	static
../src/src_core/TlmCmd/Ccsds/cmd_space_packet.c:241:10:CSP_get_packet_len	8	static
../src/src_core/TlmCmd/Ccsds/cmd_space_packet.c:247:6:CSP_set_packet_len	8	static
../src/src_core/TlmCmd/Ccsds/cmd_space_packet.c:253:6:CSP_copy_packet	8	static
../src/src_core/TlmCmd/Ccsds/cmd_space_packet.c:259:16:CSP_get_param_head	0	static
../src/src_core/TlmCmd/Ccsds/cmd_space_packet.c:265:10:CSP_get_param_len	8	static
../src/src_core/TlmCmd/Ccsds/cmd_space_packet.c:271:6:CSP_set_param	16	static
../src/src_core/TlmCmd/Ccsds/cmd_space_packet.c:284:6:CSP_set_common_hdr	8	static
