../src/src_core/TlmCmd/Ccsds/tlm_space_packet.c:29:8:TSP_get_ver	8	static
../src/src_core/TlmCmd/Ccsds/tlm_space_packet.c:35:6:TSP_set_ver	8	static
../src/src_core/TlmCmd/Ccsds/tlm_space_packet.c:41:9:TSP_get_type	8	static
../src/src_core/TlmCmd/Ccsds/tlm_space_packet.c:47:6:TSP_set_type	8	static
../src/src_core/TlmCmd/Ccsds/tlm_space_packet.c:53:17:TSP_get_2nd_hdr_flag	8	static
../src/src_core/TlmCmd/Ccsds/tlm_space_packet.c:59:6:TSP_set_2nd_hdr_flag	8	static
../src/src_core/TlmCmd/Ccsds/tlm_space_packet.c:65:6:TSP_get_apid	8	static
../src/src_core/TlmCmd/Ccsds/tlm_space_packet.c:71:6:TSP_set_apid	8	static
../src/src_core/TlmCmd/Ccsds/tlm_space_packet.c:77:13:TSP_get_seq_flag	8	static
../src/src_core/TlmCmd/Ccsds/tlm_space_packet.c:83:6:TSP_set_seq_flag	8	static
../src/src_core/TlmCmd/Ccsds/tlm_space_packet.c:89:10:TSP_get_seq_count	8	static
../src/src_core/TlmCmd/Ccsds/tlm_space_packet.c:95:6:TSP_set_seq_count	8	static
../src/src_core/TlmCmd/Ccsds/tlm_space_packet.c:101:10:TSP_get_packet_data_len	8	static
../src/src_core/TlmCmd/Ccsds/tlm_space_packet.c:107:6:TSP_set_packet_data_len	8	static
../src/src_core/TlmCmd/Ccsds/tlm_space_packet.c:117:17:TSP_get_2nd_hdr_ver	16	static
../src/src_core/TlmCmd/Ccsds/tlm_space_packet.c:135:6:TSP_set_2nd_hdr_ver	16	static
../src/src_core/TlmCmd/Ccsds/tlm_space_packet.c:142:10:TSP_get_board_time	16	static
../src/src_core/TlmCmd/Ccsds/tlm_space_packet.c:151:6:TSP_set_board_time	16	static
../src/src_core/TlmCmd/Ccsds/tlm_space_packet.c:157:8:TSP_get_global_time	16	static
../src/src_core/TlmCmd/Ccsds/tlm_space_packet.c:166:6:TSP_set_global_time	16	static
../src/src_core/TlmCmd/Ccsds/tlm_space_packet.c:172:10:TSP_get_on_board_subnet_time	16	static
../src/src_core/TlmCmd/Ccsds/tlm_space_packet.c:181:6:TSP_set_on_board_subnet_time	16	static
../src/src_core/TlmCmd/Ccsds/tlm_space_packet.c:187:10:TSP_get_tlm_id	16	static
../src/src_core/TlmCmd/Ccsds/tlm_space_packet.c:196:6:TSP_set_tlm_id	16	static
../src/src_core/TlmCmd/Ccsds/tlm_space_packet.c:203:18:TSP_get_dest_flags	16	static
../src/src_core/TlmCmd/Ccsds/tlm_space_packet.c:212:6:TSP_set_dest_flags	16	static
../src/src_core/TlmCmd/Ccsds/tlm_space_packet.c:218:9:TSP_get_dest_info	16	static
../src/src_core/TlmCmd/Ccsds/tlm_space_packet.c:227:6:TSP_set_dest_info	16	static
../src/src_core/TlmCmd/Ccsds/tlm_space_packet.c:237:10:TSP_get_packet_len	8	static
../src/src_core/TlmCmd/Ccsds/tlm_space_packet.c:243:6:TSP_set_packet_len	8	static
../src/src_core/TlmCmd/Ccsds/tlm_space_packet.c:249:6:TSP_copy_packet	8	static
../src/src_core/TlmCmd/Ccsds/tlm_space_packet.c:255:10:TSP_get_user_data_head	0	static
../src/src_core/TlmCmd/Ccsds/tlm_space_packet.c:272:6:TSP_set_common_hdr	8	static
../src/src_core/TlmCmd/Ccsds/tlm_space_packet.c:263:6:TSP_setup_primary_hdr	24	static
../src/src_core/TlmCmd/Ccsds/tlm_space_packet.c:285:6:TSP_setup_fill_packet	16	static
