../src/src_user/Applications/UserDefined/Com/COM_cmd_Large_packet.c:46:13:large_packet_param_init	8	static
../src/src_user/Applications/UserDefined/Com/COM_cmd_Large_packet.c:37:13:large_packet_param_load	8	static
../src/src_user/Applications/UserDefined/Com/COM_cmd_Large_packet.c:33:9:COM_large_packet_param	8	static
../src/src_user/Applications/UserDefined/Com/COM_cmd_Large_packet.c:63:12:Cmd_change_large_packet_common_header	24	dynamic
../src/src_user/Applications/UserDefined/Com/COM_cmd_Large_packet.c:84:12:Cmd_change_large_packet_tlm_header	24	dynamic
../src/src_user/Applications/UserDefined/Com/COM_cmd_Large_packet.c:104:12:Cmd_change_large_packet_cmd_header	24	dynamic
../src/src_user/Applications/UserDefined/Com/COM_cmd_Large_packet.c:122:12:Cmd_large_packet_enable	24	dynamic
../src/src_user/Applications/UserDefined/Com/COM_cmd_Large_packet.c:140:12:Cmd_large_packet_SRAM_analyze	24	static
