../src/src_user/TlmCmd/common_tlm_cmd_packet.c:23:18:CTCP_get_packet_type	8	static
../src/src_user/TlmCmd/common_tlm_cmd_packet.c:38:10:CTCP_get_packet_len	8	static
../src/src_user/TlmCmd/common_tlm_cmd_packet.c:15:5:CTCP_is_valid_packet	8	static
../src/src_user/TlmCmd/common_tlm_cmd_packet.c:43:6:CTCP_get_apid	8	static
../src/src_user/TlmCmd/common_tlm_cmd_packet.c:48:6:CTCP_set_apid	8	static
../src/src_user/TlmCmd/common_tlm_cmd_packet.c:53:6:CTCP_copy_packet	8	static
../src/src_user/TlmCmd/common_tlm_cmd_packet.c:59:24:CTCP_convert_to_ctp	8	static
../src/src_user/TlmCmd/common_tlm_cmd_packet.c:65:27:CTCP_convert_from_ctp	0	static
../src/src_user/TlmCmd/common_tlm_cmd_packet.c:70:24:CTCP_convert_to_ccp	8	static
../src/src_user/TlmCmd/common_tlm_cmd_packet.c:76:27:CTCP_convert_from_ccp	0	static
