../src/src_user/TlmCmd/telemetry_definitions.c:1035:24:Tlm_OKF_	0	static
../src/src_user/TlmCmd/telemetry_definitions.c:1598:24:Tlm_MOBC_	0	static
../src/src_user/TlmCmd/telemetry_definitions.c:4424:24:Tlm_FLASH_BAD_BLOCK_	0	static
../src/src_user/TlmCmd/telemetry_definitions.c:4432:24:Tlm_FLASH_ADR_TABLE_	0	static
../src/src_user/TlmCmd/telemetry_definitions.c:4439:24:Tlm_TL_	0	static
../src/src_user/TlmCmd/telemetry_definitions.c:4447:24:Tlm_BL_	0	static
../src/src_user/TlmCmd/telemetry_definitions.c:4455:24:Tlm_CA_	0	static
../src/src_user/TlmCmd/telemetry_definitions.c:4463:24:Tlm_TF_	0	static
../src/src_user/TlmCmd/telemetry_definitions.c:4471:24:Tlm_MM_	0	static
../src/src_user/TlmCmd/telemetry_definitions.c:4479:24:Tlm_AM_	0	static
../src/src_user/TlmCmd/telemetry_definitions.c:4487:24:Tlm_APP_TIME_	0	static
../src/src_user/TlmCmd/telemetry_definitions.c:4495:24:Tlm_AL_	0	static
../src/src_user/TlmCmd/telemetry_definitions.c:4503:24:Tlm_AH_	0	static
../src/src_user/TlmCmd/telemetry_definitions.c:4511:24:Tlm_AH_RES_	0	static
../src/src_user/TlmCmd/telemetry_definitions.c:657:24:Tlm_THERMAL_	16	static
../src/src_user/TlmCmd/telemetry_definitions.c:603:24:Tlm_PWR_MOBC_	16	static
../src/src_user/TlmCmd/telemetry_definitions.c:1581:24:Tlm_PROM_	32	static
../src/src_user/TlmCmd/telemetry_definitions.c:1104:24:Tlm_SPIN_	16	static
../src/src_user/TlmCmd/telemetry_definitions.c:878:24:Tlm_AKF2_	16	static
../src/src_user/TlmCmd/telemetry_definitions.c:1163:24:Tlm_AOCS240_	8	static
../src/src_user/TlmCmd/telemetry_definitions.c:1152:24:Tlm_AOCS160_	8	static
../src/src_user/TlmCmd/telemetry_definitions.c:1141:24:Tlm_AOCS80_	8	static
../src/src_user/TlmCmd/telemetry_definitions.c:1191:24:Tlm_INTERSAT_	24	static
../src/src_user/TlmCmd/telemetry_definitions.c:1809:24:Tlm_TXPIC_SI_	16	static
../src/src_user/TlmCmd/telemetry_definitions.c:1607:24:Tlm_RXPIC_SI_	16	static
../src/src_user/TlmCmd/telemetry_definitions.c:1044:24:Tlm_OCS_	24	static
../src/src_user/TlmCmd/telemetry_definitions.c:993:24:Tlm_ODS_	24	static
../src/src_user/TlmCmd/telemetry_definitions.c:936:24:Tlm_ACS_	24	static
../src/src_user/TlmCmd/telemetry_definitions.c:781:24:Tlm_ADS_	24	static
../src/src_user/TlmCmd/telemetry_definitions.c:695:24:Tlm_SENSOR_	16	static
../src/src_user/TlmCmd/telemetry_definitions.c:2076:24:Tlm_MEM_PATROL_REPRO_	16	static
../src/src_user/TlmCmd/telemetry_definitions.c:1346:24:Tlm_MESSAGE_RELAY_LENGTH_	16	static
../src/src_user/TlmCmd/telemetry_definitions.c:1253:24:Tlm_COM_DEBUG_	16	static
../src/src_user/TlmCmd/telemetry_definitions.c:2047:24:Tlm_MEM_	16	static
../src/src_user/TlmCmd/telemetry_definitions.c:4182:24:Tlm_TLM_MEMDUMP_SPIPROM3_	16	static
../src/src_user/TlmCmd/telemetry_definitions.c:3940:24:Tlm_TLM_MEMDUMP_SD3_	16	static
../src/src_user/TlmCmd/telemetry_definitions.c:3698:24:Tlm_TLM_MEMDUMP_MRAM3_	16	static
../src/src_user/TlmCmd/telemetry_definitions.c:3456:24:Tlm_TLM_MEMDUMP_EEPROM3_	16	static
../src/src_user/TlmCmd/telemetry_definitions.c:3213:24:Tlm_TLM_MEMDUMP_SPIPROM_	16	static
../src/src_user/TlmCmd/telemetry_definitions.c:3071:24:Tlm_TLM_MEMDUMP_SD_	16	static
../src/src_user/TlmCmd/telemetry_definitions.c:2828:24:Tlm_TLM_MEMDUMP_MRAM_	16	static
../src/src_user/TlmCmd/telemetry_definitions.c:2585:24:Tlm_TLM_MEMDUMP_EEPROM_	16	static
../src/src_user/TlmCmd/telemetry_definitions.c:2342:24:Tlm_TLM_MEMDUMP_FLASH_	16	static
../src/src_user/TlmCmd/telemetry_definitions.c:2099:24:Tlm_TLM_MEMDUMP_RAM_	16	static
../src/src_user/TlmCmd/telemetry_definitions.c:1558:24:Tlm_SD_	32	static
../src/src_user/TlmCmd/telemetry_definitions.c:1966:24:Tlm_TXPIC_AH2_	16	static
../src/src_user/TlmCmd/telemetry_definitions.c:1887:24:Tlm_TXPIC_AH1_	16	static
../src/src_user/TlmCmd/telemetry_definitions.c:1728:24:Tlm_RXPIC_AH2_	16	static
../src/src_user/TlmCmd/telemetry_definitions.c:1649:24:Tlm_RXPIC_AH1_	16	static
../src/src_user/TlmCmd/telemetry_definitions.c:1174:24:Tlm_TI_	16	static
../src/src_user/TlmCmd/telemetry_definitions.c:827:24:Tlm_AKF1_	16	static
../src/src_user/TlmCmd/telemetry_definitions.c:489:24:Tlm_TLM_SHK_	48	static
../src/src_user/TlmCmd/telemetry_definitions.c:157:24:Tlm_HK_	56	static
../src/src_user/TlmCmd/telemetry_definitions.c:94:6:TF_load_tlm_table	0	static
