../src/src_user/Drivers/Aocs/AD_EKF.cpp:89:6:void AD_EKF_CLASS::Calc_A(const float*)	240	static
../src/src_user/Drivers/Aocs/AD_EKF.cpp:159:6:void AD_EKF_CLASS::Calc_B()	8	static
../src/src_user/Drivers/Aocs/AD_EKF.cpp:180:6:void AD_EKF_CLASS::Calc_F()	0	static
../src/src_user/Drivers/Aocs/AD_EKF.cpp:225:6:void AD_EKF_CLASS::Calc_Gw()	0	static
../src/src_user/Drivers/Aocs/AD_EKF.cpp:284:6:void AD_EKF_CLASS::Predict(float*, float (*)[6], float*, float (*)[6])	928	static
../src/src_user/Drivers/Aocs/AD_EKF.cpp:363:6:void AD_EKF_CLASS::Calc_y(float*, float*)	128	static
../src/src_user/Drivers/Aocs/AD_EKF.cpp:408:6:void AD_EKF_CLASS::Calc_H()	8	static
../src/src_user/Drivers/Aocs/AD_EKF.cpp:431:6:void AD_EKF_CLASS::Observe(float*, float*, float (*)[6], float*, float (*)[6])	1640	static
../src/src_user/Drivers/Aocs/AD_EKF.cpp:565:6:void AD_EKF_CLASS::cal(const float*, const float*)	152	static
../src/src_user/Drivers/Aocs/AD_EKF.cpp:609:6:void AD_EKF_CLASS::reset(const float*, const float*)	184	static
