../src/src_user/Drivers/Sensor/GPS.cpp:53:6:void gps_queue_reset(GPS_Queue_LIST*)	0	static
../src/src_user/Drivers/Sensor/GPS.cpp:58:6:void gps_queue_count_reset(GPS_Queue*)	0	static
../src/src_user/Drivers/Sensor/GPS.cpp:63:6:void gps_queue_init(GPS_Queue*, size_t, GPS_Buffer*)	16	static
../src/src_user/Drivers/Sensor/GPS.cpp:41:9:GPS_ACK GPS_UART_init(GPS_STRUCT*)	16	static
../src/src_user/Drivers/Sensor/GPS.cpp:71:15:GPS_QUEUE_ACK isEmpty_GPS(GPS_Queue_LIST*)	0	static
../src/src_user/Drivers/Sensor/GPS.cpp:76:15:GPS_QUEUE_ACK isFull_GPS(GPS_Queue_LIST*)	0	static
../src/src_user/Drivers/Sensor/GPS.cpp:81:15:GPS_QUEUE_ACK gps_enqueue(GPS_Queue_LIST*, uint8_t*, size_t)	24	static
../src/src_user/Drivers/Sensor/GPS.cpp:91:15:GPS_QUEUE_ACK gps_dequeue(GPS_Queue_LIST*, uint8_t*, uint8_t*)	24	static
../src/src_user/Drivers/Sensor/GPS.cpp:101:6:void GPS_Callback_(GPS_Queue*)	48	static
../src/src_user/Drivers/Sensor/GPS.cpp:236:6:void GPS_ZDA_analyze(GPS_STRUCT*)	8	static
../src/src_user/Drivers/Sensor/GPS.cpp:294:6:void GPS_GSA_analyze(GPS_STRUCT*)	0	static
../src/src_user/Drivers/Sensor/GPS.cpp:357:9:uint8_t ascii_to_dec(uint8_t)	0	static
../src/src_user/Drivers/Sensor/GPS.cpp:340:9:uint8_t Checksum_analyze(GPS_STRUCT*)	24	static
../src/src_user/Drivers/Sensor/GPS.cpp:134:12:GPS_HEADER GPS_check_header(GPS_STRUCT*)	8	static
../src/src_user/Drivers/Sensor/GPS.cpp:369:6:void UTC_analyze(GPS_STRUCT*, uint8_t)	8	static
../src/src_user/Drivers/Sensor/GPS.cpp:380:6:void Latitude_analyze(GPS_STRUCT*, uint8_t)	16	static
../src/src_user/Drivers/Sensor/GPS.cpp:397:6:void NS_analyze(GPS_STRUCT*, uint8_t)	0	static
../src/src_user/Drivers/Sensor/GPS.cpp:403:6:void Longitude_analyze(GPS_STRUCT*, uint8_t)	16	static
../src/src_user/Drivers/Sensor/GPS.cpp:421:6:void WE_analyze(GPS_STRUCT*, uint8_t)	0	static
../src/src_user/Drivers/Sensor/GPS.cpp:150:6:void GPS_GGA_analyze(GPS_STRUCT*)	40	static
../src/src_user/Drivers/Sensor/GPS.cpp:427:6:void Speed_analyze(GPS_STRUCT*, uint8_t)	8	static
../src/src_user/Drivers/Sensor/GPS.cpp:434:6:void Valid_analyze(GPS_STRUCT*, uint8_t)	0	static
../src/src_user/Drivers/Sensor/GPS.cpp:274:6:void GPS_GLL_analyze(GPS_STRUCT*)	16	static
../src/src_user/Drivers/Sensor/GPS.cpp:303:6:void GPS_RMC_analyze(GPS_STRUCT*)	24	static
../src/src_user/Drivers/Sensor/GPS.cpp:445:6:void kNot_analyze(GPS_STRUCT*, uint8_t)	8	static
../src/src_user/Drivers/Sensor/GPS.cpp:456:6:void Course_analyze(GPS_STRUCT*, uint8_t)	8	static
../src/src_user/Drivers/Sensor/GPS.cpp:205:6:void GPS_VTG_analyze(GPS_STRUCT*)	24	static
