../src/src_core/Drivers/Super/driver_super.c:568:12:DS_tx_	8	static
../src/src_core/Drivers/Super/driver_super.c:589:12:DS_rx_	8	static
../src/src_core/Drivers/Super/driver_super.c:1133:17:DS_analyze_rx_buffer_get_framelength_	12	static
../src/src_core/Drivers/Super/driver_super.c:1234:20:DS_validate_stream_config_	12	static
../src/src_core/Drivers/Super/driver_super.c:539:20:DS_send_cmd_	16	static
../src/src_core/Drivers/Super/driver_super.c:1303:20:DS_load_init_setting_dummy_	0	static
../src/src_core/Drivers/Super/driver_super.c:1309:20:DS_data_analyzer_dummy_	0	static
../src/src_core/Drivers/Super/driver_super.c:1177:20:DS_reset_stream_config_	32	static
../src/src_core/Drivers/Super/driver_super.c:319:13:DS_validate_config	16	static
../src/src_core/Drivers/Super/driver_super.c:486:13:DS_analyze_rec_data	16	static
../src/src_core/Drivers/Super/driver_super.c:496:13:DS_send_general_cmd	40	static
../src/src_core/Drivers/Super/driver_super.c:517:13:DS_send_req_tlm_cmd	40	static
../src/src_core/Drivers/Super/driver_super.c:1318:10:DSC_get_rx_buffer_size_in_if_rx	0	static
../src/src_core/Drivers/Super/driver_super.c:1323:13:DSC_set_rx_buffer_size_in_if_rx	0	static
../src/src_core/Drivers/Super/driver_super.c:1331:9:DSC_get_should_monitor_for_rx_disruption	0	static
../src/src_core/Drivers/Super/driver_super.c:1336:6:DSC_enable_monitor_for_rx_disruption	0	static
../src/src_core/Drivers/Super/driver_super.c:1341:6:DSC_disable_monitor_for_rx_disruption	0	static
../src/src_core/Drivers/Super/driver_super.c:1346:10:DSC_get_time_threshold_for_rx_disruption	0	static
../src/src_core/Drivers/Super/driver_super.c:1351:6:DSC_set_time_threshold_for_rx_disruption	0	static
../src/src_core/Drivers/Super/driver_super.c:1360:21:DSC_get_rec_status	0	static
../src/src_core/Drivers/Super/driver_super.c:1365:10:DSC_get_rx_count	0	static
../src/src_core/Drivers/Super/driver_super.c:1370:10:DSC_get_rx_call_count	0	static
../src/src_core/Drivers/Super/driver_super.c:1375:16:DSC_get_rx_time	0	static
../src/src_core/Drivers/Super/driver_super.c:1380:30:DSC_get_rx_disruption_status	0	static
../src/src_core/Drivers/Super/driver_super.c:1388:9:DSSC_get_is_enabled	0	static
../src/src_core/Drivers/Super/driver_super.c:1393:6:DSSC_enable	0	static
../src/src_core/Drivers/Super/driver_super.c:1400:6:DSSC_disable	0	static
../src/src_core/Drivers/Super/driver_super.c:1405:9:DSSC_get_is_strict_frame_search	0	static
../src/src_core/Drivers/Super/driver_super.c:1410:6:DSSC_enable_strict_frame_search	0	static
../src/src_core/Drivers/Super/driver_super.c:1416:6:DSSC_disable_strict_frame_search	0	static
../src/src_core/Drivers/Super/driver_super.c:1421:16:DSSC_get_tx_frame	0	static
../src/src_core/Drivers/Super/driver_super.c:1426:10:DSSC_get_tx_frame_as_non_const_pointer	0	static
../src/src_core/Drivers/Super/driver_super.c:1431:6:DSSC_set_tx_frame	0	static
../src/src_core/Drivers/Super/driver_super.c:1438:10:DSSC_get_tx_frame_size	0	static
../src/src_core/Drivers/Super/driver_super.c:1443:6:DSSC_set_tx_frame_size	0	static
../src/src_core/Drivers/Super/driver_super.c:1450:9:DSSC_get_tx_frame_buffer_size	0	static
../src/src_core/Drivers/Super/driver_super.c:1455:6:DSSC_set_tx_frame_buffer_size	0	static
../src/src_core/Drivers/Super/driver_super.c:1462:6:DSSC_set_rx_buffer	0	static
../src/src_core/Drivers/Super/driver_super.c:1469:6:DSSC_set_rx_header	0	static
../src/src_core/Drivers/Super/driver_super.c:1478:10:DSSC_get_rx_header_size	0	static
../src/src_core/Drivers/Super/driver_super.c:1483:6:DSSC_set_rx_footer	0	static
../src/src_core/Drivers/Super/driver_super.c:1492:10:DSSC_get_rx_footer_size	0	static
../src/src_core/Drivers/Super/driver_super.c:1497:9:DSSC_get_rx_frame_size	0	static
../src/src_core/Drivers/Super/driver_super.c:1502:6:DSSC_set_rx_frame_size	0	static
../src/src_core/Drivers/Super/driver_super.c:1509:10:DSSC_get_max_rx_frame_size	0	static
../src/src_core/Drivers/Super/driver_super.c:1514:6:DSSC_set_max_rx_frame_size	0	static
../src/src_core/Drivers/Super/driver_super.c:1521:6:DSSC_set_rx_framelength_pos	0	static
../src/src_core/Drivers/Super/driver_super.c:1528:6:DSSC_set_rx_framelength_type_size	0	static
../src/src_core/Drivers/Super/driver_super.c:1535:6:DSSC_set_rx_framelength_offset	0	static
../src/src_core/Drivers/Super/driver_super.c:1542:6:DSSC_set_rx_framelength_endian	0	static
../src/src_core/Drivers/Super/driver_super.c:1549:9:DSSC_get_should_monitor_for_tlm_disruption	0	static
../src/src_core/Drivers/Super/driver_super.c:1554:6:DSSC_enable_monitor_for_tlm_disruption	0	static
../src/src_core/Drivers/Super/driver_super.c:1560:6:DSSC_disable_monitor_for_tlm_disruption	0	static
../src/src_core/Drivers/Super/driver_super.c:1566:10:DSSC_get_time_threshold_for_tlm_disruption	0	static
../src/src_core/Drivers/Super/driver_super.c:1571:6:DSSC_set_time_threshold_for_tlm_disruption	0	static
../src/src_core/Drivers/Super/driver_super.c:1578:6:DSSC_set_data_analyzer	0	static
../src/src_core/Drivers/Super/driver_super.c:1587:28:DSSC_get_send_status	0	static
../src/src_core/Drivers/Super/driver_super.c:1592:27:DSSC_get_rec_status	0	static
../src/src_core/Drivers/Super/driver_super.c:1597:10:DSSC_get_general_cmd_tx_count	0	static
../src/src_core/Drivers/Super/driver_super.c:1602:10:DSSC_get_req_tlm_cmd_tx_count	0	static
../src/src_core/Drivers/Super/driver_super.c:1607:10:DSSC_get_req_tlm_cmd_tx_count_after_last_tx	0	static
../src/src_core/Drivers/Super/driver_super.c:1612:10:DSSC_get_rx_frame_fix_count	0	static
../src/src_core/Drivers/Super/driver_super.c:1617:16:DSSC_get_general_cmd_tx_time	0	static
../src/src_core/Drivers/Super/driver_super.c:1622:16:DSSC_get_req_tlm_cmd_tx_time	0	static
../src/src_core/Drivers/Super/driver_super.c:1627:16:DSSC_get_rx_frame_fix_time	0	static
../src/src_core/Drivers/Super/driver_super.c:1632:38:DSSC_get_tlm_disruption_status	0	static
../src/src_core/Drivers/Super/driver_super.c:1637:13:DSSC_get_ret_from_data_analyzer	0	static
../src/src_core/Drivers/Super/driver_super.c:1658:6:DS_nullify_stream_rec_buffers	0	static
../src/src_core/Drivers/Super/driver_super.c:1670:12:DS_conv_driver_err_to_ccp_cmd_ret	8	static
../src/src_core/Drivers/Super/driver_super.c:1690:12:DS_conv_cmd_err_to_ccp_cmd_ret	8	static
../src/src_core/Drivers/Super/driver_super.c:1712:16:DSSC_get_rx_frame	0	static
../src/src_core/Drivers/Super/driver_super.c:1719:10:DSSC_get_fixed_rx_frame_size	0	static
../src/src_core/Drivers/Super/driver_super.c:1732:6:DS_clear_stream_rec_buffer_	8	static
../src/src_core/Drivers/Super/driver_super.c:337:13:DS_clear_rx_buffer	16	static
../src/src_core/Drivers/Super/driver_super.c:287:13:DS_reset	32	static
../src/src_core/Drivers/Super/driver_super.c:254:13:DS_init_streams	24	static
../src/src_core/Drivers/Super/driver_super.c:242:13:DS_init	40	static
../src/src_core/Drivers/Super/driver_super.c:1645:13:DS_init_stream_rec_buffer	8	static
../src/src_core/Drivers/Super/driver_super.c:1748:6:DS_drop_from_stream_rec_buffer_	16	static
../src/src_core/Drivers/Super/driver_super.c:752:13:DS_analyze_rx_buffer_cueing_buffer_	8	static
../src/src_core/Drivers/Super/driver_super.c:1798:13:DS_push_to_stream_rec_buffer_	16	static
../src/src_core/Drivers/Super/driver_super.c:646:13:DS_analyze_rx_buffer_prepare_buffer_	16	static
../src/src_core/Drivers/Super/driver_super.c:1814:10:DS_get_unprocessed_size_from_stream_rec_buffer_	0	static
../src/src_core/Drivers/Super/driver_super.c:1822:6:DS_confirm_stream_rec_buffer_	0	static
../src/src_core/Drivers/Super/driver_super.c:1053:13:DS_analyze_rx_buffer_receiving_header_	8	static
../src/src_core/Drivers/Super/driver_super.c:1083:13:DS_analyze_rx_buffer_receiving_footer_	16	static
../src/src_core/Drivers/Super/driver_super.c:1833:6:DS_move_forward_frame_head_candidate_of_stream_rec_buffer_	0	static
../src/src_core/Drivers/Super/driver_super.c:686:13:DS_analyze_rx_buffer_pickup_	16	static
../src/src_core/Drivers/Super/driver_super.c:634:13:DS_analyze_rx_buffer_	8	static
../src/src_core/Drivers/Super/driver_super.c:355:13:DS_receive	64	static
../src/src_core/Drivers/Super/driver_super.c:1010:13:DS_analyze_rx_buffer_finding_header_	24	static
../src/src_core/Drivers/Super/driver_super.c:915:13:DS_analyze_rx_buffer_variable_pickup_with_footer_	24	static
../src/src_core/Drivers/Super/driver_super.c:816:13:DS_analyze_rx_buffer_variable_pickup_with_rx_frame_size_	24	static
../src/src_core/Drivers/Super/driver_super.c:762:13:DS_analyze_rx_buffer_fixed_pickup_	24	static
