../src/src_user/TlmCmd/NormalBlockCommandDefinition/BC_LOAD_TlmGenerateAndSave.c:20:6:BC_load_tlm_generate_and_save	8	static
../src/src_user/TlmCmd/NormalBlockCommandDefinition/BC_LOAD_TlmGenerateAndSave.c:45:6:BC_load_tlm_routing	8	static
../src/src_user/TlmCmd/NormalBlockCommandDefinition/BC_LOAD_TlmGenerateAndSave.c:62:6:BC_load_tlm_every	8	static
../src/src_user/TlmCmd/NormalBlockCommandDefinition/BC_LOAD_TlmGenerateAndSave.c:236:6:BC_load_tlm_low_rate_1	8	static
../src/src_user/TlmCmd/NormalBlockCommandDefinition/BC_LOAD_TlmGenerateAndSave.c:359:6:BC_load_tlm_low_rate_2	8	static
../src/src_user/TlmCmd/NormalBlockCommandDefinition/BC_LOAD_TlmGenerateAndSave.c:434:6:BC_load_tlm_C2A	8	static
