../src/src_user/Drivers/Aocs/LinearAlgebra/LAFunction.cpp:36:6:void partialsubstitute(AOCSMatrix&, AOCSMatrix&, uint8_t, uint8_t)	16	static
../src/src_user/Drivers/Aocs/LinearAlgebra/LAFunction.cpp:46:6:void partialsubstitute(AOCSVector&, AOCSVector&, uint8_t)	4	static
../src/src_user/Drivers/Aocs/LinearAlgebra/LAFunction.cpp:67:12:AOCSMatrix convertVec2Mat(AOCSVector)	0	static
../src/src_user/Drivers/Aocs/LinearAlgebra/LAFunction.cpp:77:12:AOCSVector convertMat2Vec(AOCSMatrix)	0	static
../src/src_user/Drivers/Aocs/LinearAlgebra/LAFunction.cpp:86:12:AOCSVector similar(AOCSVector&)	0	static
../src/src_user/Drivers/Aocs/LinearAlgebra/LAFunction.cpp:92:12:AOCSMatrix similar(AOCSMatrix&)	0	static
../src/src_user/Drivers/Aocs/LinearAlgebra/LAFunction.cpp:99:6:void reset(AOCSVector&)	0	static
../src/src_user/Drivers/Aocs/LinearAlgebra/LAFunction.cpp:105:6:void reset(AOCSMatrix&)	0	static
../src/src_user/Drivers/Aocs/LinearAlgebra/LAFunction.cpp:160:6:void getCofactor(const AOCSMatrix&, AOCSMatrix&, int, int, int)	28	static
../src/src_user/Drivers/Aocs/LinearAlgebra/LAFunction.cpp:114:10:AOCStype det(AOCSMatrix&, uint8_t)	344	static
../src/src_user/Drivers/Aocs/LinearAlgebra/LAFunction.cpp:134:6:void adjoint(AOCSMatrix&, AOCSMatrix&)	336	static
../src/src_user/Drivers/Aocs/LinearAlgebra/LAFunction.cpp:287:6:void set_size(AOCSVector&, AOCSVector&)	0	static
../src/src_user/Drivers/Aocs/LinearAlgebra/LAFunction.cpp:31:6:void copy(AOCSVector&, AOCSVector&)	16	static
../src/src_user/Drivers/Aocs/LinearAlgebra/LAFunction.cpp:54:12:AOCSVector copy_(AOCSVector&)	16	static
../src/src_user/Drivers/Aocs/LinearAlgebra/LAFunction.cpp:226:6:void add(AOCSVector&, AOCSVector&, AOCSVector&)	24	static
../src/src_user/Drivers/Aocs/LinearAlgebra/LAFunction.cpp:233:6:void pull(AOCSVector&, AOCSVector&, AOCSVector&)	24	static
../src/src_user/Drivers/Aocs/LinearAlgebra/LAFunction.cpp:291:6:void set_size(AOCSVector&, uint8_t)	0	static
../src/src_user/Drivers/Aocs/LinearAlgebra/LAFunction.cpp:249:6:void mul(AOCSVector&, AOCSMatrix&, AOCSVector&)	32	static
../src/src_user/Drivers/Aocs/LinearAlgebra/LAFunction.cpp:259:6:void mul(AOCSVector&, AOCStype, AOCSVector&)	32	static
../src/src_user/Drivers/Aocs/LinearAlgebra/LAFunction.cpp:295:6:void set_size(AOCSMatrix&, AOCSMatrix&)	0	static
../src/src_user/Drivers/Aocs/LinearAlgebra/LAFunction.cpp:22:6:void copy(AOCSMatrix&, AOCSMatrix&)	16	static
../src/src_user/Drivers/Aocs/LinearAlgebra/LAFunction.cpp:60:12:AOCSMatrix copy_(AOCSMatrix&)	16	static
../src/src_user/Drivers/Aocs/LinearAlgebra/LAFunction.cpp:183:6:bool inverse(AOCSMatrix&, AOCSMatrix&)	328	static
../src/src_user/Drivers/Aocs/LinearAlgebra/LAFunction.cpp:217:6:void add(AOCSMatrix&, AOCSMatrix&, AOCSMatrix&)	32	static
../src/src_user/Drivers/Aocs/LinearAlgebra/LAFunction.cpp:240:6:void pull(AOCSMatrix&, AOCSMatrix&, AOCSMatrix&)	32	static
../src/src_user/Drivers/Aocs/LinearAlgebra/LAFunction.cpp:278:6:void mul(AOCSMatrix&, AOCStype, AOCSMatrix&)	32	static
../src/src_user/Drivers/Aocs/LinearAlgebra/LAFunction.cpp:300:6:void set_size(AOCSMatrix&, uint8_t, uint8_t)	0	static
../src/src_user/Drivers/Aocs/LinearAlgebra/LAFunction.cpp:208:6:void Transpose(AOCSMatrix&, AOCSMatrix&)	16	static
../src/src_user/Drivers/Aocs/LinearAlgebra/LAFunction.cpp:202:12:AOCSMatrix Transpose(AOCSMatrix&)	8	static
../src/src_user/Drivers/Aocs/LinearAlgebra/LAFunction.cpp:266:6:void mul(AOCSMatrix&, AOCSMatrix&, AOCSMatrix&)	32	static
../src/src_user/Drivers/Aocs/LinearAlgebra/LAFunction.cpp:307:6:void MatExp(AOCSMatrix&, AOCSMatrix&, AOCStype)	344	static
../src/src_user/Drivers/Aocs/LinearAlgebra/LAFunction.cpp:316:12:AOCSVector operator+(AOCSVector&, AOCSVector&)	16	static
../src/src_user/Drivers/Aocs/LinearAlgebra/LAFunction.cpp:322:12:AOCSVector operator-(AOCSVector&, AOCSVector&)	16	static
../src/src_user/Drivers/Aocs/LinearAlgebra/LAFunction.cpp:329:12:AOCSVector operator*(AOCSMatrix&, AOCSVector&)	16	static
../src/src_user/Drivers/Aocs/LinearAlgebra/LAFunction.cpp:335:12:AOCSMatrix operator+(AOCSMatrix&, AOCSMatrix&)	16	static
../src/src_user/Drivers/Aocs/LinearAlgebra/LAFunction.cpp:341:12:AOCSMatrix operator-(AOCSMatrix&, AOCSMatrix&)	16	static
../src/src_user/Drivers/Aocs/LinearAlgebra/LAFunction.cpp:348:12:AOCSMatrix operator*(AOCSMatrix&, AOCSMatrix&)	16	static
