../src/src_user/Drivers/Cdh/SD/SD.c:20:9:sd_block_analyze	4	static
../src/src_user/Drivers/Cdh/SD/SD.c:52:9:sd_specify_write	536	static
../src/src_user/Drivers/Cdh/SD/SD.c:125:9:sd_write_address	8	static
../src/src_user/Drivers/Cdh/SD/SD.c:140:9:sd_specify_read	544	static
../src/src_user/Drivers/Cdh/SD/SD.c:186:9:sd_read_address	8	static
../src/src_user/Drivers/Cdh/SD/SD.c:203:9:sd_crc	552	static
../src/src_user/Drivers/Cdh/SD/SD.c:232:9:sd_copy_sd_to_sd_	24	static
../src/src_user/Drivers/Cdh/SD/SD.c:244:9:flash_copy_sd_to_flash_	32	static
../src/src_user/Drivers/Cdh/SD/SD.c:262:9:sd_copy_flash_to_sd_	8	static
../src/src_user/Drivers/Cdh/SD/SD.c:271:9:sd_copy_sd_to_ram_	24	static
