../src/src_core/TlmCmd/block_command_table.c:79:13:BCT_load_default_func_pointer_	4	static
../src/src_core/TlmCmd/block_command_table.c:92:21:BC_get_bc_cmd_data_default_	0	static
../src/src_core/TlmCmd/block_command_table.c:104:16:BC_get_bc_length_default_	0	static
../src/src_core/TlmCmd/block_command_table.c:109:13:BC_set_bc_length_default_	0	static
../src/src_core/TlmCmd/block_command_table.c:114:21:BCT_get_bc_cmd_data_	8	static
../src/src_core/TlmCmd/block_command_table.c:119:13:BCT_set_bc_cmd_data_	8	static
../src/src_core/TlmCmd/block_command_table.c:124:13:BCT_set_bc_length_	8	static
../src/src_core/TlmCmd/block_command_table.c:140:13:BCT_clear_pos_	0	static
../src/src_core/TlmCmd/block_command_table.c:97:13:BC_set_bc_cmd_data_default_	8	static
../src/src_core/TlmCmd/block_command_table.c:129:20:BCT_get_bc_cmd_data	8	static
../src/src_core/TlmCmd/block_command_table.c:134:9:BCT_get_bc_length	8	static
../src/src_core/TlmCmd/block_command_table.c:159:9:BCT_check_position	0	static
../src/src_core/TlmCmd/block_command_table.c:224:16:BCT_save_cmd_	16	static
../src/src_core/TlmCmd/block_command_table.c:148:16:BCT_set_position_	8	static
../src/src_core/TlmCmd/block_command_table.c:173:9:BCT_register_cmd	16	static
../src/src_core/TlmCmd/block_command_table.c:210:9:BCT_overwrite_cmd	16	static
../src/src_core/TlmCmd/block_command_table.c:239:9:BCT_load_cmd	16	static
../src/src_core/TlmCmd/block_command_table.c:307:6:BCT_store_pos	0	static
../src/src_core/TlmCmd/block_command_table.c:314:6:BCT_restore_pos	0	static
../src/src_core/TlmCmd/block_command_table.c:321:9:BCT_make_pos	8	static
../src/src_core/TlmCmd/block_command_table.c:272:10:BCT_get_id	16	static
../src/src_core/TlmCmd/block_command_table.c:281:9:BCT_get_ti	16	static
../src/src_core/TlmCmd/block_command_table.c:290:16:BCT_get_param_head	16	static
../src/src_core/TlmCmd/block_command_table.c:329:9:BCT_swap_address	40	static
../src/src_core/TlmCmd/block_command_table.c:348:9:BCT_swap_contents	88	static
../src/src_core/TlmCmd/block_command_table.c:386:12:BCT_convert_bct_ack_to_ccp_cmd_ret	8	static
../src/src_core/TlmCmd/block_command_table.c:438:9:BCT_clear_block	16	static
../src/src_core/TlmCmd/block_command_table.c:58:6:BCT_initialize	8	static
../src/src_core/TlmCmd/block_command_table.c:251:9:BCT_copy_bct	32	static
../src/src_core/TlmCmd/block_command_table.c:418:12:Cmd_BCT_CLEAR_BLOCK	24	static
../src/src_core/TlmCmd/block_command_table.c:451:12:Cmd_BCT_SET_BLOCK_POSITION	24	static
../src/src_core/TlmCmd/block_command_table.c:472:12:Cmd_BCT_COPY_BCT	24	static
../src/src_core/TlmCmd/block_command_table.c:486:12:Cmd_BCT_OVERWRITE_CMD	104	static
../src/src_core/TlmCmd/block_command_table.c:518:12:Cmd_BCT_FILL_NOP	24	static
