../src/src_core/TlmCmd/common_cmd_packet_util.c:651:21:CCP_raise_err_at_param_generator_	0	static
../src/src_core/TlmCmd/common_cmd_packet_util.c:235:13:CCP_form_rtc_	24	static
../src/src_core/TlmCmd/common_cmd_packet_util.c:524:21:CCP_calc_param_offset_	24	static
../src/src_core/TlmCmd/common_cmd_packet_util.c:658:21:CCP_prepare_param_for_packet_	32	static
../src/src_core/TlmCmd/common_cmd_packet_util.c:73:12:CCP_make_cmd_ret	0	static
../src/src_core/TlmCmd/common_cmd_packet_util.c:82:12:CCP_make_cmd_ret_without_err_code	8	static
../src/src_core/TlmCmd/common_cmd_packet_util.c:110:14:CCP_form_rtc	24	static
../src/src_core/TlmCmd/common_cmd_packet_util.c:88:6:CCP_form_nop_rtc_	8	static
../src/src_core/TlmCmd/common_cmd_packet_util.c:163:14:CCP_form_rtc_to_other_obc	16	static
../src/src_core/TlmCmd/common_cmd_packet_util.c:246:6:CCP_convert_rtc_to_tlc	16	static
../src/src_core/TlmCmd/common_cmd_packet_util.c:135:14:CCP_form_tlc	32	static
../src/src_core/TlmCmd/common_cmd_packet_util.c:185:14:CCP_form_tlc_to_other_obc	16	static
../src/src_core/TlmCmd/common_cmd_packet_util.c:254:8:CCP_register_rtc	8	static
../src/src_core/TlmCmd/common_cmd_packet_util.c:336:12:CCP_form_and_exec_rtc	8	static
../src/src_core/TlmCmd/common_cmd_packet_util.c:348:12:CCP_form_and_exec_rtc_to_other_obc	16	static
../src/src_core/TlmCmd/common_cmd_packet_util.c:372:15:CCP_get_exec_type_from_tlcd_id	0	static
../src/src_core/TlmCmd/common_cmd_packet_util.c:265:8:CCP_register_tlc	32	static
../src/src_core/TlmCmd/common_cmd_packet_util.c:284:8:CCP_register_tlc_asap	40	static
../src/src_core/TlmCmd/common_cmd_packet_util.c:396:10:CCP_get_1byte_param_from_packet	32	static
../src/src_core/TlmCmd/common_cmd_packet_util.c:416:11:CCP_get_2byte_param_from_packet	32	static
../src/src_core/TlmCmd/common_cmd_packet_util.c:436:11:CCP_get_4byte_param_from_packet	32	static
../src/src_core/TlmCmd/common_cmd_packet_util.c:456:11:CCP_get_8byte_param_from_packet	24	static
../src/src_core/TlmCmd/common_cmd_packet_util.c:476:10:CCP_get_raw_param_from_packet	32	static
../src/src_core/TlmCmd/common_cmd_packet_util.c:500:16:CCP_get_raw_param_head	16	static
../src/src_core/TlmCmd/common_cmd_packet_util.c:512:10:CCP_get_raw_param_len	16	static
../src/src_core/TlmCmd/common_cmd_packet_util.c:539:6:CCP_init_param_for_packet	8	static
../src/src_core/TlmCmd/common_cmd_packet_util.c:550:14:CCP_get_prepared_param_for_packet	16	static
../src/src_core/TlmCmd/common_cmd_packet_util.c:564:14:CCP_prepare_uint8_param_for_packet	16	static
../src/src_core/TlmCmd/common_cmd_packet_util.c:570:14:CCP_prepare_int8_param_for_packet	16	static
../src/src_core/TlmCmd/common_cmd_packet_util.c:576:14:CCP_prepare_uint16_param_for_packet	16	static
../src/src_core/TlmCmd/common_cmd_packet_util.c:582:14:CCP_prepare_int16_param_for_packet	16	static
../src/src_core/TlmCmd/common_cmd_packet_util.c:588:14:CCP_prepare_uint32_param_for_packet	16	static
../src/src_core/TlmCmd/common_cmd_packet_util.c:94:6:CCP_form_app_cmd	32	static
../src/src_core/TlmCmd/common_cmd_packet_util.c:594:14:CCP_prepare_int32_param_for_packet	16	static
../src/src_core/TlmCmd/common_cmd_packet_util.c:600:14:CCP_prepare_uint64_param_for_packet	16	static
../src/src_core/TlmCmd/common_cmd_packet_util.c:606:14:CCP_prepare_int64_param_for_packet	16	static
../src/src_core/TlmCmd/common_cmd_packet_util.c:612:14:CCP_prepare_float_param_for_packet	16	static
../src/src_core/TlmCmd/common_cmd_packet_util.c:618:14:CCP_prepare_double_param_for_packet	16	static
../src/src_core/TlmCmd/common_cmd_packet_util.c:624:14:CCP_prepare_bct_id_param_for_packet	16	static
../src/src_core/TlmCmd/common_cmd_packet_util.c:209:14:CCP_form_block_deploy_cmd	24	static
../src/src_core/TlmCmd/common_cmd_packet_util.c:360:12:CCP_form_and_exec_block_deploy_cmd	8	static
../src/src_core/TlmCmd/common_cmd_packet_util.c:630:14:CCP_prepare_raw_param_for_packet	24	static
