../src/src_core/TlmCmd/packet_handler.c:252:15:PH_add_gs_cmd_	8	static
../src/src_core/TlmCmd/packet_handler.c:262:15:PH_add_rt_cmd_	8	static
../src/src_core/TlmCmd/packet_handler.c:178:15:PH_add_block_cmd_	8	static
../src/src_core/TlmCmd/packet_handler.c:272:15:PH_add_tl_cmd_	8	static
../src/src_core/TlmCmd/packet_handler.c:298:15:PH_add_utl_cmd_	24	static
../src/src_core/TlmCmd/packet_handler.c:316:15:PH_add_tlm_to_pl	16	static
../src/src_core/TlmCmd/packet_handler.c:334:15:PH_add_rt_tlm_	8	static
../src/src_core/TlmCmd/packet_handler.c:341:15:PH_add_st_tlm_	8	static
../src/src_core/TlmCmd/packet_handler.c:349:15:PH_add_rp_tlm_	8	static
../src/src_core/TlmCmd/packet_handler.c:75:6:PH_init	8	static
../src/src_core/TlmCmd/packet_handler.c:119:8:PH_analyze_cmd_packet	16	static
../src/src_core/TlmCmd/packet_handler.c:203:8:PH_analyze_tlm_packet	16	static
../src/src_core/TlmCmd/packet_handler.c:97:8:PH_analyze_packet	8	static
../src/src_core/TlmCmd/packet_handler.c:231:12:PH_dispatch_command	16	static
../src/src_core/TlmCmd/packet_handler.c:355:19:PH_get_packet_list_from_exec_type	0	static
