../src/src_core/TlmCmd/telemetry_frame.c:50:13:initialize_tlm_table_	0	static
../src/src_core/TlmCmd/telemetry_frame.c:19:17:TF_generate_contents	8	static
../src/src_core/TlmCmd/telemetry_frame.c:36:6:TF_initialize	8	static
../src/src_core/TlmCmd/telemetry_frame.c:62:6:TF_copy_u8	0	static
../src/src_core/TlmCmd/telemetry_frame.c:67:6:TF_copy_u16	16	static
../src/src_core/TlmCmd/telemetry_frame.c:72:6:TF_copy_u32	16	static
../src/src_core/TlmCmd/telemetry_frame.c:77:6:TF_copy_i8	0	static
../src/src_core/TlmCmd/telemetry_frame.c:82:6:TF_copy_i16	16	static
../src/src_core/TlmCmd/telemetry_frame.c:87:6:TF_copy_i32	16	static
../src/src_core/TlmCmd/telemetry_frame.c:92:6:TF_copy_float	16	static
../src/src_core/TlmCmd/telemetry_frame.c:97:6:TF_copy_double	16	static
../src/src_core/TlmCmd/telemetry_frame.c:102:12:Cmd_TF_INIT	8	static
../src/src_core/TlmCmd/telemetry_frame.c:109:12:Cmd_TF_REGISTER_TLM	16	static
../src/src_core/TlmCmd/telemetry_frame.c:124:12:Cmd_TF_SET_PAGE_FOR_TLM	8	static
