../src/src_user/Applications/UserDefined/Power/PWR_cmd_ADC_MOBC.cpp:58:13:void PWR_ADC_MOBC_exe()	8	static
../src/src_user/Applications/UserDefined/Power/PWR_cmd_ADC_MOBC.cpp:48:13:void PWR_ADC_MOBC_init()	8	static
../src/src_user/Applications/UserDefined/Power/PWR_cmd_ADC_MOBC.cpp:38:9:AppInfo PWR_ADC_MOBC_update()	8	static
../src/src_user/Applications/UserDefined/Power/PWR_cmd_ADC_MOBC.cpp:170:10:uint16_t Get_ADC_Value(uint8_t)	0	static
../src/src_user/Applications/UserDefined/Power/PWR_cmd_ADC_MOBC.cpp:63:12:CCP_CmdRet Cmd_PWR_ADC_MOBC_Read(const CommonCmdPacket*)	32	static
