../src/src_user/Applications/UserDefined/Power/PWR_cmd_GPIO_input_MOBC.cpp:69:13:void PWR_GPIO_input_MOBC_exe()	8	static
../src/src_user/Applications/UserDefined/Power/PWR_cmd_GPIO_input_MOBC.cpp:60:13:void PWR_GPIO_input_MOBC_init()	8	static
../src/src_user/Applications/UserDefined/Power/PWR_cmd_GPIO_input_MOBC.cpp:50:9:AppInfo PWR_GPIO_input_MOBC_update()	8	static
../src/src_user/Applications/UserDefined/Power/PWR_cmd_GPIO_input_MOBC.cpp:135:9:uint8_t Get_GPIO_state(uint8_t)	16	static
../src/src_user/Applications/UserDefined/Power/PWR_cmd_GPIO_input_MOBC.cpp:75:12:CCP_CmdRet Cmd_PWR_GPIO_input_MOBC_Read(const CommonCmdPacket*)	24	static
