../src/src_user/Applications/UserDefined/Power/PWR_cmd_AnomalyDetect.cpp:346:6:void PWR_TXPIC_SENSING_DETECT_exec()	0	static
../src/src_user/Applications/UserDefined/Power/PWR_cmd_AnomalyDetect.cpp:335:6:void PWR_TXPIC_SENSING_DETECT_init()	8	static
../src/src_user/Applications/UserDefined/Power/PWR_cmd_AnomalyDetect.cpp:104:13:void PWR_Anomaly_Detect_initialize_param()	16	static
../src/src_user/Applications/UserDefined/Power/PWR_cmd_AnomalyDetect.cpp:146:13:void PWR_Anomaly_Detect_load_param()	16	static
../src/src_user/Applications/UserDefined/Power/PWR_cmd_AnomalyDetect.cpp:97:9:AppInfo PWR_Anomaly_Detect_Param_update()	8	static
../src/src_user/Applications/UserDefined/Power/PWR_cmd_AnomalyDetect.cpp:191:6:void AD_CURS(AL_PWR_CURS_ACK, uint16_t, const uint16_t*)	16	static
../src/src_user/Applications/UserDefined/Power/PWR_cmd_AnomalyDetect.cpp:205:6:void AD_CURS_MTQ(AL_PWR_CURS_ACK, uint16_t, const uint16_t*, uint8_t)	16	static
../src/src_user/Applications/UserDefined/Power/PWR_cmd_AnomalyDetect.cpp:221:6:void AD_VOLS_FET(AL_PWR_VOLS_ACK, uint16_t, const uint16_t*, uint8_t)	16	static
../src/src_user/Applications/UserDefined/Power/PWR_cmd_AnomalyDetect.cpp:267:6:void AD_VOLS_REG_UNCONTROL(AL_PWR_VOLS_ACK, uint16_t, const uint16_t*)	16	static
../src/src_user/Applications/UserDefined/Power/PWR_cmd_AnomalyDetect.cpp:288:6:void AD_VOLS_REG_CONTROL(AL_PWR_VOLS_ACK, uint16_t, const uint16_t*, uint8_t)	16	static
../src/src_user/Applications/UserDefined/Power/PWR_cmd_AnomalyDetect.cpp:323:9:AppInfo PWR_TXPIC_SENSING_DETECT_create_app()	8	static
../src/src_user/Applications/UserDefined/Power/PWR_cmd_AnomalyDetect.cpp:369:6:void AD_TXPIC_VOLS(AL_PWR_TXPIC_CURSVOLS_ACK, uint16_t, const uint16_t*)	0	static
../src/src_user/Applications/UserDefined/Power/PWR_cmd_AnomalyDetect.cpp:429:6:void AD_TXPIC_CURS(AL_PWR_TXPIC_CURSVOLS_ACK, uint16_t, const uint16_t*)	16	static
../src/src_user/Applications/UserDefined/Power/PWR_cmd_AnomalyDetect.cpp:479:6:void PWR_Reset_AWC()	0	static
../src/src_user/Applications/UserDefined/Power/PWR_cmd_AnomalyDetect.cpp:485:6:void PWR_Decrement_AWC()	0	static
