../src/src_user/Drivers/Cdh/SPIPROM/IS25LP.c:16:6:IS25LP_Delay	8	static
../src/src_user/Drivers/Cdh/SPIPROM/IS25LP.c:20:9:IS25LP_Spi	24	static
../src/src_user/Drivers/Cdh/SPIPROM/IS25LP.c:43:10:IS25LP_ReadID	24	static
../src/src_user/Drivers/Cdh/SPIPROM/IS25LP.c:56:6:IS25LP_ReadUniqID	8	static
../src/src_user/Drivers/Cdh/SPIPROM/IS25LP.c:66:6:IS25LP_WriteEnable	8	static
../src/src_user/Drivers/Cdh/SPIPROM/IS25LP.c:72:6:IS25LP_WriteDisable	8	static
../src/src_user/Drivers/Cdh/SPIPROM/IS25LP.c:78:9:IS25LP_ReadStatusRegister	8	static
../src/src_user/Drivers/Cdh/SPIPROM/IS25LP.c:98:6:IS25LP_WriteStatusRegister	16	static
../src/src_user/Drivers/Cdh/SPIPROM/IS25LP.c:114:6:IS25LP_WaitForWriteEnd	8	static
../src/src_user/Drivers/Cdh/SPIPROM/IS25LP.c:132:6:IS25LP_Init	8	static
../src/src_user/Drivers/Cdh/SPIPROM/IS25LP.c:183:6:IS25LP_EraseChip	16	static
../src/src_user/Drivers/Cdh/SPIPROM/IS25LP.c:198:6:IS25LP_EraseSector	24	static
../src/src_user/Drivers/Cdh/SPIPROM/IS25LP.c:216:6:IS25LP_Erase32KBlock	24	static
../src/src_user/Drivers/Cdh/SPIPROM/IS25LP.c:234:6:IS25LP_Erase64KBlock	24	static
../src/src_user/Drivers/Cdh/SPIPROM/IS25LP.c:252:10:IS25LP_PageToSector	0	static
../src/src_user/Drivers/Cdh/SPIPROM/IS25LP.c:256:10:IS25LP_PageToBlock	0	static
../src/src_user/Drivers/Cdh/SPIPROM/IS25LP.c:260:10:IS25LP_SectorToBlock	0	static
../src/src_user/Drivers/Cdh/SPIPROM/IS25LP.c:264:10:IS25LP_SectorToPage	0	static
../src/src_user/Drivers/Cdh/SPIPROM/IS25LP.c:268:10:IS25LP_BlockToPage	0	static
../src/src_user/Drivers/Cdh/SPIPROM/IS25LP.c:272:6:IS25LP_IsEmptyBytes	80	static
../src/src_user/Drivers/Cdh/SPIPROM/IS25LP.c:401:6:IS25LP_IsEmptyPage	64	static
../src/src_user/Drivers/Cdh/SPIPROM/IS25LP.c:495:6:IS25LP_IsEmptySector	64	static
../src/src_user/Drivers/Cdh/SPIPROM/IS25LP.c:588:6:IS25LP_IsEmptyBlock	64	static
../src/src_user/Drivers/Cdh/SPIPROM/IS25LP.c:686:6:IS25LP_WriteByte	24	static
../src/src_user/Drivers/Cdh/SPIPROM/IS25LP.c:705:6:IS25LP_WritePage	32	static
../src/src_user/Drivers/Cdh/SPIPROM/IS25LP.c:744:6:IS25LP_WriteSector	24	static
../src/src_user/Drivers/Cdh/SPIPROM/IS25LP.c:788:6:IS25LP_WriteBlock	24	static
../src/src_user/Drivers/Cdh/SPIPROM/IS25LP.c:832:6:IS25LP_ReadByte	24	static
../src/src_user/Drivers/Cdh/SPIPROM/IS25LP.c:854:6:IS25LP_ReadBytes	24	static
../src/src_user/Drivers/Cdh/SPIPROM/IS25LP.c:914:6:IS25LP_ReadPage	32	static
../src/src_user/Drivers/Cdh/SPIPROM/IS25LP.c:980:6:IS25LP_ReadSector	24	static
../src/src_user/Drivers/Cdh/SPIPROM/IS25LP.c:1017:6:IS25LP_ReadBlock	24	static
../src/src_user/Drivers/Cdh/SPIPROM/IS25LP.c:1055:6:IS25LP_Reset	8	static
../src/src_user/Drivers/Cdh/SPIPROM/IS25LP.c:1068:6:IS25LP_EraseSector_C2A	24	static
