../src/src_user/Drivers/Cdh/SPIPROM/SPI_ROM.c:34:9:init	8	static
../src/src_user/Drivers/Cdh/SPIPROM/SPI_ROM.c:22:10:SPIROM_INIT	8	static
../src/src_user/Drivers/Cdh/SPIPROM/SPI_ROM.c:102:13:readData	8	static
../src/src_user/Drivers/Cdh/SPIPROM/SPI_ROM.c:116:13:readPageData	8	static
../src/src_user/Drivers/Cdh/SPIPROM/SPI_ROM.c:132:13:readSectorData	8	static
../src/src_user/Drivers/Cdh/SPIPROM/SPI_ROM.c:350:6:spiprom_sector_analyze	0	static
../src/src_user/Drivers/Cdh/SPIPROM/SPI_ROM.c:381:6:writeMinSector	8	static
../src/src_user/Drivers/Cdh/SPIPROM/SPI_ROM.c:397:6:writeOneSector	8	static
../src/src_user/Drivers/Cdh/SPIPROM/SPI_ROM.c:60:13:writeData	32	static
../src/src_user/Drivers/Cdh/SPIPROM/SPI_ROM.c:410:6:count_erasesector	32	static
../src/src_user/Drivers/Cdh/SPIPROM/SPI_ROM.c:691:5:get_operation_flag	0	static
../src/src_user/Drivers/Cdh/SPIPROM/SPI_ROM.c:444:13:condition_reset_flag_check	8	static
../src/src_user/Drivers/Cdh/SPIPROM/SPI_ROM.c:468:13:condition_rewrite_flag_check	8	static
../src/src_user/Drivers/Cdh/SPIPROM/SPI_ROM.c:492:13:condition_update_flag_check	8	static
../src/src_user/Drivers/Cdh/SPIPROM/SPI_ROM.c:516:13:tlm_flag_check	8	static
../src/src_user/Drivers/Cdh/SPIPROM/SPI_ROM.c:541:13:over_write_flag_check	8	static
../src/src_user/Drivers/Cdh/SPIPROM/SPI_ROM.c:565:13:param_write_flag_check	8	static
../src/src_user/Drivers/Cdh/SPIPROM/SPI_ROM.c:589:13:copy_flag_check	8	static
../src/src_user/Drivers/Cdh/SPIPROM/SPI_ROM.c:613:13:erace_sectors_flag_check	8	static
../src/src_user/Drivers/Cdh/SPIPROM/SPI_ROM.c:637:13:all_reset_flag_check	8	static
../src/src_user/Drivers/Cdh/SPIPROM/SPI_ROM.c:661:13:enque_flag_check	8	static
../src/src_user/Drivers/Cdh/SPIPROM/SPI_ROM.c:696:6:write_operation_flag	0	static
../src/src_user/Drivers/Cdh/SPIPROM/SPI_ROM.c:743:6:prom_flag_set	0	static
../src/src_user/Drivers/Cdh/SPIPROM/SPI_ROM.c:402:6:eraseSector	8	static
../src/src_user/Drivers/Cdh/SPIPROM/SPI_ROM.c:309:13:spiprom_copy_data	4128	static
../src/src_user/Drivers/Cdh/SPIPROM/SPI_ROM.c:435:6:choose_erase_or_direct	8	static
../src/src_user/Drivers/Cdh/SPIPROM/SPI_ROM.c:747:6:prom_flag_reset	0	static
../src/src_user/Drivers/Cdh/SPIPROM/SPI_ROM.c:247:13:spiprom_overwrite_data	16	static
../src/src_user/Drivers/Cdh/SPIPROM/SPI_ROM.c:365:13:spiprom_write_buffer	8	static
../src/src_user/Drivers/Cdh/SPIPROM/SPI_ROM.c:734:6:check_flag	8	static
../src/src_user/Drivers/Cdh/SPIPROM/SPI_ROM.c:149:13:spiprom_write_data	40	static
../src/src_user/Drivers/Cdh/SPIPROM/SPI_ROM.c:205:13:spiprom_write_paramdata	32	static
