../src/src_user/Applications/UserDefined/Aocs/ADS/ADS_cmd_SunVector.cpp:68:13:void SunVector_initialize_param()	8	static
../src/src_user/Applications/UserDefined/Aocs/ADS/ADS_cmd_SunVector.cpp:58:13:void SunVector_load_param()	8	static
../src/src_user/Applications/UserDefined/Aocs/ADS/ADS_cmd_SunVector.cpp:76:13:void SunVector_update_()	40	static
../src/src_user/Applications/UserDefined/Aocs/ADS/ADS_cmd_SunVector.cpp:43:9:AppInfo SunVector_param_update()	8	static
../src/src_user/Applications/UserDefined/Aocs/ADS/ADS_cmd_SunVector.cpp:48:9:AppInfo SunVector_update()	8	static
