../src/src_user/Applications/UserDefined/Aocs/ADS/ADS_cmd_AD_EKF.cpp:61:13:void AD_EKF_exe()	24	static
../src/src_user/Applications/UserDefined/Aocs/ADS/ADS_cmd_AD_EKF.cpp:48:13:void AD_EKF_init()	8	static
../src/src_user/Drivers/Aocs/AD_EKF.h:18:7:AD_EKF_CLASS::AD_EKF_CLASS()	24	static
../src/src_user/Applications/UserDefined/Aocs/ADS/ADS_cmd_AD_EKF.cpp:88:1:void __static_initialization_and_destruction_0(int, int)	8	static
../src/src_user/Applications/UserDefined/Aocs/ADS/ADS_cmd_AD_EKF.cpp:36:9:AppInfo AD_EKF_update()	8	static
../src/src_user/Applications/UserDefined/Aocs/ADS/ADS_cmd_AD_EKF.cpp:79:12:CCP_CmdRet Cmd_ADS_AD_EKF(const CommonCmdPacket*)	8	static
../src/src_user/Applications/UserDefined/Aocs/ADS/ADS_cmd_AD_EKF.cpp:88:1:cpp)	8	static
