../src/src_user/IfWrapper/HAL.c:11:5:HAL_UART_Receive_C2A	8	static
../src/src_user/IfWrapper/HAL.c:20:5:HAL_UART_Receive_IT_C2A	8	static
../src/src_user/IfWrapper/HAL.c:28:19:HAL_UART_Init_C2A	8	static
../src/src_user/IfWrapper/HAL.c:32:19:HAL_UART_DeInit_C2A	8	static
../src/src_user/IfWrapper/HAL.c:36:5:HAL_UART_Transmit_C2A	8	static
../src/src_user/IfWrapper/HAL.c:45:5:HAL_UART_Transmit_DMA_C2A	8	static
../src/src_user/IfWrapper/HAL.c:53:5:HAL_UART_Receive_DMA_C2A	8	static
../src/src_user/IfWrapper/HAL.c:61:5:HAL_UART_Get_State_C2A	0	static
../src/src_user/IfWrapper/HAL.c:66:5:HAL_UART_Transmit_IT_C2A	8	static
../src/src_user/IfWrapper/HAL.c:74:5:HAL_UARTEx_ReceiveToIdle_DMA_C2A	8	static
../src/src_user/IfWrapper/HAL.c:82:5:HAL_I2C_Get_State_C2A	0	static
../src/src_user/IfWrapper/HAL.c:87:19:HAL_I2C_Mem_Read_C2A	24	static
../src/src_user/IfWrapper/HAL.c:105:19:HAL_I2C_Mem_Write_C2A	24	static
../src/src_user/IfWrapper/HAL.c:123:5:HAL_I2C_Master_Transmit_C2A	16	static
../src/src_user/IfWrapper/HAL.c:133:5:HAL_I2C_Master_Receive_C2A	16	static
../src/src_user/IfWrapper/HAL.c:143:5:HAL_I2C_GetState_C2A	8	static
../src/src_user/IfWrapper/HAL.c:148:5:HAL_I2C_DeInit_C2A	8	static
../src/src_user/IfWrapper/HAL.c:153:5:HAL_I2C_Init_C2A	8	static
../src/src_user/IfWrapper/HAL.c:159:19:HAL_SPI_DeInit_C2A	8	static
../src/src_user/IfWrapper/HAL.c:163:19:HAL_SPI_Init_C2A	8	static
../src/src_user/IfWrapper/HAL.c:167:5:HAL_SPI_Get_State_C2A	0	static
../src/src_user/IfWrapper/HAL.c:172:5:HAL_SPI_GetState_C2A	0	static
../src/src_user/IfWrapper/HAL.c:178:19:HAL_SPI_Transmit_C2A	8	static
../src/src_user/IfWrapper/HAL.c:188:19:HAL_SPI_Receive_C2A	8	static
../src/src_user/IfWrapper/HAL.c:198:19:HAL_SPI_TransmitReceive_C2A	16	static
../src/src_user/IfWrapper/HAL.c:209:19:HAL_SPI_Receive_DMA_C2A	8	static
../src/src_user/IfWrapper/HAL.c:216:19:HAL_SPI_TransmitReceive_DMA_C2A	8	static
../src/src_user/IfWrapper/HAL.c:226:6:HAL_GPIO_WritePin_C2A	8	static
../src/src_user/IfWrapper/HAL.c:233:5:HAL_GPIO_ReadPin_C2A	8	static
../src/src_user/IfWrapper/HAL.c:238:6:HAL_GPIO_TogglePin_C2A	8	static
../src/src_user/IfWrapper/HAL.c:242:6:HAL_GPIO_Init_C2A	8	static
../src/src_user/IfWrapper/HAL.c:247:5:HAL_FLASH_Unlock_C2A	8	static
../src/src_user/IfWrapper/HAL.c:252:5:HAL_FLASH_Lock_C2A	8	static
../src/src_user/IfWrapper/HAL.c:256:5:HAL_FLASHEx_Erase_C2A	8	static
../src/src_user/IfWrapper/HAL.c:262:5:HAL_FLASH_Program_C2A	8	static
../src/src_user/IfWrapper/HAL.c:267:19:HAL_IWDG_Refresh_C2A	8	static
../src/src_user/IfWrapper/HAL.c:272:6:HAL_Delay_C2A	8	static
../src/src_user/IfWrapper/HAL.c:276:10:HAL_GetTick_C2A	8	static
