../src/src_user/Applications/UserDefined/Memory/MEM_cmd_SD.c:241:13:CDH1_sd_power_on_init	912	static
../src/src_user/Applications/UserDefined/Memory/MEM_cmd_SD.c:192:13:CDH1_sd_initialize_param	8	static
../src/src_user/Applications/UserDefined/Memory/MEM_cmd_SD.c:181:13:CDH1_sd_load_param	8	static
../src/src_user/Applications/UserDefined/Memory/MEM_cmd_SD.c:165:13:CDH1_sd_memory_patrol_	520	static
../src/src_user/Applications/UserDefined/Memory/MEM_cmd_SD.c:202:6:CDH1_sd_load_program_data	528	static
../src/src_user/Applications/UserDefined/Memory/MEM_cmd_SD.c:146:9:CDH1_sd_update	8	static
../src/src_user/Applications/UserDefined/Memory/MEM_cmd_SD.c:151:9:CDH1_sd_param_update	8	static
../src/src_user/Applications/UserDefined/Memory/MEM_cmd_SD.c:156:9:CDH1_sd_memory_patrol	8	static
../src/src_user/Applications/UserDefined/Memory/MEM_cmd_SD.c:161:9:CDH1_sd_program_data	8	static
../src/src_user/Applications/UserDefined/Memory/MEM_cmd_SD.c:394:12:Cmd_CDH1_SD_CONDITION_SAVE	896	static
../src/src_user/Applications/UserDefined/Memory/MEM_cmd_SD.c:433:12:Cmd_CDH1_SD_CHANGE_RPTLM_param	16	static
../src/src_user/Applications/UserDefined/Memory/MEM_cmd_SD.c:589:12:Cmd_CDH1_SD_RPTLM_Pause	8	static
../src/src_user/Applications/UserDefined/Memory/MEM_cmd_SD.c:596:12:Cmd_CDH1_SD_RPTLM_Resume	8	static
../src/src_user/Applications/UserDefined/Memory/MEM_cmd_SD.c:620:12:Cmd_TLM_CHANGE_FREQ	8	static
../src/src_user/Applications/UserDefined/Memory/MEM_cmd_SD.c:636:12:Cmd_CDH1_SD_BLOCK_READ	536	static
../src/src_user/Applications/UserDefined/Memory/MEM_cmd_SD.c:667:12:Cmd_CDH1_SD_reset_all	896	static
../src/src_user/Applications/UserDefined/Memory/MEM_cmd_SD.c:711:12:Cmd_MEM_SD_writeParamData	48	dynamic
../src/src_user/Applications/UserDefined/Memory/MEM_cmd_SD.c:766:12:Cmd_MEM_SD_ReadParamData	32	dynamic
../src/src_user/Applications/UserDefined/Memory/MEM_cmd_SD.c:802:12:Cmd_MEM_SD_writeProgramData	48	dynamic
../src/src_user/Applications/UserDefined/Memory/MEM_cmd_SD.c:858:12:Cmd_MEM_SD_ReadProgramData	32	dynamic
../src/src_user/Applications/UserDefined/Memory/MEM_cmd_SD.c:885:12:Cmd_SD_SET_PAGE_FOR_TLM	8	static
../src/src_user/Applications/UserDefined/Memory/MEM_cmd_SD.c:904:12:Cmd_MEM_SD_set_patrol_block	16	static
../src/src_user/Applications/UserDefined/Memory/MEM_cmd_SD.c:918:12:Cmd_MEM_SD_command_read	280	static
../src/src_user/Applications/UserDefined/Memory/MEM_cmd_SD.c:944:12:Cmd_MEM_SD_write	24	static
../src/src_user/Applications/UserDefined/Memory/MEM_cmd_SD.c:963:6:sd_save_irregular_packet	536	static
../src/src_user/Applications/UserDefined/Memory/MEM_cmd_SD.c:1007:6:sd_save_regular_packet	16	static
../src/src_user/Applications/UserDefined/Memory/MEM_cmd_SD.c:341:13:CDH1_save_tlm_sd_exe	16	static
../src/src_user/Applications/UserDefined/Memory/MEM_cmd_SD.c:1041:6:RP_TLM_set_count	16	static
../src/src_user/Applications/UserDefined/Memory/MEM_cmd_SD.c:1055:12:SD_analyze_pzcket	16	static
../src/src_user/Applications/UserDefined/Memory/MEM_cmd_SD.c:469:12:Cmd_CDH1_SD_Generate_RPTLM	568	static
../src/src_user/Applications/UserDefined/Memory/MEM_cmd_SD.c:1075:12:Cmd_SD_ReadForDebug	11312	dynamic,bounded
