../src/src_user/Applications/UserDefined/Memory/MEM_cmd_FLASH.c:111:13:BD_init_	0	static
../src/src_user/Applications/UserDefined/Memory/MEM_cmd_FLASH.c:1002:17:BD_exec_job_	0	static
../src/src_user/Applications/UserDefined/Memory/MEM_cmd_FLASH.c:1014:17:BD_abort_job_	0	static
../src/src_user/Applications/UserDefined/Memory/MEM_cmd_FLASH.c:1068:16:BD_increment_id_counter_	0	static
../src/src_user/Applications/UserDefined/Memory/MEM_cmd_FLASH.c:1032:13:BD_init_job_info_	24	static
../src/src_user/Applications/UserDefined/Memory/MEM_cmd_FLASH.c:793:17:BD_set_copy_sd_to_sd_	40	static
../src/src_user/Applications/UserDefined/Memory/MEM_cmd_FLASH.c:818:17:BD_set_copy_flash_to_flash_	32	static
../src/src_user/Applications/UserDefined/Memory/MEM_cmd_FLASH.c:841:17:BD_set_copy_sd_to_flash_	40	static
../src/src_user/Applications/UserDefined/Memory/MEM_cmd_FLASH.c:865:17:BD_set_copy_flash_to_sd_	40	static
../src/src_user/Applications/UserDefined/Memory/MEM_cmd_FLASH.c:889:17:BD_set_erase_flash_	40	static
../src/src_user/Applications/UserDefined/Memory/MEM_cmd_FLASH.c:911:17:BD_set_calc_flash_crc_	32	static
../src/src_user/Applications/UserDefined/Memory/MEM_cmd_FLASH.c:933:17:BD_set_calc_sd_crc_	32	static
../src/src_user/Applications/UserDefined/Memory/MEM_cmd_FLASH.c:956:17:BD_set_copy_sd_to_ram_	40	static
../src/src_user/Applications/UserDefined/Memory/MEM_cmd_FLASH.c:980:17:BD_set_calc_ram_crc_	32	static
../src/src_user/Applications/UserDefined/Memory/MEM_cmd_FLASH.c:188:13:BD_exec_copy_sd_to_sd_	24	static
../src/src_user/Applications/UserDefined/Memory/MEM_cmd_FLASH.c:264:13:BD_exec_copy_flash_to_flash_	8	static
../src/src_user/Applications/UserDefined/Memory/MEM_cmd_FLASH.c:332:13:BD_exec_copy_sd_to_flash_	16	static
../src/src_user/Applications/UserDefined/Memory/MEM_cmd_FLASH.c:404:13:BD_exec_copy_flash_to_sd_	16	static
../src/src_user/Applications/UserDefined/Memory/MEM_cmd_FLASH.c:476:13:BD_exec_erase_flash_	8	static
../src/src_user/Applications/UserDefined/Memory/MEM_cmd_FLASH.c:1346:13:Generate_crc_calc_tlm	272	static
../src/src_user/Applications/UserDefined/Memory/MEM_cmd_FLASH.c:503:13:BD_exec_calc_flash_crc_	16	static
../src/src_user/Applications/UserDefined/Memory/MEM_cmd_FLASH.c:721:13:BD_exec_calc_ram_crc_	16	static
../src/src_user/Applications/UserDefined/Memory/MEM_cmd_FLASH.c:574:13:BD_exec_calc_sd_crc_	24	static
../src/src_user/Applications/UserDefined/Memory/MEM_cmd_FLASH.c:649:13:BD_exec_copy_sd_to_ram_	16	static
../src/src_user/Applications/UserDefined/Memory/MEM_cmd_FLASH.c:138:13:BD_app_	8	static
../src/src_user/Applications/UserDefined/Memory/MEM_cmd_FLASH.c:1325:13:CDH1_flash_param_init	8	static
../src/src_user/Applications/UserDefined/Memory/MEM_cmd_FLASH.c:1321:13:CDH1_flash_param_load	8	static
../src/src_user/Applications/UserDefined/Memory/MEM_cmd_FLASH.c:105:9:BD_create_app	8	static
../src/src_user/Applications/UserDefined/Memory/MEM_cmd_FLASH.c:1076:12:Cmd_BD_SET_COPY_SD2SD	48	static
../src/src_user/Applications/UserDefined/Memory/MEM_cmd_FLASH.c:1095:12:Cmd_BD_SET_COPY_FLASH2FLASH	32	static
../src/src_user/Applications/UserDefined/Memory/MEM_cmd_FLASH.c:1110:12:Cmd_BD_SET_COPY_SD2FLASH	40	static
../src/src_user/Applications/UserDefined/Memory/MEM_cmd_FLASH.c:1126:12:Cmd_BD_SET_COPY_FLASH2SD	40	static
../src/src_user/Applications/UserDefined/Memory/MEM_cmd_FLASH.c:1142:12:Cmd_BD_SET_ERASE_FLASH	24	static
../src/src_user/Applications/UserDefined/Memory/MEM_cmd_FLASH.c:1156:12:Cmd_BD_SET_FLASH_CRC	24	static
../src/src_user/Applications/UserDefined/Memory/MEM_cmd_FLASH.c:1170:12:Cmd_BD_SET_SD_CRC	32	static
../src/src_user/Applications/UserDefined/Memory/MEM_cmd_FLASH.c:1185:12:Cmd_BD_SET_COPY_SD2RAM	40	static
../src/src_user/Applications/UserDefined/Memory/MEM_cmd_FLASH.c:1201:12:Cmd_BD_SET_RAM_CRC	24	static
../src/src_user/Applications/UserDefined/Memory/MEM_cmd_FLASH.c:1215:12:Cmd_BD_EXEC_JOB	8	static
../src/src_user/Applications/UserDefined/Memory/MEM_cmd_FLASH.c:1228:12:Cmd_BD_ABORT_JOB	8	static
../src/src_user/Applications/UserDefined/Memory/MEM_cmd_FLASH.c:1241:12:Cmd_BD_EXEC_JOB_ANYWAY	8	static
../src/src_user/Applications/UserDefined/Memory/MEM_cmd_FLASH.c:1249:12:Cmd_BD_ABORT_JOB_ANYWAY	8	static
../src/src_user/Applications/UserDefined/Memory/MEM_cmd_FLASH.c:1264:12:Cmd_MEM_flash_unset_eraseflag	24	static
../src/src_user/Applications/UserDefined/Memory/MEM_cmd_FLASH.c:1288:12:Cmd_MEM_FlashBoot_patrol	16	static
../src/src_user/Applications/UserDefined/Memory/MEM_cmd_FLASH.c:1316:9:CDH1_flash_param_update	8	static
../src/src_user/Applications/UserDefined/Memory/MEM_cmd_FLASH.c:1332:12:Cmd_MEM_flash_set_patrol_addr	16	static
