../src/src_user/Applications/UserDefined/Cdh/Communication_Fault_Detection.c:55:6:Com_Detect_load_param	8	static
../src/src_user/Applications/UserDefined/Cdh/Communication_Fault_Detection.c:79:6:Com_Detect_initialize_param	8	static
../src/src_user/Applications/UserDefined/Cdh/Communication_Fault_Detection.c:201:13:ANOMALY_UART_Detect	24	static
../src/src_user/Applications/UserDefined/Cdh/Communication_Fault_Detection.c:166:13:UART_FAULT_DETECT_exec_	56	static
../src/src_user/Applications/UserDefined/Cdh/Communication_Fault_Detection.c:119:6:UART_FAULT_DETECT_init_	16	static
../src/src_user/Applications/UserDefined/Cdh/Communication_Fault_Detection.c:255:13:I2C_FAULT_DETECT_exec_	16	static
../src/src_user/Applications/UserDefined/Cdh/Communication_Fault_Detection.c:310:13:SPI_FAULT_DETECT_exec_	24	static
../src/src_user/Applications/UserDefined/Cdh/Communication_Fault_Detection.c:233:6:I2C_FAULT_DETECT_init_	16	static
../src/src_user/Applications/UserDefined/Cdh/Communication_Fault_Detection.c:286:6:SPI_FAULT_DETECT_init_	16	static
../src/src_user/Applications/UserDefined/Cdh/Communication_Fault_Detection.c:102:9:Com_Detect_param_load_create_app	8	static
../src/src_user/Applications/UserDefined/Cdh/Communication_Fault_Detection.c:106:9:UART_FAULT_DETECT_create_app	8	static
../src/src_user/Applications/UserDefined/Cdh/Communication_Fault_Detection.c:110:9:I2C_FAULT_DETECT_create_app	8	static
../src/src_user/Applications/UserDefined/Cdh/Communication_Fault_Detection.c:114:9:SPI_FAULT_DETECT_create_app	8	static
../src/src_user/Applications/UserDefined/Cdh/Communication_Fault_Detection.c:366:12:Cmd_ComPort_ANOMALY_Port_Reset	8	static
../src/src_user/Applications/UserDefined/Cdh/Communication_Fault_Detection.c:384:12:Cmd_OBC_UART_Reset_LV1	16	static
../src/src_user/Applications/UserDefined/Cdh/Communication_Fault_Detection.c:425:12:Cmd_OBC_UART_Reset_LV2	16	static
../src/src_user/Applications/UserDefined/Cdh/Communication_Fault_Detection.c:465:12:Cmd_OBC_UART_Reset_LV3	16	static
../src/src_user/Applications/UserDefined/Cdh/Communication_Fault_Detection.c:499:12:Cmd_OBC_I2C_Reset	24	static
../src/src_user/Applications/UserDefined/Cdh/Communication_Fault_Detection.c:536:12:Cmd_OBC_I2C_OFF	16	static
../src/src_user/Applications/UserDefined/Cdh/Communication_Fault_Detection.c:547:12:Cmd_OBC_SPI_Reset	16	static
../src/src_user/Applications/UserDefined/Cdh/Communication_Fault_Detection.c:560:12:Cmd_IOEX_Reset	8	static
../src/src_user/Applications/UserDefined/Cdh/Communication_Fault_Detection.c:571:6:ANOMALY_UART_Update_Time	32	static
../src/src_user/Applications/UserDefined/Cdh/Communication_Fault_Detection.c:577:6:ANOMALY_UART_Set_Anomaly	8	static
../src/src_user/Applications/UserDefined/Cdh/Communication_Fault_Detection.c:583:6:ANOMALY_I2C_Set_Status	32	static
../src/src_user/Applications/UserDefined/Cdh/Communication_Fault_Detection.c:591:6:ANOMALY_SPI_Set_Status	32	static
../src/src_user/Applications/UserDefined/Cdh/Communication_Fault_Detection.c:599:19:ANOMALY_Replace_Status	0	static
../src/src_user/Applications/UserDefined/Cdh/Communication_Fault_Detection.c:604:6:ANOMALY_UART_Set_Enable	8	static
../src/src_user/Applications/UserDefined/Cdh/Communication_Fault_Detection.c:611:6:ANOMALY_UART_Reset_Enable	8	static
../src/src_user/Applications/UserDefined/Cdh/Communication_Fault_Detection.c:617:6:ANOMALY_I2C_Set_Enable	16	static
../src/src_user/Applications/UserDefined/Cdh/Communication_Fault_Detection.c:623:6:ANOMALY_I2C_Reset_Enable	8	static
../src/src_user/Applications/UserDefined/Cdh/Communication_Fault_Detection.c:629:6:ANOMALY_SPI_Set_Enable	16	static
../src/src_user/Applications/UserDefined/Cdh/Communication_Fault_Detection.c:334:12:Cmd_ComPort_ANOMALY_Set_ENABLE	8	static
../src/src_user/Applications/UserDefined/Cdh/Communication_Fault_Detection.c:636:6:ANOMALY_SPI_Reset_Enable	8	static
../src/src_user/Applications/UserDefined/Cdh/Communication_Fault_Detection.c:350:12:Cmd_ComPort_ANOMALY_Reset_ENABLE	8	static
