../src/src_user/Drivers/Com/gs_validate.c:84:24:GS_check_tctf_header_	8	static
../src/src_user/Drivers/Com/gs_validate.c:109:24:GS_check_tcs_headers_	8	static
../src/src_user/Drivers/Com/gs_validate.c:124:24:GS_check_cmd_space_packet_headers_	16	static
../src/src_user/Drivers/Com/gs_validate.c:93:24:GS_check_tc_segment_	16	static
../src/src_user/Drivers/Com/gs_validate.c:158:24:GS_check_ad_cmd_	16	static
../src/src_user/Drivers/Com/gs_validate.c:199:24:GS_check_bd_cmd_	8	static
../src/src_user/Drivers/Com/gs_validate.c:213:24:GS_check_bc_cmd_	16	static
../src/src_user/Drivers/Com/gs_validate.c:42:6:GS_validate_init	0	static
../src/src_user/Drivers/Com/gs_validate.c:51:17:GS_validate_tctf	8	static
../src/src_user/Drivers/Com/gs_validate.c:250:10:GS_form_clcw	0	static
../src/src_user/Drivers/Com/gs_validate.c:288:17:GS_set_farm_pw	0	static
