../src/src_user/Drivers/Cdh/LoRa/LoRa.c:384:9:LoRa_spi_txrx	40	static
../src/src_user/Drivers/Cdh/LoRa/LoRa.c:376:6:LoRa_writeRegister	8	static
../src/src_user/Drivers/Cdh/LoRa/LoRa.c:39:6:LoRa_Transmit	8	static
../src/src_user/Drivers/Cdh/LoRa/LoRa.c:187:6:LoRa_idle	8	static
../src/src_user/Drivers/Cdh/LoRa/LoRa.c:191:6:LoRa_sleep	8	static
../src/src_user/Drivers/Cdh/LoRa/LoRa.c:234:6:LoRa_setOCP	8	static
../src/src_user/Drivers/Cdh/LoRa/LoRa.c:195:6:LoRa_setTxPower	16	static
../src/src_user/Drivers/Cdh/LoRa/LoRa.c:246:6:LoRa_setFrequency	16	static
../src/src_user/Drivers/Cdh/LoRa/LoRa.c:344:6:LoRa_setPreambleLength	16	static
../src/src_user/Drivers/Cdh/LoRa/LoRa.c:363:6:LoRa_setHopPeriod	8	static
../src/src_user/Drivers/Cdh/LoRa/LoRa.c:367:6:LoRa_setTxFifoSize	8	static
../src/src_user/Drivers/Cdh/LoRa/LoRa.c:372:6:LoRa_setReadPtr	8	static
../src/src_user/Drivers/Cdh/LoRa/LoRa.c:380:9:LoRa_readRegister	8	static
../src/src_user/Drivers/Cdh/LoRa/LoRa.c:22:5:LoRa_begin	8	static
../src/src_user/Drivers/Cdh/LoRa/LoRa.c:44:7:LoRa_isTransmitting	8	static
../src/src_user/Drivers/Cdh/LoRa/LoRa.c:105:5:LoRa_packetRssi	8	static
../src/src_user/Drivers/Cdh/LoRa/LoRa.c:109:7:LoRa_packetSnr	8	static
../src/src_user/Drivers/Cdh/LoRa/LoRa.c:113:5:LoRa_rssi	8	static
../src/src_user/Drivers/Cdh/LoRa/LoRa.c:117:8:LoRa_write	32	static
../src/src_user/Drivers/Cdh/LoRa/LoRa.c:150:5:LoRa_available	8	static
../src/src_user/Drivers/Cdh/LoRa/LoRa.c:154:5:LoRa_read	8	static
../src/src_user/Drivers/Cdh/LoRa/LoRa.c:164:5:LoRa_peek	16	static
../src/src_user/Drivers/Cdh/LoRa/LoRa.c:255:5:LoRa_getSpreadingFactor	8	static
../src/src_user/Drivers/Cdh/LoRa/LoRa.c:259:6:LoRa_setSpreadingFactor	16	static
../src/src_user/Drivers/Cdh/LoRa/LoRa.c:279:6:LoRa_getSignalBandwidth	8	static
../src/src_user/Drivers/Cdh/LoRa/LoRa.c:308:6:LoRa_setSignalBandwidth	16	static
../src/src_user/Drivers/Cdh/LoRa/LoRa.c:349:6:LoRa_disableCrc	8	static
../src/src_user/Drivers/Cdh/LoRa/LoRa.c:353:6:LoRa_explicitHeaderMode	8	static
../src/src_user/Drivers/Cdh/LoRa/LoRa.c:180:6:LoRa_receive	8	static
../src/src_user/Drivers/Cdh/LoRa/LoRa.c:358:6:LoRa_implicitHeaderMode	8	static
../src/src_user/Drivers/Cdh/LoRa/LoRa.c:59:5:LoRa_parsePacket	16	static
