../src/src_user/TlmCmd/Ccsds/TCPacket.c:52:9:TCP_get_ver	0	static
../src/src_user/TlmCmd/Ccsds/TCPacket.c:59:6:TCP_set_ver	0	static
../src/src_user/TlmCmd/Ccsds/TCPacket.c:67:10:TCP_get_type	0	static
../src/src_user/TlmCmd/Ccsds/TCPacket.c:72:6:TCP_set_type	0	static
../src/src_user/TlmCmd/Ccsds/TCPacket.c:80:18:TCP_get_2nd_hdr_flag	0	static
../src/src_user/TlmCmd/Ccsds/TCPacket.c:85:6:TCP_set_2nd_hdr_flag	0	static
../src/src_user/TlmCmd/Ccsds/TCPacket.c:93:6:TCP_set_apid	0	static
../src/src_user/TlmCmd/Ccsds/TCPacket.c:107:10:TCP_get_apid_	0	static
../src/src_user/TlmCmd/Ccsds/TCPacket.c:120:16:TCP_get_apid_project_id	0	static
../src/src_user/TlmCmd/Ccsds/TCPacket.c:124:6:TCP_set_apid_project_id	0	static
../src/src_user/TlmCmd/Ccsds/TCPacket.c:131:12:TCP_get_apid_sat_id	0	static
../src/src_user/TlmCmd/Ccsds/TCPacket.c:135:6:TCP_set_apid_sat_id	0	static
../src/src_user/TlmCmd/Ccsds/TCPacket.c:142:12:TCP_get_apid_executer_id	0	static
../src/src_user/TlmCmd/Ccsds/TCPacket.c:146:6:TCP_set_apid_executer_id	0	static
../src/src_user/TlmCmd/Ccsds/TCPacket.c:114:6:TCP_set_apid_	16	static
../src/src_user/TlmCmd/Ccsds/TCPacket.c:155:14:TCP_get_seq_flag	0	static
../src/src_user/TlmCmd/Ccsds/TCPacket.c:160:6:TCP_set_seq_flag	0	static
../src/src_user/TlmCmd/Ccsds/TCPacket.c:169:10:TCP_get_seq_cnt	0	static
../src/src_user/TlmCmd/Ccsds/TCPacket.c:178:6:TCP_set_seq_cnt	0	static
../src/src_user/TlmCmd/Ccsds/TCPacket.c:189:10:TCP_get_packet_len	0	static
../src/src_user/TlmCmd/Ccsds/TCPacket.c:199:6:TCP_set_packet_data_len	0	static
../src/src_user/TlmCmd/Ccsds/TCPacket.c:211:6:TCP_set_packet_len	8	static
../src/src_user/TlmCmd/Ccsds/TCPacket.c:217:6:TCP_copy_packet	16	static
../src/src_user/TlmCmd/Ccsds/TCPacket.c:229:11:TCP_get_route	0	static
../src/src_user/TlmCmd/Ccsds/TCPacket.c:233:6:TCP_set_route	0	static
../src/src_user/TlmCmd/Ccsds/TCPacket.c:240:12:TCP_get_issuer_sat_id	0	static
../src/src_user/TlmCmd/Ccsds/TCPacket.c:244:6:TCP_set_issuer_sat_id	0	static
../src/src_user/TlmCmd/Ccsds/TCPacket.c:251:12:TCP_get_issuer_id	0	static
../src/src_user/TlmCmd/Ccsds/TCPacket.c:255:6:TCP_set_issuer_id	0	static
../src/src_user/TlmCmd/Ccsds/TCPacket.c:262:9:TCP_get_all_issuer_id	16	static
../src/src_user/TlmCmd/Ccsds/TCPacket.c:268:6:TCP_set_all_issuer_id	16	static
../src/src_user/TlmCmd/Ccsds/TCPacket.c:301:10:TCP_CMD_get_channel_id	0	static
../src/src_user/TlmCmd/Ccsds/TCPacket.c:310:6:TCP_CMD_set_channel_id	0	static
../src/src_user/TlmCmd/Ccsds/TCPacket.c:321:9:TCP_CMD_get_res_packet_id	0	static
../src/src_user/TlmCmd/Ccsds/TCPacket.c:325:6:TCP_CMD_set_res_packet_id	0	static
../src/src_user/TlmCmd/Ccsds/TCPacket.c:329:9:TCP_CMD_get_res_apid_	0	static
../src/src_user/TlmCmd/Ccsds/TCPacket.c:338:12:TCP_CMD_get_res_apid_sat_id	0	static
../src/src_user/TlmCmd/Ccsds/TCPacket.c:342:6:TCP_CMD_set_res_apid_sat_id	0	static
../src/src_user/TlmCmd/Ccsds/TCPacket.c:349:12:TCP_CMD_get_res_apid_executer_id	0	static
../src/src_user/TlmCmd/Ccsds/TCPacket.c:353:6:TCP_CMD_set_res_apid_executer_id	0	static
../src/src_user/TlmCmd/Ccsds/TCPacket.c:333:6:TCP_CMD_set_res_apid_	16	static
../src/src_user/TlmCmd/Ccsds/TCPacket.c:360:11:TCP_CMD_get_res_route	0	static
../src/src_user/TlmCmd/Ccsds/TCPacket.c:364:6:TCP_CMD_set_res_route	0	static
../src/src_user/TlmCmd/Ccsds/TCPacket.c:371:19:TCP_CMD_get_exec_type	0	static
../src/src_user/TlmCmd/Ccsds/TCPacket.c:389:6:TCP_CMD_set_exec_type	0	static
../src/src_user/TlmCmd/Ccsds/TCPacket.c:423:10:TCP_CMD_get_ti	0	static
../src/src_user/TlmCmd/Ccsds/TCPacket.c:436:6:TCP_CMD_set_ti	0	static
../src/src_user/TlmCmd/Ccsds/TCPacket.c:444:16:TCP_CMD_get_param_head	0	static
../src/src_user/TlmCmd/Ccsds/TCPacket.c:449:6:TCP_CMD_set_param	16	static
../src/src_user/TlmCmd/Ccsds/TCPacket.c:461:6:TCP_CMD_set_common_hdr	8	static
../src/src_user/TlmCmd/Ccsds/TCPacket.c:492:9:TCP_TLM_get_startup_count	0	static
../src/src_user/TlmCmd/Ccsds/TCPacket.c:496:6:TCP_TLM_set_startup_count	0	static
../src/src_user/TlmCmd/Ccsds/TCPacket.c:500:10:TCP_TLM_get_ti	0	static
../src/src_user/TlmCmd/Ccsds/TCPacket.c:513:6:TCP_TLM_set_ti	0	static
../src/src_user/TlmCmd/Ccsds/TCPacket.c:521:9:TCP_TLM_get_category	0	static
../src/src_user/TlmCmd/Ccsds/TCPacket.c:526:6:TCP_TLM_set_category	0	static
../src/src_user/TlmCmd/Ccsds/TCPacket.c:531:9:TCP_TLM_get_packet_id	0	static
../src/src_user/TlmCmd/Ccsds/TCPacket.c:536:6:TCP_TLM_set_packet_id	0	static
../src/src_user/TlmCmd/Ccsds/TCPacket.c:541:10:TCP_TLM_get_packet_len	8	static
../src/src_user/TlmCmd/Ccsds/TCPacket.c:547:10:TCP_TLM_get_user_data_head	0	static
../src/src_user/TlmCmd/Ccsds/TCPacket.c:560:6:TCP_TLM_set_common_hdr	8	static
../src/src_user/TlmCmd/Ccsds/TCPacket.c:553:6:TCP_TLM_setup_primary_hdr	16	static
../src/src_user/TlmCmd/Ccsds/TCPacket.c:575:6:TCP_TLM_setup_fill_packet	16	static
