../src/src_user/TlmCmd/Ccsds/vcdu.c:53:13:VCDU_clear_spare_	0	static
../src/src_user/TlmCmd/Ccsds/vcdu.c:9:6:VCDU_generate_byte_stream	16	static
../src/src_user/TlmCmd/Ccsds/vcdu.c:61:10:VCDU_get_ver	0	static
../src/src_user/TlmCmd/Ccsds/vcdu.c:78:6:VCDU_set_ver	0	static
../src/src_user/TlmCmd/Ccsds/vcdu.c:89:11:VCDU_get_scdi	0	static
../src/src_user/TlmCmd/Ccsds/vcdu.c:109:6:VCDU_set_scid	0	static
../src/src_user/TlmCmd/Ccsds/vcdu.c:122:11:VCDU_get_vcid	0	static
../src/src_user/TlmCmd/Ccsds/vcdu.c:141:6:VCDU_set_vcid	0	static
../src/src_user/TlmCmd/Ccsds/vcdu.c:151:10:VCDU_get_vcdu_counter	0	static
../src/src_user/TlmCmd/Ccsds/vcdu.c:164:6:VCDU_set_vcdu_counter	0	static
../src/src_user/TlmCmd/Ccsds/vcdu.c:174:18:VCDU_get_replay_flag	0	static
../src/src_user/TlmCmd/Ccsds/vcdu.c:182:6:VCDU_set_replay_flag	0	static
../src/src_user/TlmCmd/Ccsds/vcdu.c:45:13:VCDU_set_common_hdr_	8	static
../src/src_user/TlmCmd/Ccsds/vcdu.c:21:6:VCDU_setup_fill_vcdu	8	static
../src/src_user/TlmCmd/Ccsds/vcdu.c:28:6:VCDU_setup_realtime_vcdu_hdr	16	static
../src/src_user/TlmCmd/Ccsds/vcdu.c:36:6:VCDU_setup_replay_vcdu_hdr	16	static
../src/src_user/TlmCmd/Ccsds/vcdu.c:192:10:VCDU_get_clcw	0	static
../src/src_user/TlmCmd/Ccsds/vcdu.c:207:6:VCDU_set_clcw	0	static
../src/src_user/TlmCmd/Ccsds/vcdu.c:218:10:VCDU_calc_next_counter	0	static
