../src/src_user/TlmCmd/telemetry_definitions.c:1036:24:Tlm_OKF_	0	static
../src/src_user/TlmCmd/telemetry_definitions.c:1599:24:Tlm_MOBC_	0	static
../src/src_user/TlmCmd/telemetry_definitions.c:4425:24:Tlm_FLASH_BAD_BLOCK_	0	static
../src/src_user/TlmCmd/telemetry_definitions.c:4433:24:Tlm_FLASH_ADR_TABLE_	0	static
../src/src_user/TlmCmd/telemetry_definitions.c:4440:24:Tlm_TL_	0	static
../src/src_user/TlmCmd/telemetry_definitions.c:4448:24:Tlm_BL_	0	static
../src/src_user/TlmCmd/telemetry_definitions.c:4456:24:Tlm_CA_	0	static
../src/src_user/TlmCmd/telemetry_definitions.c:4464:24:Tlm_TF_	0	static
../src/src_user/TlmCmd/telemetry_definitions.c:4472:24:Tlm_MM_	0	static
../src/src_user/TlmCmd/telemetry_definitions.c:4480:24:Tlm_AM_	0	static
../src/src_user/TlmCmd/telemetry_definitions.c:4488:24:Tlm_APP_TIME_	0	static
../src/src_user/TlmCmd/telemetry_definitions.c:4496:24:Tlm_AL_	0	static
../src/src_user/TlmCmd/telemetry_definitions.c:4504:24:Tlm_AH_	0	static
../src/src_user/TlmCmd/telemetry_definitions.c:4512:24:Tlm_AH_RES_	0	static
../src/src_user/TlmCmd/telemetry_definitions.c:658:24:Tlm_THERMAL_	16	static
../src/src_user/TlmCmd/telemetry_definitions.c:604:24:Tlm_PWR_MOBC_	16	static
../src/src_user/TlmCmd/telemetry_definitions.c:1582:24:Tlm_PROM_	32	static
../src/src_user/TlmCmd/telemetry_definitions.c:1105:24:Tlm_SPIN_	16	static
../src/src_user/TlmCmd/telemetry_definitions.c:879:24:Tlm_AKF2_	16	static
../src/src_user/TlmCmd/telemetry_definitions.c:1164:24:Tlm_AOCS240_	8	static
../src/src_user/TlmCmd/telemetry_definitions.c:1153:24:Tlm_AOCS160_	8	static
../src/src_user/TlmCmd/telemetry_definitions.c:1142:24:Tlm_AOCS80_	8	static
../src/src_user/TlmCmd/telemetry_definitions.c:1192:24:Tlm_INTERSAT_	24	static
../src/src_user/TlmCmd/telemetry_definitions.c:1810:24:Tlm_TXPIC_SI_	16	static
../src/src_user/TlmCmd/telemetry_definitions.c:1608:24:Tlm_RXPIC_SI_	16	static
../src/src_user/TlmCmd/telemetry_definitions.c:1045:24:Tlm_OCS_	24	static
../src/src_user/TlmCmd/telemetry_definitions.c:994:24:Tlm_ODS_	24	static
../src/src_user/TlmCmd/telemetry_definitions.c:937:24:Tlm_ACS_	24	static
../src/src_user/TlmCmd/telemetry_definitions.c:782:24:Tlm_ADS_	24	static
../src/src_user/TlmCmd/telemetry_definitions.c:696:24:Tlm_SENSOR_	16	static
../src/src_user/TlmCmd/telemetry_definitions.c:2077:24:Tlm_MEM_PATROL_REPRO_	16	static
../src/src_user/TlmCmd/telemetry_definitions.c:1347:24:Tlm_MESSAGE_RELAY_LENGTH_	16	static
../src/src_user/TlmCmd/telemetry_definitions.c:1254:24:Tlm_COM_DEBUG_	16	static
../src/src_user/TlmCmd/telemetry_definitions.c:2048:24:Tlm_MEM_	16	static
../src/src_user/TlmCmd/telemetry_definitions.c:4183:24:Tlm_TLM_MEMDUMP_SPIPROM3_	16	static
../src/src_user/TlmCmd/telemetry_definitions.c:3941:24:Tlm_TLM_MEMDUMP_SD3_	16	static
../src/src_user/TlmCmd/telemetry_definitions.c:3699:24:Tlm_TLM_MEMDUMP_MRAM3_	16	static
../src/src_user/TlmCmd/telemetry_definitions.c:3457:24:Tlm_TLM_MEMDUMP_EEPROM3_	16	static
../src/src_user/TlmCmd/telemetry_definitions.c:3214:24:Tlm_TLM_MEMDUMP_SPIPROM_	16	static
../src/src_user/TlmCmd/telemetry_definitions.c:3072:24:Tlm_TLM_MEMDUMP_SD_	16	static
../src/src_user/TlmCmd/telemetry_definitions.c:2829:24:Tlm_TLM_MEMDUMP_MRAM_	16	static
../src/src_user/TlmCmd/telemetry_definitions.c:2586:24:Tlm_TLM_MEMDUMP_EEPROM_	16	static
../src/src_user/TlmCmd/telemetry_definitions.c:2343:24:Tlm_TLM_MEMDUMP_FLASH_	16	static
../src/src_user/TlmCmd/telemetry_definitions.c:2100:24:Tlm_TLM_MEMDUMP_RAM_	16	static
../src/src_user/TlmCmd/telemetry_definitions.c:1559:24:Tlm_SD_	32	static
../src/src_user/TlmCmd/telemetry_definitions.c:1967:24:Tlm_TXPIC_AH2_	16	static
../src/src_user/TlmCmd/telemetry_definitions.c:1888:24:Tlm_TXPIC_AH1_	16	static
../src/src_user/TlmCmd/telemetry_definitions.c:1729:24:Tlm_RXPIC_AH2_	16	static
../src/src_user/TlmCmd/telemetry_definitions.c:1650:24:Tlm_RXPIC_AH1_	16	static
../src/src_user/TlmCmd/telemetry_definitions.c:1175:24:Tlm_TI_	16	static
../src/src_user/TlmCmd/telemetry_definitions.c:828:24:Tlm_AKF1_	16	static
../src/src_user/TlmCmd/telemetry_definitions.c:490:24:Tlm_TLM_SHK_	48	static
../src/src_user/TlmCmd/telemetry_definitions.c:157:24:Tlm_HK_	48	static
../src/src_user/TlmCmd/telemetry_definitions.c:94:6:TF_load_tlm_table	0	static
