../src/src_user/Applications/UserDefined/Aocs/AOCS_cmd_EKF.cpp:66:13:void EKF_initialize_param()	8	static
../src/src_user/Applications/UserDefined/Aocs/AOCS_cmd_EKF.cpp:141:13:void EKF_load_param()	8	static
../src/src_user/Applications/UserDefined/Aocs/AOCS_cmd_EKF.cpp:575:1:void __static_initialization_and_destruction_0(int, int)	24	static
../src/src_user/Applications/UserDefined/Aocs/AOCS_cmd_EKF.cpp:55:9:AppInfo EKF_param_update()	8	static
../src/src_user/Applications/UserDefined/Aocs/AOCS_cmd_EKF.cpp:60:9:AppInfo EKF_update()	8	static
../src/src_user/Applications/UserDefined/Aocs/AOCS_cmd_EKF.cpp:339:9:uint8_t check_EKForder_change()	0	static
../src/src_user/Applications/UserDefined/Aocs/AOCS_cmd_EKF.cpp:350:6:void set_obs_value(int, ADS_MODE)	16	static
../src/src_user/Applications/UserDefined/Aocs/AOCS_cmd_EKF.cpp:436:6:void set_dimension(ADS_MODE, uint8_t&, uint8_t&, uint8_t&, uint8_t&, uint8_t&)	16	static
../src/src_user/Applications/UserDefined/Aocs/AOCS_cmd_EKF.cpp:219:13:void EKF_init()	24	static
../src/src_user/Applications/UserDefined/Aocs/AOCS_cmd_EKF.cpp:478:6:void pass_EKFclass_for_serial(uint8_t, ADS_MODE)	16	static
../src/src_user/Applications/UserDefined/Aocs/AOCS_cmd_EKF.cpp:514:6:void copy_EKFclass_to_struct(uint8_t, ADS_MODE, uint8_t)	16	static
../src/src_user/Applications/UserDefined/Aocs/AOCS_cmd_EKF.cpp:537:6:void set_global_to_EKFvalue(uint8_t, ADS_MODE)	40	static
../src/src_user/Applications/UserDefined/Aocs/AOCS_cmd_EKF.cpp:237:13:void EKF_exe()	48	static
../src/src_user/Applications/UserDefined/Aocs/AOCS_cmd_EKF.cpp:575:1:cpp)	8	static
../src/src_user/Applications/UserDefined/Aocs/AOCS_cmd_EKF.cpp:575:1:cpp)	8	static
