../src/src_user/Applications/UserDefined/Aocs/Global_AOCS_Param_Set.cpp:63:13:void AOCS_Sensor_time_Set_update_()	8	static
../src/src_user/Applications/UserDefined/Aocs/Global_AOCS_Param_Set.cpp:69:13:void ACS_Param_Set_update_()	192	static
../src/src_user/Applications/UserDefined/Aocs/Global_AOCS_Param_Set.cpp:164:13:void ADS_Param_Set_update_()	144	static
../src/src_user/Applications/UserDefined/Aocs/Global_AOCS_Param_Set.cpp:190:13:void OCS_Param_Set_update_()	192	static
../src/src_user/Applications/UserDefined/Aocs/Global_AOCS_Param_Set.cpp:264:13:void ODS_Param_Set_update_()	176	static
../src/src_user/Applications/UserDefined/Aocs/Global_AOCS_Param_Set.cpp:302:13:void ACS_Param_Reset_()	24	static
../src/src_user/Applications/UserDefined/Aocs/Global_AOCS_Param_Set.cpp:315:13:void OCS_Param_Reset_()	24	static
../src/src_user/Applications/UserDefined/Aocs/Global_AOCS_Param_Set.cpp:28:9:AppInfo AOCS_Sensor_time_Set_update()	8	static
../src/src_user/Applications/UserDefined/Aocs/Global_AOCS_Param_Set.cpp:33:9:AppInfo ACS_Param_Set_update()	8	static
../src/src_user/Applications/UserDefined/Aocs/Global_AOCS_Param_Set.cpp:38:9:AppInfo ADS_Param_Set_update()	8	static
../src/src_user/Applications/UserDefined/Aocs/Global_AOCS_Param_Set.cpp:43:9:AppInfo OCS_Param_Set_update()	8	static
../src/src_user/Applications/UserDefined/Aocs/Global_AOCS_Param_Set.cpp:48:9:AppInfo ODS_Param_Set_update()	8	static
../src/src_user/Applications/UserDefined/Aocs/Global_AOCS_Param_Set.cpp:53:9:AppInfo ACS_Param_Reset()	8	static
../src/src_user/Applications/UserDefined/Aocs/Global_AOCS_Param_Set.cpp:58:9:AppInfo OCS_Param_Reset()	8	static
