../2U_config/Src/main.c:1093:13:MX_GPIO_Init	104	static
../2U_config/Src/main.c:999:13:MX_DMA_Init	16	static
../2U_config/Src/main.c:1035:13:MX_FMC_Init	40	static
../2U_config/Src/main.c:319:13:MX_I2C1_Init	8	static
../2U_config/Src/main.c:353:13:MX_I2C2_Init	8	static
../2U_config/Src/main.c:387:13:MX_I2C3_Init	8	static
../2U_config/Src/main.c:511:13:MX_SPI2_Init	8	static
../2U_config/Src/main.c:587:13:MX_SPI4_Init	8	static
../2U_config/Src/main.c:625:13:MX_SPI5_Init	8	static
../2U_config/Src/main.c:663:13:MX_SPI6_Init	8	static
../2U_config/Src/main.c:549:13:MX_SPI3_Init	8	static
../2U_config/Src/main.c:770:13:MX_UART4_Init	8	static
../2U_config/Src/main.c:803:13:MX_UART5_Init	8	static
../2U_config/Src/main.c:836:13:MX_UART7_Init	8	static
../2U_config/Src/main.c:869:13:MX_UART8_Init	8	static
../2U_config/Src/main.c:902:13:MX_USART1_UART_Init	8	static
../2U_config/Src/main.c:935:13:MX_USART2_UART_Init	8	static
../2U_config/Src/main.c:968:13:MX_USART3_UART_Init	8	static
../2U_config/Src/main.c:701:13:MX_TIM6_Init	24	static
../2U_config/Src/main.c:245:13:MX_ADC1_Init	40	static
../2U_config/Src/main.c:449:13:MX_RTC_Init	40	static
../2U_config/Src/main.c:197:6:SystemClock_Config	96	static
../2U_config/Src/main.c:123:5:main	8	static,ignoring_inline_asm
../2U_config/Src/main.c:1325:6:User_Error_Handler	0	static,ignoring_inline_asm
../2U_config/Src/main.c:1345:6:HAL_TIM_PeriodElapsedCallback	8	static
../2U_config/Src/main.c:1362:6:Error_Handler	0	static
