../src/src_user/Applications/UserDefined/Aocs/ACS/ACS_cmd_Bdot.cpp:126:1:void __static_initialization_and_destruction_0(int, int)	0	static
../src/src_user/Applications/UserDefined/Aocs/ACS/ACS_cmd_Bdot.cpp:75:13:void Bdot_initialize_param()	8	static
../src/src_user/Applications/UserDefined/Aocs/ACS/ACS_cmd_Bdot.cpp:65:13:void Bdot_load_param()	8	static
../src/src_user/Applications/UserDefined/Aocs/ACS/ACS_cmd_Bdot.cpp:83:13:void Bdot_update_()	64	static
../src/src_user/Applications/UserDefined/Aocs/ACS/ACS_cmd_Bdot.cpp:113:13:void deltaB_update_()	64	static
../src/src_user/Applications/UserDefined/Aocs/ACS/ACS_cmd_Bdot.cpp:40:9:AppInfo Bdot_param_update()	8	static
../src/src_user/Applications/UserDefined/Aocs/ACS/ACS_cmd_Bdot.cpp:47:9:AppInfo Bdot_update()	8	static
../src/src_user/Applications/UserDefined/Aocs/ACS/ACS_cmd_Bdot.cpp:54:9:AppInfo deltaB_update()	8	static
../src/src_user/Applications/UserDefined/Aocs/ACS/ACS_cmd_Bdot.cpp:126:1:cpp)	8	static
