../src/src_user/Applications/UserDefined/Aocs/ACS/ACS_cmd_EarthVector.cpp:70:13:void EarthVector_initialize_param()	8	static
../src/src_user/Applications/UserDefined/Aocs/ACS/ACS_cmd_EarthVector.cpp:56:13:void EarthVector_load_param()	8	static
../src/src_user/Applications/UserDefined/Aocs/ACS/ACS_cmd_EarthVector.cpp:80:13:void EarthVector_update_()	16	static
../src/src_user/Applications/UserDefined/Aocs/ACS/ACS_cmd_EarthVector.cpp:41:9:AppInfo EarthVector_param_update()	8	static
../src/src_user/Applications/UserDefined/Aocs/ACS/ACS_cmd_EarthVector.cpp:46:9:AppInfo EarthVector_update()	8	static
