../src/src_user/Applications/UserDefined/Aocs/ACS/ACS_cmd_Compensation.cpp:124:13:void Compesation_initialize_param()	16	static
../src/src_user/Applications/UserDefined/Aocs/ACS/ACS_cmd_Compensation.cpp:95:13:void Compesation_load_param()	16	static
../src/src_user/Applications/UserDefined/Aocs/ACS/ACS_cmd_Compensation.cpp:167:13:void ACS_Compesation_EarthAngularVelocity_update_()	64	static
../src/src_user/Applications/UserDefined/Aocs/ACS/ACS_cmd_Compensation.cpp:196:13:void ACS_Compesation_Coupling_update_()	32	static
../src/src_user/Applications/UserDefined/Aocs/ACS/ACS_cmd_Compensation.cpp:220:13:void ACS_Compesation_RMM_update_()	32	static
../src/src_user/Applications/UserDefined/Aocs/ACS/ACS_cmd_Compensation.cpp:279:13:void ACS_Compesation_EddyCurrent_update_()	32	static
../src/src_user/Applications/UserDefined/Aocs/ACS/ACS_cmd_Compensation.cpp:305:13:void ACS_Compesation_ConstantMagnetic_update_()	24	static
../src/src_user/Applications/UserDefined/Aocs/ACS/ACS_cmd_Compensation.cpp:59:9:AppInfo Compensation_param_update()	8	static
../src/src_user/Applications/UserDefined/Aocs/ACS/ACS_cmd_Compensation.cpp:64:9:AppInfo ACS_Compesation_EarthAngularVelocity_update()	8	static
../src/src_user/Applications/UserDefined/Aocs/ACS/ACS_cmd_Compensation.cpp:69:9:AppInfo ACS_Compesation_Coupling_update()	8	static
../src/src_user/Applications/UserDefined/Aocs/ACS/ACS_cmd_Compensation.cpp:74:9:AppInfo ACS_Compesation_RMM_update()	8	static
../src/src_user/Applications/UserDefined/Aocs/ACS/ACS_cmd_Compensation.cpp:79:9:AppInfo ACS_Compesation_EddyCurrent_update()	8	static
../src/src_user/Applications/UserDefined/Aocs/ACS/ACS_cmd_Compensation.cpp:84:9:AppInfo ACS_Compesation_ConstantMagnetic_update()	8	static
../src/src_user/Applications/UserDefined/Aocs/ACS/ACS_cmd_Compensation.cpp:249:12:CCP_CmdRet Cmd_ACS_Compesation_ShapeAnisortropy(const CommonCmdPacket*)	64	static
