../src/src_core/Applications/memory_dump.c:53:13:MEM_init_	0	static
../src/src_core/Applications/memory_dump.c:275:16:MEM_get_next_adu_counter_	0	static
../src/src_core/Applications/memory_dump.c:48:9:MEM_create_app	8	static
../src/src_core/Applications/memory_dump.c:62:12:Cmd_MEM_SET_REGION	24	static
../src/src_core/Applications/memory_dump.c:205:12:Cmd_MEM_LOAD	24	static
../src/src_core/Applications/memory_dump.c:224:12:Cmd_MEM_SET_DESTINATION	16	static
../src/src_core/Applications/memory_dump.c:244:12:Cmd_MEM_COPY_REGION_SEQ	24	static
