../src/src_core/Applications/telemetry_manager.c:357:13:TLM_MGR_init_by_am_	0	static
../src/src_core/Applications/telemetry_manager.c:438:15:TLM_MGR_add_bc_settings_to_register_info_	0	static
../src/src_core/Applications/telemetry_manager.c:651:25:TLM_MGR_form_dr_replay_tlm_	0	static
../src/src_core/Applications/telemetry_manager.c:752:30:TLM_MGR_get_regitster_info_from_bc_role_	0	static
../src/src_core/Applications/telemetry_manager.c:420:15:TLM_MGR_regigster_bc_settings	8	static
../src/src_core/Applications/telemetry_manager.c:768:13:TLM_MGR_update_cmd_elem_of_cmd_table_	0	static
../src/src_core/Applications/telemetry_manager.c:900:15:TLM_MGR_check_same_cmd_	8	static
../src/src_core/Applications/telemetry_manager.c:378:15:TLM_MGR_clear_info_	8	static
../src/src_core/Applications/telemetry_manager.c:364:15:TLM_MGR_init_1_	8	static
../src/src_core/Applications/telemetry_manager.c:782:13:TLM_MGR_clear_cmd_elem_of_cmd_table_	0	static
../src/src_core/Applications/telemetry_manager.c:370:15:TLM_MGR_init_2_	16	static
../src/src_core/Applications/telemetry_manager.c:998:13:TLM_MGR_clear_bc_to_nop_	8	static
../src/src_core/Applications/telemetry_manager.c:451:19:TLM_MGR_clear_cmds_based_on_role_	32	static
../src/src_core/Applications/telemetry_manager.c:987:13:TLM_MGR_load_nop_bc_	8	static
../src/src_core/Applications/telemetry_manager.c:952:13:TLM_MGR_load_deploy_bc_	8	static
../src/src_core/Applications/telemetry_manager.c:960:13:TLM_MGR_load_master_bc_	8	static
../src/src_core/Applications/telemetry_manager.c:1005:19:TLM_MGR_conv_err_code_to_ccp_cmd_ret_	8	static
../src/src_core/Applications/telemetry_manager.c:790:25:TLM_MGR_get_next_register_cmd_pos_	8	static
../src/src_core/Applications/telemetry_manager.c:851:25:TLM_MGR_find_registered_cmd_pos_	72	static
../src/src_core/Applications/telemetry_manager.c:821:25:TLM_MGR_get_last_registered_cmd_pos_	8	static
../src/src_core/Applications/telemetry_manager.c:563:25:TLM_MGR_form_tg_generate_rt_tlm_	24	static
../src/src_core/Applications/telemetry_manager.c:582:25:TLM_MGR_form_tg_generate_st_tlm_	24	static
../src/src_core/Applications/telemetry_manager.c:743:25:TLM_MGR_form_nop_tlc_	16	static
../src/src_core/Applications/telemetry_manager.c:603:25:TLM_MGR_form_tg_forward_as_rt_tlm_	32	static
../src/src_core/Applications/telemetry_manager.c:626:25:TLM_MGR_form_tg_forward_as_st_tlm_	32	static
../src/src_core/Applications/telemetry_manager.c:537:25:TLM_MGR_form_register_tlc_	16	static
../src/src_core/Applications/telemetry_manager.c:495:25:TLM_MGR_register_	48	static
../src/src_core/Applications/telemetry_manager.c:676:25:TLM_MGR_delete_	56	static
../src/src_core/Applications/telemetry_manager.c:351:9:TLM_MGR_create_app	8	static
../src/src_core/Applications/telemetry_manager.c:1023:12:Cmd_TLM_MGR_INIT	16	static
../src/src_core/Applications/telemetry_manager.c:1084:12:Cmd_TLM_MGR_INIT_MASTER_AND_DEPLOY_BC	16	static
../src/src_core/Applications/telemetry_manager.c:1095:12:Cmd_TLM_MGR_CLEAR_HK_TLM	8	static
../src/src_core/Applications/telemetry_manager.c:1106:12:Cmd_TLM_MGR_CLEAR_HIGH_FREQ_TLM	8	static
../src/src_core/Applications/telemetry_manager.c:1117:12:Cmd_TLM_MGR_CLEAR_LOW_FREQ_TLM	8	static
../src/src_core/Applications/telemetry_manager.c:1128:12:Cmd_TLM_MGR_CLEAR_USER_TLM	16	static
../src/src_core/Applications/telemetry_manager.c:1140:12:Cmd_TLM_MGR_START_TLM	32	static
../src/src_core/Applications/telemetry_manager.c:1163:12:Cmd_TLM_MGR_STOP_TLM	16	static
../src/src_core/Applications/telemetry_manager.c:1174:12:Cmd_TLM_MGR_REGISTER_GENERATE_RT_TLM	24	static
../src/src_core/Applications/telemetry_manager.c:1187:12:Cmd_TLM_MGR_REGISTER_GENERATE_ST_TLM	32	static
../src/src_core/Applications/telemetry_manager.c:1201:12:Cmd_TLM_MGR_REGISTER_FORWARD_AS_RT_TLM	32	static
../src/src_core/Applications/telemetry_manager.c:1215:12:Cmd_TLM_MGR_REGISTER_FORWARD_AS_ST_TLM	32	static
../src/src_core/Applications/telemetry_manager.c:1230:12:Cmd_TLM_MGR_REGISTER_REPLAY_TLM	24	static
../src/src_core/Applications/telemetry_manager.c:1243:12:Cmd_TLM_MGR_DELETE_GENERATE_RT_TLM	24	static
../src/src_core/Applications/telemetry_manager.c:1256:12:Cmd_TLM_MGR_DELETE_GENERATE_ST_TLM	32	static
../src/src_core/Applications/telemetry_manager.c:1270:12:Cmd_TLM_MGR_DELETE_FORWARD_AS_RT_TLM	32	static
../src/src_core/Applications/telemetry_manager.c:1284:12:Cmd_TLM_MGR_DELETE_FORWARD_AS_ST_TLM	32	static
../src/src_core/Applications/telemetry_manager.c:1299:12:Cmd_TLM_MGR_DELETE_REPLAY_TLM	24	static
