../src/src_core/Applications/timeline_command_dispatcher.c:112:13:TLCD_tlc_dispatcher_	16	static
../src/src_core/Applications/timeline_command_dispatcher.c:60:13:TLCD_gs_dispatch_	8	static
../src/src_core/Applications/timeline_command_dispatcher.c:75:13:TLCD_bc_dispatch_	8	static
../src/src_core/Applications/timeline_command_dispatcher.c:90:13:TLCD_tlm_dispatch_	8	static
../src/src_core/Applications/timeline_command_dispatcher.c:106:13:TLCD_mis_dispatch_	8	static
../src/src_core/Applications/timeline_command_dispatcher.c:70:13:TLCD_bc_init_	80	static
../src/src_core/Applications/timeline_command_dispatcher.c:85:13:TLCD_tlm_init_	80	static
../src/src_core/Applications/timeline_command_dispatcher.c:101:13:TLCD_mis_init_	80	static
../src/src_core/Applications/timeline_command_dispatcher.c:220:15:TLCD_drop_tl_cmd_at_	32	static
../src/src_core/Applications/timeline_command_dispatcher.c:41:9:TLCD_gs_create_app	8	static
../src/src_core/Applications/timeline_command_dispatcher.c:65:9:TLCD_bc_create_app	8	static
../src/src_core/Applications/timeline_command_dispatcher.c:80:9:TLCD_tlm_create_app	8	static
../src/src_core/Applications/timeline_command_dispatcher.c:96:9:TLCD_mis_create_app	8	static
../src/src_core/Applications/timeline_command_dispatcher.c:158:9:TLCD_update_tl_list_for_tlm	16	static
../src/src_core/Applications/timeline_command_dispatcher.c:46:13:TLCD_gs_init_	88	static
../src/src_core/Applications/timeline_command_dispatcher.c:185:12:Cmd_TLCD_CLEAR_ALL_TIMELINE	8	static
../src/src_core/Applications/timeline_command_dispatcher.c:199:12:Cmd_TLCD_CLEAR_TIMELINE_AT	16	static
../src/src_core/Applications/timeline_command_dispatcher.c:246:12:Cmd_TLCD_DEPLOY_BLOCK	24	static
../src/src_core/Applications/timeline_command_dispatcher.c:292:12:Cmd_TLCD_CLEAR_ERR_LOG	8	static
../src/src_core/Applications/timeline_command_dispatcher.c:307:12:Cmd_TLCD_SET_SOE_FLAG	16	static
../src/src_core/Applications/timeline_command_dispatcher.c:329:12:Cmd_TLCD_SET_LOUT_FLAG	16	static
../src/src_core/Applications/timeline_command_dispatcher.c:351:12:Cmd_TLCD_SET_ID_FOR_TLM	8	static
../src/src_core/Applications/timeline_command_dispatcher.c:366:12:Cmd_TLCD_SET_PAGE_FOR_TLM	8	static
