../src/src_user/Drivers/Power/MCP23017.cpp:29:6:void bitSet(uint8_t&, uint8_t)	0	static
../src/src_user/Drivers/Power/MCP23017.cpp:32:6:void bitClear(uint8_t&, uint8_t)	0	static
../src/src_user/Drivers/Power/MCP23017.cpp:35:6:bool bitRead(uint8_t&, uint8_t)	0	static
../src/src_user/Drivers/Power/MCP23017.cpp:38:9:uint8_t lowByte(uint16_t)	0	static
../src/src_user/Drivers/Power/MCP23017.cpp:41:9:uint8_t highByte(uint16_t)	0	static
../src/src_user/Drivers/Power/MCP23017.cpp:46:1:MCP23017::MCP23017()	0	static
../src/src_user/Drivers/Power/MCP23017.cpp:50:1:MCP23017::MCP23017(uint8_t, void*)	0	static
../src/src_user/Drivers/Power/MCP23017.cpp:55:1:MCP23017::~MCP23017()	0	static
../src/src_user/Drivers/Power/MCP23017.cpp:59:9:uint8_t MCP23017::getDeviceAddress()	0	static
../src/src_user/Drivers/Power/MCP23017.cpp:64:7:void* MCP23017::getHandleI2C()	0	static
../src/src_user/Drivers/Power/MCP23017.cpp:69:6:void MCP23017::setDeviceAddress(uint8_t)	0	static
../src/src_user/Drivers/Power/MCP23017.cpp:74:6:void MCP23017::setHandleI2C(void*)	0	static
../src/src_user/Drivers/Power/MCP23017.cpp:198:17:MCP23017PortACK MCP23017::writeRegister(MCP23017Register, uint8_t)	32	static
../src/src_user/Drivers/Power/MCP23017.cpp:100:17:MCP23017PortACK MCP23017::portMode(MCP23017Port, uint8_t, uint8_t, uint8_t)	16	static
../src/src_user/Drivers/Power/MCP23017.cpp:178:6:void MCP23017::writePort(MCP23017Port, uint8_t)	8	static
../src/src_user/Drivers/Power/MCP23017.cpp:209:17:MCP23017PortACK MCP23017::writeRegister(MCP23017Register, uint8_t, uint8_t)	40	static
../src/src_user/Drivers/Power/MCP23017.cpp:183:6:void MCP23017::write(uint16_t)	16	static
../src/src_user/Drivers/Power/MCP23017.cpp:78:6:void MCP23017::init()	24	static
../src/src_user/Drivers/Power/MCP23017.cpp:222:9:uint8_t MCP23017::readRegister(MCP23017Register)	40	static
../src/src_user/Drivers/Power/MCP23017.cpp:109:17:MCP23017PortACK MCP23017::pinMode(uint8_t, uint8_t, bool)	40	static
../src/src_user/Drivers/Power/MCP23017.cpp:148:17:MCP23017PortACK MCP23017::digitalWrite(uint8_t, uint8_t)	32	static
../src/src_user/Drivers/Power/MCP23017.cpp:165:6:bool MCP23017::digitalRead(uint8_t)	16	static
../src/src_user/Drivers/Power/MCP23017.cpp:187:9:uint8_t MCP23017::readPort(MCP23017Port)	8	static
../src/src_user/Drivers/Power/MCP23017.cpp:191:10:uint16_t MCP23017::read()	16	static
../src/src_user/Drivers/Power/MCP23017.cpp:233:6:void MCP23017::readRegister(MCP23017Register, uint8_t&, uint8_t&)	40	static
../src/src_user/Drivers/Power/MCP23017.cpp:249:6:void MCP23017::interruptMode(MCP23017InterruptMode)	16	static
../src/src_user/Drivers/Power/MCP23017.cpp:259:6:void MCP23017::interrupt(MCP23017Port, uint8_t)	24	static
../src/src_user/Drivers/Power/MCP23017.cpp:283:6:void MCP23017::interruptedBy(uint8_t&, uint8_t&)	8	static
../src/src_user/Drivers/Power/MCP23017.cpp:287:6:void MCP23017::disableInterrupt(MCP23017Port)	8	static
../src/src_user/Drivers/Power/MCP23017.cpp:296:6:void MCP23017::clearInterrupts(uint8_t&, uint8_t&)	8	static
../src/src_user/Drivers/Power/MCP23017.cpp:291:6:void MCP23017::clearInterrupts()	16	static
