../src/src_user/Drivers/Power/PWR_Operation.cpp:356:1:void __static_initialization_and_destruction_0(int, int)	16	static
../src/src_user/Drivers/Power/PWR_Operation.cpp:46:6:void PWR_Operate_ON_OFF(PWR_STATE, uint8_t)	16	static
../src/src_user/Drivers/Power/PWR_Operation.cpp:347:6:void PWR_Operate_IOEX_init()	8	static
../src/src_user/Drivers/Power/PWR_Operation.cpp:272:6:void PWR_Operate_ONInit(PWR_STATE)	16	static
../src/src_user/Drivers/Power/PWR_Operation.cpp:317:6:void PWR_Operate_Restart(PWR_STATE)	8	static
../src/src_user/Drivers/Power/PWR_Operation.cpp:356:1:cpp)	8	static
../src/src_user/Drivers/Power/PWR_Operation.cpp:356:1:cpp)	8	static
