../src/src_user/Drivers/Cdh/SD/stm32_adafruit_sd.c:989:9:SD_ReadData	8	static
../src/src_user/Drivers/Cdh/SD/stm32_adafruit_sd.c:1010:9:SD_WaitData	16	static
../src/src_user/Drivers/Cdh/SD/stm32_adafruit_sd.c:833:9:SD_GetDataResponse	8	static
../src/src_user/Drivers/Cdh/SD/stm32_adafruit_sd.c:767:22:SD_SendCmd	32	static
../src/src_user/Drivers/Cdh/SD/stm32_adafruit_sd.c:875:9:SD_GoIdleState	40	static
../src/src_user/Drivers/Cdh/SD/stm32_adafruit_sd.c:561:9:SD_GetCSDRegister	40	static
../src/src_user/Drivers/Cdh/SD/stm32_adafruit_sd.c:675:9:SD_GetCIDRegister	40	static
../src/src_user/Drivers/Cdh/SD/stm32_adafruit_sd.c:293:9:BSP_SD_Init	8	static
../src/src_user/Drivers/Cdh/SD/stm32_adafruit_sd.c:313:9:BSP_SD_GetCardInfo	16	static
../src/src_user/Drivers/Cdh/SD/stm32_adafruit_sd.c:348:9:BSP_SD_ReadBlocks	560	static
../src/src_user/Drivers/Cdh/SD/stm32_adafruit_sd.c:424:9:BSP_SD_WriteBlocks	48	static
../src/src_user/Drivers/Cdh/SD/stm32_adafruit_sd.c:499:9:BSP_SD_Erase	24	static
../src/src_user/Drivers/Cdh/SD/stm32_adafruit_sd.c:536:9:BSP_SD_GetCardState	16	static
