../src/src_user/Drivers/Aocs/AOCSVector.cpp:15:12:AOCSVector AOCSVectorHelper(uint8_t)	0	static
../src/src_user/Drivers/Aocs/AOCSVector.cpp:21:12:AOCSMatrix AOCSMatrixHelper(uint8_t, uint8_t)	0	static
../src/src_user/Drivers/Aocs/AOCSVector.cpp:28:12:AOCSVector AOCSVeccopy(AOCSVector*)	16	static
../src/src_user/Drivers/Aocs/AOCSVector.cpp:34:6:void AOCSVecCopy_(AOCSVector*, AOCSVector*)	8	static
../src/src_user/Drivers/Aocs/AOCSVector.cpp:38:12:AOCSVector AOCSVecRetrieve(AOCSVector*, uint8_t, uint8_t)	24	static
../src/src_user/Drivers/Aocs/AOCSVector.cpp:44:6:void AOCSVecReset(AOCSVector*)	0	static
../src/src_user/Drivers/Aocs/AOCSVector.cpp:51:6:void AOCSVecUpdate(AOCSVector*, AOCSVector*)	8	static
../src/src_user/Drivers/Aocs/AOCSVector.cpp:55:8:double AOCSNorm(AOCSVector*)	24	static
../src/src_user/Drivers/Aocs/AOCSVector.cpp:72:5:int AOCSIsInforNan(AOCSVector*)	40	static
../src/src_user/Drivers/Aocs/AOCSVector.cpp:82:6:void Vecmul(AOCSVector*, float, AOCSVector*)	32	static
../src/src_user/Drivers/Aocs/AOCSVector.cpp:64:12:AOCSVector AOCSVecNormalize(AOCSVector*)	16	static
../src/src_user/Drivers/Aocs/AOCSVector.cpp:90:8:double AOCSVecMax(AOCSVector*)	32	static
../src/src_user/Drivers/Aocs/AOCSVector.cpp:101:6:)	52	dynamic
../src/src_user/Drivers/Aocs/AOCSVector.cpp:123:6:void AOCSMatScale(AOCSMatrix*, AOCSMatrix*, AOCStype)	32	static
../src/src_user/Drivers/Aocs/AOCSVector.cpp:131:6:void AOCSMatSum(AOCSMatrix*, AOCSMatrix*, AOCSMatrix*)	32	static
../src/src_user/Drivers/Aocs/AOCSVector.cpp:171:6:void AOCSMatReset(AOCSMatrix*)	0	static
../src/src_user/Drivers/Aocs/AOCSVector.cpp:139:12:AOCSMatrix AOCSMatEye(uint8_t)	8	static
../src/src_user/Drivers/Aocs/AOCSVector.cpp:148:6:)	52	dynamic
../src/src_user/Drivers/Aocs/AOCSVector.cpp:179:6:void AOCSMatUpdate(AOCSMatrix*, AOCSMatrix*)	4	static
