../src/src_user/Drivers/Aocs/EKF.cpp:210:1:EKF_CLASS::EKF_CLASS()	24	static
../src/src_user/Drivers/Aocs/EKF.cpp:215:1:EKF_CLASS::~EKF_CLASS()	0	static
../src/src_user/Drivers/Aocs/EKF.cpp:223:6:void EKF_CLASS::Calc_A(ADS_MODE, float*)	216	static
../src/src_user/Drivers/Aocs/EKF.cpp:444:6:void EKF_CLASS::Calc_B(ADS_MODE, float*)	4	static
../src/src_user/Drivers/Aocs/EKF.cpp:515:6:void EKF_CLASS::Calc_F(float*, float*)	8	static
../src/src_user/Drivers/Aocs/EKF.cpp:531:6:void EKF_CLASS::Calc_Gw(float*, float*)	8	static
../src/src_user/Drivers/Aocs/EKF.cpp:544:6:void EKF_CLASS::Calc_Q()	0	static
../src/src_user/Drivers/Aocs/EKF.cpp:562:6:void EKF_CLASS::Predict(ADS_MODE)	3696	dynamic
../src/src_user/Drivers/Aocs/EKF.cpp:676:6:void EKF_CLASS::Calc_y(ADS_MODE, float*)	272	static
../src/src_user/Drivers/Aocs/EKF.cpp:845:6:void EKF_CLASS::Calc_r(ADS_MODE, float*)	272	static
../src/src_user/Drivers/Aocs/EKF.cpp:995:6:void EKF_CLASS::Calc_H(ADS_MODE, float*)	88	static
../src/src_user/Drivers/Aocs/EKF.cpp:1107:6:void EKF_CLASS::Calc_R()	0	static
../src/src_user/Drivers/Aocs/EKF.cpp:1126:6:void EKF_CLASS::Observe(ADS_MODE)	4792	dynamic
../src/src_user/Drivers/Aocs/EKF.cpp:1621:6:void EKF_CLASS::Quaternion_delta(float*, float*, float*)	32	static
../src/src_user/Drivers/Aocs/EKF.cpp:1630:6:void EKF_CLASS::Calc_Qua_Delta_AcqTime2ObsTime(float*, float*, float*)	24	static
../src/src_user/Drivers/Aocs/EKF.cpp:1640:6:void EKF_CLASS::Adjust_Obs_Time(ADS_MODE)	200	static
../src/src_user/Drivers/Aocs/EKF.cpp:1741:6:void EKF_CLASS::cal(ADS_MODE, const float*, uint8_t, uint8_t, uint8_t, uint8_t, uint8_t)	128	static
../src/src_user/Drivers/Aocs/EKF.cpp:1978:6:void EKF_CLASS::parse_tlm(int, uint)	32	static
../src/src_user/Drivers/Aocs/EKF.cpp:1407:9:uint8_t EKF_CLASS::Sep_Att_Check(int, uint)	280	static
../src/src_user/Drivers/Aocs/EKF.cpp:1852:9:int16_t EKF_CLASS::cal_hispin(ADS_MODE, const float*, uint8_t, uint8_t, uint8_t, uint8_t, uint8_t)	128	static
../src/src_user/Drivers/Aocs/EKF.cpp:2030:6:void EKF_CLASS::reset(uint8_t, uint8_t, uint8_t, uint8_t)	8	static
