../src/src_user/Drivers/Aocs/sgp4.cpp:57:7:void SGP4_CLASS::sgp4_init(int, double, double, double, double, double, double, double, double)	8	static
../src/src_user/Drivers/Aocs/sgp4.cpp:91:6:void SGP4_CLASS::sgp4(double, float*, float*)	64	static
../src/src_user/Drivers/Aocs/sgp4.cpp:117:7:void SGP4_CLASS::sgp4_setparam()	8	static
../src/src_user/Drivers/Aocs/sgp4.cpp:134:7:void SGP4_CLASS::sgp4_opponent_setparam()	8	static
../src/src_user/Drivers/Aocs/sgp4.cpp:300:6:void SGP4_CLASS::calc_GMST_angle_angular_velocity(double, float&, float&)	56	static
../src/src_user/Drivers/Aocs/sgp4.cpp:210:6:void SGP4_CLASS::TEME2ITRF(double, float*, float*, float*, float*)	312	static
../src/src_user/Drivers/Aocs/sgp4.cpp:360:6:void SGP4_CLASS::ITRF2GCRF(double, float*, float*, float*, float*)	40	static
../src/src_user/Drivers/Aocs/sgp4.cpp:186:6:void SGP4_CLASS::TEME2J2000(double, float*, float*, float*, float*)	64	static
../src/src_user/Drivers/Aocs/sgp4.cpp:155:6:void SGP4_CLASS::sgp4_calc(double)	48	static
