../src/src_core/Drivers/Protocol/common_tlm_cmd_packet_for_driver_super.c:15:13:CTCP_get_ctcp_from_dssc	16	static
../src/src_core/Drivers/Protocol/common_tlm_cmd_packet_for_driver_super.c:29:13:CTP_get_ctp_from_dssc	16	static
../src/src_core/Drivers/Protocol/common_tlm_cmd_packet_for_driver_super.c:52:13:CCP_get_ccp_from_dssc	16	static
../src/src_core/Drivers/Protocol/common_tlm_cmd_packet_for_driver_super.c:66:13:CTCP_init_dssc	16	static
../src/src_core/Drivers/Protocol/common_tlm_cmd_packet_for_driver_super.c:102:13:CTCP_set_tx_frame_to_dssc	32	static
../src/src_core/Drivers/Protocol/common_tlm_cmd_packet_for_driver_super.c:139:13:CTP_set_tx_frame_to_dssc	8	static
../src/src_core/Drivers/Protocol/common_tlm_cmd_packet_for_driver_super.c:148:13:CCP_set_tx_frame_to_dssc	8	static
