../src/src_user/Applications/UserDefined/Aocs/ODS/ODS_cmd_BallCoef.cpp:78:13:void ODS_BallCoef_init_()	0	static
../src/src_user/Applications/UserDefined/Aocs/ODS/ODS_cmd_BallCoef.cpp:72:13:void BallCoef_initialize_param()	8	static
../src/src_user/Applications/UserDefined/Aocs/ODS/ODS_cmd_BallCoef.cpp:62:13:void BallCoef_load_param()	8	static
../src/src_user/Applications/UserDefined/Aocs/ODS/ODS_cmd_BallCoef.cpp:82:13:void ODS_BallCoef_update_()	56	static
../src/src_user/Applications/UserDefined/Aocs/ODS/ODS_cmd_BallCoef.cpp:42:9:AppInfo BallCoef_param_update()	8	static
../src/src_user/Applications/UserDefined/Aocs/ODS/ODS_cmd_BallCoef.cpp:49:9:AppInfo BallCoef_update()	8	static
