../src/src_user/Applications/UserDefined/Aocs/ODS/ODS_cmd_ORBPROP.cpp:225:13:void ODS_ORBPROP_opponent_update_()	0	static
../src/src_user/Applications/UserDefined/Aocs/ODS/ODS_cmd_ORBPROP.cpp:118:13:void ORBPROP_initialize_param()	8	static
../src/src_user/Applications/UserDefined/Aocs/ODS/ODS_cmd_ORBPROP.cpp:84:13:void ORBPROP_load_param()	16	static
../src/src_user/Applications/UserDefined/Aocs/ODS/ODS_cmd_ORBPROP.cpp:58:9:AppInfo ORBPROP_param_update()	8	static
../src/src_user/Applications/UserDefined/Aocs/ODS/ODS_cmd_ORBPROP.cpp:65:9:AppInfo ORBPROP_update()	8	static
../src/src_user/Applications/UserDefined/Aocs/ODS/ODS_cmd_ORBPROP.cpp:72:9:AppInfo ORBPROP_Opponent_update()	8	static
../src/src_user/Applications/UserDefined/Aocs/ODS/ODS_cmd_ORBPROP.cpp:229:6:void ODS_ORBPROP_Time_update()	8	static
../src/src_user/Applications/UserDefined/Aocs/ODS/ODS_cmd_ORBPROP.cpp:166:13:void ODS_ORBPROP_update_()	120	static
../src/src_user/Applications/UserDefined/Aocs/ODS/ODS_cmd_ORBPROP.cpp:235:6:void ODS_ORBPROP_Connect_Param()	0	static
../src/src_user/Applications/UserDefined/Aocs/ODS/ODS_cmd_ORBPROP.cpp:148:13:void ODS_ORBPROP_init_()	16	static
../src/src_user/Applications/UserDefined/Aocs/ODS/ODS_cmd_ORBPROP.cpp:241:17:ORBPROP_STRUCT* ODS_ORBPROP_Get_OrbpropPointer()	0	static
