../src/src_user/Applications/UserDefined/Cdh/Repro/CDH_cmd_c2a_repro.c:78:13:CDH_Function_Uplink_param_init	8	static
../src/src_user/Applications/UserDefined/Cdh/Repro/CDH_cmd_c2a_repro.c:230:16:Write_tlm_table_repro	8	static
../src/src_user/Applications/UserDefined/Cdh/Repro/CDH_cmd_c2a_repro.c:109:13:CDH_tlm_table_param_init	8	static
../src/src_user/Applications/UserDefined/Cdh/Repro/CDH_cmd_c2a_repro.c:210:16:Read_tlm_table_repro	8	static
../src/src_user/Applications/UserDefined/Cdh/Repro/CDH_cmd_c2a_repro.c:103:13:CDH_tlm_table_param_load	8	static
../src/src_user/Applications/UserDefined/Cdh/Repro/CDH_cmd_c2a_repro.c:250:16:Read_function_data	32	static
../src/src_user/Applications/UserDefined/Cdh/Repro/CDH_cmd_c2a_repro.c:69:13:CDH_Function_Uplink_param_load	8	static
../src/src_user/Applications/UserDefined/Cdh/Repro/CDH_cmd_c2a_repro.c:150:16:Write_cmd_table_repro	16	static
../src/src_user/Applications/UserDefined/Cdh/Repro/CDH_cmd_c2a_repro.c:89:13:CDH_cmd_table_param_init	8	static
../src/src_user/Applications/UserDefined/Cdh/Repro/CDH_cmd_c2a_repro.c:130:16:Read_cmd_table_repro	16	static
../src/src_user/Applications/UserDefined/Cdh/Repro/CDH_cmd_c2a_repro.c:83:13:CDH_cmd_table_param_load	8	static
../src/src_user/Applications/UserDefined/Cdh/Repro/CDH_cmd_c2a_repro.c:190:16:Write_am_ais_repro	16	static
../src/src_user/Applications/UserDefined/Cdh/Repro/CDH_cmd_c2a_repro.c:99:13:CDH_am_ais_param_init	8	static
../src/src_user/Applications/UserDefined/Cdh/Repro/CDH_cmd_c2a_repro.c:170:16:Read_am_ais_repro	16	static
../src/src_user/Applications/UserDefined/Cdh/Repro/CDH_cmd_c2a_repro.c:93:13:CDH_am_ais_param_load	8	static
../src/src_user/Applications/UserDefined/Cdh/Repro/CDH_cmd_c2a_repro.c:49:9:CDH_FU_vma_update	8	static
../src/src_user/Applications/UserDefined/Cdh/Repro/CDH_cmd_c2a_repro.c:54:9:CDH_FU_cmd_table_update	8	static
../src/src_user/Applications/UserDefined/Cdh/Repro/CDH_cmd_c2a_repro.c:59:9:CDH_FU_am_ais_update	8	static
../src/src_user/Applications/UserDefined/Cdh/Repro/CDH_cmd_c2a_repro.c:64:9:CDH_FU_tlm_table_update	8	static
../src/src_user/Applications/UserDefined/Cdh/Repro/CDH_cmd_c2a_repro.c:113:12:Cmd_CDH_set_code_to_SD	24	static
