../src/src_core/TlmCmd/Ccsds/space_packet.c:171:6:SP_extract_param_from_packet	16	static
../src/src_core/TlmCmd/Ccsds/space_packet.c:25:8:SP_get_ver	16	static
../src/src_core/TlmCmd/Ccsds/space_packet.c:50:9:SP_get_type	16	static
../src/src_core/TlmCmd/Ccsds/space_packet.c:66:17:SP_get_2nd_hdr_flag	16	static
../src/src_core/TlmCmd/Ccsds/space_packet.c:82:6:SP_get_apid	16	static
../src/src_core/TlmCmd/Ccsds/space_packet.c:97:13:SP_get_seq_flag	16	static
../src/src_core/TlmCmd/Ccsds/space_packet.c:113:10:SP_get_seq_count	16	static
../src/src_core/TlmCmd/Ccsds/space_packet.c:128:10:SP_get_packet_data_len	16	static
../src/src_core/TlmCmd/Ccsds/space_packet.c:152:10:SP_get_packet_len	8	static
../src/src_core/TlmCmd/Ccsds/space_packet.c:165:6:SP_copy_packet	16	static
../src/src_core/TlmCmd/Ccsds/space_packet.c:207:6:SP_insert_param_to_packet	24	static
../src/src_core/TlmCmd/Ccsds/space_packet.c:43:6:SP_set_ver	16	static
../src/src_core/TlmCmd/Ccsds/space_packet.c:59:6:SP_set_type	16	static
../src/src_core/TlmCmd/Ccsds/space_packet.c:75:6:SP_set_2nd_hdr_flag	16	static
../src/src_core/TlmCmd/Ccsds/space_packet.c:90:6:SP_set_apid	16	static
../src/src_core/TlmCmd/Ccsds/space_packet.c:106:6:SP_set_seq_flag	16	static
../src/src_core/TlmCmd/Ccsds/space_packet.c:122:6:SP_set_seq_count	16	static
../src/src_core/TlmCmd/Ccsds/space_packet.c:138:6:SP_set_packet_data_len	16	static
../src/src_core/TlmCmd/Ccsds/space_packet.c:158:6:SP_set_packet_len	8	static
