../src/src_user/Applications/DriverInstances/block_command_handler.c:103:6:bct_overwrite_init	0	static
../src/src_user/Applications/DriverInstances/block_command_handler.c:116:6:bct_tlm_page_init	0	static
../src/src_user/Applications/DriverInstances/block_command_handler.c:750:16:check_BC_NUM	0	static
../src/src_user/Applications/DriverInstances/block_command_handler.c:754:16:check_ALT_BC_NUM	0	static
../src/src_user/Applications/DriverInstances/block_command_handler.c:125:6:Global_AOCS_flag_init	8	static
../src/src_user/Applications/DriverInstances/block_command_handler.c:146:6:Global_Mission_flag_init	8	static
../src/src_user/Applications/DriverInstances/block_command_handler.c:156:6:mode_definition_param_load	32	static
../src/src_user/Applications/DriverInstances/block_command_handler.c:173:6:mode_definition_param_init	32	static
../src/src_user/Applications/DriverInstances/block_command_handler.c:77:9:ALT_BCT_APP	8	static
../src/src_user/Applications/DriverInstances/block_command_handler.c:82:9:Global_AOCS_Param_update	8	static
../src/src_user/Applications/DriverInstances/block_command_handler.c:88:9:BCT_Tlm_Page	8	static
../src/src_user/Applications/DriverInstances/block_command_handler.c:93:9:Global_AOCS_flag_app	8	static
../src/src_user/Applications/DriverInstances/block_command_handler.c:98:9:Global_Mission_flag_app	8	static
../src/src_user/Applications/DriverInstances/block_command_handler.c:121:9:MODE_DEFINITION_PARAM_APP	8	static
../src/src_user/Applications/DriverInstances/block_command_handler.c:231:12:SD_combine_block_cmd	288	static
../src/src_user/Applications/DriverInstances/block_command_handler.c:298:8:PL_SD_deploy_block_cmd	40	static
../src/src_user/Applications/DriverInstances/block_command_handler.c:259:12:SD_deploy_block_cmd	24	static
../src/src_user/Applications/DriverInstances/block_command_handler.c:361:6:BCT_SD_initialize	24	static
../src/src_user/Applications/DriverInstances/block_command_handler.c:443:12:Cmd_SAVE_BCT	24	static
../src/src_user/Applications/DriverInstances/block_command_handler.c:459:12:Cmd_LOAD_BCT	32	static
../src/src_user/Applications/DriverInstances/block_command_handler.c:483:12:Cmd_BCT_SET_PAGE_FOR_TLM	8	static
../src/src_user/Applications/DriverInstances/block_command_handler.c:499:12:Cmd_BCT_SD_SET_CMD_Packet	32	static
../src/src_user/Applications/DriverInstances/block_command_handler.c:523:12:Cmd_BCT_SD_SET_CMD	304	static
../src/src_user/Applications/DriverInstances/block_command_handler.c:552:12:Cmd_BCT_SD_SET_CMD_NUM	24	static
../src/src_user/Applications/DriverInstances/block_command_handler.c:758:9:overload_bctable	16	static
../src/src_user/Applications/DriverInstances/block_command_handler.c:377:12:Cmd_BCT_CHANGE_ALT_BC	24	static
../src/src_user/Applications/DriverInstances/block_command_handler.c:395:12:Cmd_SAME_TL_MODE_TRANS	48	static
../src/src_user/Applications/DriverInstances/block_command_handler.c:578:12:Cmd_CAHNGE_MODEFLAG_SEPARATELY	32	static
../src/src_user/Applications/DriverInstances/block_command_handler.c:620:12:Cmd_CAHNGE_ACS_MODEFLAG	32	static
../src/src_user/Applications/DriverInstances/block_command_handler.c:652:12:Cmd_CAHNGE_ADS_MODEFLAG	32	static
../src/src_user/Applications/DriverInstances/block_command_handler.c:684:12:Cmd_CAHNGE_OCS_MODEFLAG	32	static
../src/src_user/Applications/DriverInstances/block_command_handler.c:716:12:Cmd_CAHNGE_ODS_MODEFLAG	32	static
