../src/src_user/Applications/DriverInstances/di_gs.c:173:13:DI_GS_set_t2m_flush_interval_	0	static
../src/src_user/Applications/DriverInstances/di_gs.c:103:13:DI_GS_cmd_packet_handler_app_	8	static
../src/src_user/Applications/DriverInstances/di_gs.c:43:15:DI_GS_init_	48	static
../src/src_user/Applications/DriverInstances/di_gs.c:98:13:DI_GS_cmd_packet_handler_app_init_	8	static
../src/src_user/Applications/DriverInstances/di_gs.c:114:13:DI_GS_rt_tlm_packet_handler_app_	16	static
../src/src_user/Applications/DriverInstances/di_gs.c:109:13:DI_GS_rt_tlm_packet_handler_app_init_	8	static
../src/src_user/Applications/DriverInstances/di_gs.c:141:13:DI_GS_rp_tlm_packet_handler_app_init_	8	static
../src/src_user/Applications/DriverInstances/di_gs.c:146:13:DI_GS_rp_tlm_packet_handler_app_	16	static
../src/src_user/Applications/DriverInstances/di_gs.c:83:9:DI_GS_cmd_packet_handler_app	8	static
../src/src_user/Applications/DriverInstances/di_gs.c:88:9:DI_GS_rt_tlm_packet_handler_app	8	static
../src/src_user/Applications/DriverInstances/di_gs.c:93:9:DI_GS_rp_tlm_packet_handler_app	8	static
../src/src_user/Applications/DriverInstances/di_gs.c:178:12:Cmd_DI_GS_DRIVER_RESET	8	static
../src/src_user/Applications/DriverInstances/di_gs.c:186:12:Cmd_DI_GS_SET_RT_FLUSH_INTERVAL	16	static
../src/src_user/Applications/DriverInstances/di_gs.c:196:12:Cmd_DI_GS_SET_RP_FLUSH_INTERVAL	16	static
../src/src_user/Applications/DriverInstances/di_gs.c:206:12:Cmd_DI_GS_SET_FARM_PW	8	static
../src/src_user/Applications/DriverInstances/di_gs.c:215:12:Cmd_DI_GS_SET_INFO	8	static
../src/src_user/Applications/DriverInstances/di_gs.c:225:12:Cmd_DI_GS_CCSDS_GET_BUFFER	8	static
../src/src_user/Applications/DriverInstances/di_gs.c:233:12:Cmd_DI_GS_CCSDS_SET_RATE	8	static
../src/src_user/Applications/DriverInstances/di_gs.c:243:12:Cmd_DI_GS_UART_TLM_ON	8	static
../src/src_user/Applications/DriverInstances/di_gs.c:251:12:Cmd_DI_GS_UART_TLM_OFF	8	static
