../src/src_user/Applications/DriverInstances/di_txpic.c:43:13:txpic_init_	8	static
../src/src_user/Applications/DriverInstances/di_txpic.c:118:13:txpic_cmd_dispatcher_	8	static
../src/src_user/Applications/DriverInstances/di_txpic.c:113:13:txpic_cmd_dispatcher_init_	80	static
../src/src_user/Applications/DriverInstances/di_txpic.c:38:9:txpic_update	8	static
../src/src_user/Applications/DriverInstances/di_txpic.c:106:9:txpic_cmd_dispatcher	8	static
../src/src_user/Applications/DriverInstances/di_txpic.c:124:12:txpic_dispatch_command	16	static
../src/src_user/Applications/DriverInstances/di_txpic.c:156:12:Cmd_txpic_CDIS_CLEAR_ALL_REALTIME	8	static
../src/src_user/Applications/DriverInstances/di_txpic.c:165:12:Cmd_txpic_CDIS_CLEAR_ERR_LOG	8	static
../src/src_user/Applications/DriverInstances/di_txpic.c:174:6:TXPIC_TCPacket_Fixedheader_Checker	8	static
../src/src_user/Applications/DriverInstances/di_txpic.c:54:13:txpic_update_	16	static
