../src/src_user/Applications/DriverInstances/di_uart_test.c:42:13:UART_TEST_init_by_AM_	0	static
../src/src_user/Applications/DriverInstances/di_uart_test.c:91:13:UART_TEST_update_	8	static
../src/src_user/Applications/DriverInstances/di_uart_test.c:48:13:UART_TEST_init_	24	static
../src/src_user/Applications/DriverInstances/di_uart_test.c:36:9:UART_TEST_update	8	static
../src/src_user/Applications/DriverInstances/di_uart_test.c:102:12:Cmd_UART_TEST_INIT_DI	8	static
../src/src_user/Applications/DriverInstances/di_uart_test.c:112:12:Cmd_UART_TEST_UPDATE	8	static
../src/src_user/Applications/DriverInstances/di_uart_test.c:122:12:Cmd_UART_TEST_SEND_TEST	8	static
