../src/src_core/TlmCmd/block_command_executor.c:67:20:BCE_get_bc_exe_params_default_	0	static
../src/src_core/TlmCmd/block_command_executor.c:78:13:BCE_set_bc_exe_params_	8	static
../src/src_core/TlmCmd/block_command_executor.c:83:20:BCE_get_bc_exe_params_	8	static
../src/src_core/TlmCmd/block_command_executor.c:72:13:BCE_set_bc_exe_params_default_	0	static
../src/src_core/TlmCmd/block_command_executor.c:226:19:BCE_rotate_block_cmd_	24	static
../src/src_core/TlmCmd/block_command_executor.c:321:19:BCE_timelimit_combine_block_cmd_	88	static
../src/src_core/TlmCmd/block_command_executor.c:88:19:BCE_get_bc_exe_params	8	static
../src/src_core/TlmCmd/block_command_executor.c:93:6:BCE_load_default_func_pointer	0	static
../src/src_core/TlmCmd/block_command_executor.c:128:9:BCE_activate_block	16	static
../src/src_core/TlmCmd/block_command_executor.c:118:12:Cmd_BCE_ACTIVATE_BLOCK	8	static
../src/src_core/TlmCmd/block_command_executor.c:184:9:BCE_activate_block_by_id	8	static
../src/src_core/TlmCmd/block_command_executor.c:149:12:Cmd_BCE_ACTIVATE_BLOCK_BY_ID	24	static
../src/src_core/TlmCmd/block_command_executor.c:197:9:BCE_inactivate_block_by_id	16	static
../src/src_core/TlmCmd/block_command_executor.c:166:12:Cmd_BCE_INACTIVATE_BLOCK_BY_ID	24	static
../src/src_core/TlmCmd/block_command_executor.c:210:12:Cmd_BCE_ROTATE_BLOCK	24	static
../src/src_core/TlmCmd/block_command_executor.c:302:12:Cmd_BCE_TIMELIMIT_COMBINE_BLOCK	24	static
../src/src_core/TlmCmd/block_command_executor.c:388:9:BCE_reset_rotator_info	16	static
../src/src_core/TlmCmd/block_command_executor.c:404:9:BCE_reset_combiner_info	16	static
../src/src_core/TlmCmd/block_command_executor.c:103:9:BCE_clear_block	16	static
../src/src_core/TlmCmd/block_command_executor.c:421:9:BCE_is_active	8	static
../src/src_core/TlmCmd/block_command_executor.c:272:19:BCE_combine_block_cmd_	40	static
../src/src_core/TlmCmd/block_command_executor.c:256:12:Cmd_BCE_COMBINE_BLOCK	24	static
../src/src_core/TlmCmd/block_command_executor.c:427:9:BCE_swap_address	24	static
../src/src_core/TlmCmd/block_command_executor.c:446:9:BCE_swap_contents	40	static
../src/src_core/TlmCmd/block_command_executor.c:465:12:Cmd_BCE_RESET_ROTATOR_INFO	24	static
../src/src_core/TlmCmd/block_command_executor.c:481:12:Cmd_BCE_RESET_COMBINER_INFO	24	static
../src/src_core/TlmCmd/block_command_executor.c:497:12:Cmd_BCE_SET_ROTATE_INTERVAL	24	static
