../src/src_user/Drivers/Sensor/CURS.cpp:42:5:int CURS_CLASS::CURS_SENSOR_AD7654_Get(int)	24	static
../src/src_user/Drivers/Sensor/CURS.cpp:112:7:float CURS_CLASS::Calculate_CURRENT(float)	0	static
../src/src_user/Drivers/Sensor/CURS.cpp:124:5:int CURS_CLASS::CURS_SENSOR_init()	0	static
../src/src_user/Drivers/Sensor/CURS.cpp:129:5:int CURS_CLASS::CURS_SENSOR_get_MTQZ4()	8	static
../src/src_user/Drivers/Sensor/CURS.cpp:141:5:int CURS_CLASS::CURS_SENSOR_get_MTQZ3()	8	static
../src/src_user/Drivers/Sensor/CURS.cpp:153:5:int CURS_CLASS::CURS_SENSOR_get_MTQZ2()	8	static
../src/src_user/Drivers/Sensor/CURS.cpp:165:5:int CURS_CLASS::CURS_SENSOR_get_MTQZ1()	8	static
../src/src_user/Drivers/Sensor/CURS.cpp:177:5:int CURS_CLASS::CURS_SENSOR_get_MTQY()	8	static
../src/src_user/Drivers/Sensor/CURS.cpp:189:5:int CURS_CLASS::CURS_SENSOR_get_MTQX()	8	static
../src/src_user/Drivers/Sensor/CURS.cpp:201:5:int CURS_CLASS::CURS_SENSOR_get_MTQ2U()	8	static
../src/src_user/Drivers/Sensor/CURS.cpp:213:5:int CURS_CLASS::CURS_SENSOR_get_TX()	8	static
../src/src_user/Drivers/Sensor/CURS.cpp:225:5:int CURS_CLASS::CURS_SENSOR_get_all()	8	static
