../src/src_user/Drivers/Sensor/GYRO.cpp:107:7:float GYRO_CLASS::Convert_Voltage2GYRO(int, float)	32	static
../src/src_user/Drivers/Sensor/GYRO.cpp:115:7:float GYRO_CLASS::Calculate_GYRO_TempCorrect(int, float)	32	static
../src/src_user/Drivers/Sensor/GYRO.cpp:133:6:void GYRO_CLASS::Temperature_Compensation_SF(int, float)	0	static
../src/src_user/Drivers/Sensor/GYRO.cpp:146:6:void GYRO_CLASS::Temperature_Compensation_OFFSET(int, float)	0	static
../src/src_user/Drivers/Sensor/GYRO.cpp:164:5:int GYRO_CLASS::GYRO_SENSOR_init(uint8_t*)	72	static
../src/src_user/Drivers/Sensor/GYRO.cpp:266:5:int GYRO_CLASS::GYRO_SENSOR_CHANGE_RANGE(uint8_t*)	72	static
../src/src_user/Drivers/Sensor/GYRO.cpp:371:7:float GYRO_CLASS::Convert_Voltage2GYRO_MAGNARO(int, float, int, float)	24	static
../src/src_user/Drivers/Sensor/GYRO.cpp:385:6:void GYRO_CLASS::GYRO_Vector_DCM_Sensor2Body_Calc(float*, float (*)[3], float*)	12	static
../src/src_user/Drivers/Sensor/GYRO.cpp:65:5:int GYRO_CLASS::GYRO_SENSOR_AD7654_Get(int)	24	static
../src/src_user/Drivers/Sensor/GYRO.cpp:397:6:void GYRO_CLASS::GYRO_SENSOR_get_time()	32	static
../src/src_user/Drivers/Sensor/GYRO.cpp:412:5:int GYRO_CLASS::GYRO_SENSOR_get_x()	8	static
../src/src_user/Drivers/Sensor/GYRO.cpp:425:5:int GYRO_CLASS::GYRO_SENSOR_get_y()	8	static
../src/src_user/Drivers/Sensor/GYRO.cpp:436:5:int GYRO_CLASS::GYRO_SENSOR_get_z()	8	static
../src/src_user/Drivers/Sensor/GYRO.cpp:448:5:int GYRO_CLASS::GYRO_SENSOR_get_all()	8	static
