../src/src_user/Drivers/Sensor/PLASMA.cpp:44:5:int PLASMA_CLASS::PLASMA_SENSOR_AD7654_Get(int)	16	static
../src/src_user/Drivers/Sensor/PLASMA.cpp:95:5:int PLASMA_CLASS::PLASMA_SENSOR_init()	0	static
../src/src_user/Drivers/Sensor/PLASMA.cpp:100:5:int PLASMA_CLASS::PLASMA_SENSOR_get_PLASMA1()	8	static
../src/src_user/Drivers/Sensor/PLASMA.cpp:112:5:int PLASMA_CLASS::PLASMA_SENSOR_get_PLASMA2()	8	static
../src/src_user/Drivers/Sensor/PLASMA.cpp:124:5:int PLASMA_CLASS::PLASMA_SENSOR_get_PLASMA3()	8	static
../src/src_user/Drivers/Sensor/PLASMA.cpp:136:5:int PLASMA_CLASS::PLASMA_SENSOR_get_PLASMA4()	8	static
../src/src_user/Drivers/Sensor/PLASMA.cpp:148:5:int PLASMA_CLASS::PLASMA_SENSOR_get_PLASMA5()	8	static
../src/src_user/Drivers/Sensor/PLASMA.cpp:160:5:int PLASMA_CLASS::PLASMA_SENSOR_get_PLASMA6()	8	static
../src/src_user/Drivers/Sensor/PLASMA.cpp:172:5:int PLASMA_CLASS::PLASMA_SENSOR_get_all()	8	static
