../src/src_user/Drivers/Sensor/PlatinumSensor.cpp:19:6:void PS_Delay(uint16_t)	0	static
../src/src_user/Drivers/Sensor/PlatinumSensor.cpp:238:7:float PLATINUM_CLASS::Calculate_Pt_Plus(float)	16	static
../src/src_user/Drivers/Sensor/PlatinumSensor.cpp:250:7:float PLATINUM_CLASS::Calculate_Pt_Minus(float)	0	static
../src/src_user/Drivers/Sensor/PlatinumSensor.cpp:55:5:int PLATINUM_CLASS::PLATINUM_SENSOR_AD7654_Get(int)	16	static
../src/src_user/Drivers/Sensor/PlatinumSensor.cpp:263:5:int PLATINUM_CLASS::PLATINUM_SENSOR_init()	0	static
../src/src_user/Drivers/Sensor/PlatinumSensor.cpp:268:5:int PLATINUM_CLASS::PLATINUM_SENSOR_get_MOBC()	8	static
../src/src_user/Drivers/Sensor/PlatinumSensor.cpp:280:5:int PLATINUM_CLASS::PLATINUM_SENSOR_get_ADC()	8	static
../src/src_user/Drivers/Sensor/PlatinumSensor.cpp:292:5:int PLATINUM_CLASS::PLATINUM_SENSOR_get_MAGS()	8	static
../src/src_user/Drivers/Sensor/PlatinumSensor.cpp:304:5:int PLATINUM_CLASS::PLATINUM_SENSOR_get_GPS()	8	static
../src/src_user/Drivers/Sensor/PlatinumSensor.cpp:316:5:int PLATINUM_CLASS::PLATINUM_SENSOR_get_9AX()	8	static
../src/src_user/Drivers/Sensor/PlatinumSensor.cpp:328:5:int PLATINUM_CLASS::PLATINUM_SENSOR_get_LENSPX()	8	static
../src/src_user/Drivers/Sensor/PlatinumSensor.cpp:340:5:int PLATINUM_CLASS::PLATINUM_SENSOR_get_LENSPY()	8	static
../src/src_user/Drivers/Sensor/PlatinumSensor.cpp:352:5:int PLATINUM_CLASS::PLATINUM_SENSOR_get_IMAGE()	8	static
../src/src_user/Drivers/Sensor/PlatinumSensor.cpp:364:5:int PLATINUM_CLASS::PLATINUM_SENSOR_get_LENSMX()	8	static
../src/src_user/Drivers/Sensor/PlatinumSensor.cpp:376:5:int PLATINUM_CLASS::PLATINUM_SENSOR_get_GYROX()	8	static
../src/src_user/Drivers/Sensor/PlatinumSensor.cpp:388:5:int PLATINUM_CLASS::PLATINUM_SENSOR_get_GYROY()	8	static
../src/src_user/Drivers/Sensor/PlatinumSensor.cpp:400:5:int PLATINUM_CLASS::PLATINUM_SENSOR_get_GYROZ()	8	static
../src/src_user/Drivers/Sensor/PlatinumSensor.cpp:412:5:int PLATINUM_CLASS::PLATINUM_SENSOR_get_MTQZ1()	8	static
../src/src_user/Drivers/Sensor/PlatinumSensor.cpp:424:5:int PLATINUM_CLASS::PLATINUM_SENSOR_get_MTQZ2()	8	static
../src/src_user/Drivers/Sensor/PlatinumSensor.cpp:436:5:int PLATINUM_CLASS::PLATINUM_SENSOR_get_MTQZ3()	8	static
../src/src_user/Drivers/Sensor/PlatinumSensor.cpp:448:5:int PLATINUM_CLASS::PLATINUM_SENSOR_get_MTQZ4()	8	static
../src/src_user/Drivers/Sensor/PlatinumSensor.cpp:460:5:int PLATINUM_CLASS::PLATINUM_SENSOR_get_all()	8	static
