../src/src_user/Applications/UserDefined/Cdh/Repro/CDH_cmd_AllRepro.c:57:13:CDH_AllRepro_init	0	static
../src/src_user/Applications/UserDefined/Cdh/Repro/CDH_cmd_AllRepro.c:48:13:allrepro_initialize_param	8	static
../src/src_user/Applications/UserDefined/Cdh/Repro/CDH_cmd_AllRepro.c:44:13:allrepro_load_param	8	static
../src/src_user/Applications/UserDefined/Cdh/Repro/CDH_cmd_AllRepro.c:39:9:allrepro_param_update	8	static
../src/src_user/Applications/UserDefined/Cdh/Repro/CDH_cmd_AllRepro.c:52:9:CDH_AllRepro_update	8	static
../src/src_user/Applications/UserDefined/Cdh/Repro/CDH_cmd_AllRepro.c:71:12:Cmd_CDH_debug_Write_Program_on_FLASH	32	static
../src/src_user/Applications/UserDefined/Cdh/Repro/CDH_cmd_AllRepro.c:100:6:JumpToApp	16	static,ignoring_inline_asm
../src/src_user/Applications/UserDefined/Cdh/Repro/CDH_cmd_AllRepro.c:113:12:Cmd_CDH_AllRepro_JUMP_NEW	8	static
../src/src_user/Applications/UserDefined/Cdh/Repro/CDH_cmd_AllRepro.c:120:12:Cmd_CDH_AllRepro_Program_to_SD	32	static
../src/src_user/Applications/UserDefined/Cdh/Repro/CDH_cmd_AllRepro.c:161:12:Cmd_CDH_AllRepro_set_number	16	static
../src/src_user/Applications/UserDefined/Cdh/Repro/CDH_cmd_AllRepro.c:174:12:Cmd_CDH_AllRepro_reset_flag	528	static
../src/src_user/Applications/UserDefined/Cdh/Repro/CDH_cmd_AllRepro.c:191:12:Cmd_CDH_ALLREPRO_SEND_ReceiveFlag	24	static
