../src/src_user/Applications/UserDefined/Aocs/ADS/ADS_cmd_Qmethod.cpp:124:1:void __static_initialization_and_destruction_0(int, int)	4	static
../src/src_user/Applications/UserDefined/Aocs/ADS/ADS_cmd_Qmethod.cpp:78:13:void Qmethod_initialize_param()	8	static
../src/src_user/Applications/UserDefined/Aocs/ADS/ADS_cmd_Qmethod.cpp:64:13:void Qmethod_load_param()	8	static
../src/src_user/Applications/UserDefined/Aocs/ADS/ADS_cmd_Qmethod.cpp:91:13:void Qmethod_update_()	48	static
../src/src_user/Applications/UserDefined/Aocs/ADS/ADS_cmd_Qmethod.cpp:43:9:AppInfo Qmethod_param_update()	8	static
../src/src_user/Applications/UserDefined/Aocs/ADS/ADS_cmd_Qmethod.cpp:50:9:AppInfo Qmethod_update()	8	static
../src/src_user/Applications/UserDefined/Aocs/ADS/ADS_cmd_Qmethod.cpp:124:1:cpp)	8	static
