../src/src_user/Applications/UserDefined/Aocs/ADS/ADS_cmd_Quest.cpp:150:1:void __static_initialization_and_destruction_0(int, int)	0	static
../src/src_user/Applications/UserDefined/Aocs/ADS/ADS_cmd_Quest.cpp:80:13:void Quest_initialize_param()	8	static
../src/src_user/Applications/UserDefined/Aocs/ADS/ADS_cmd_Quest.cpp:64:13:void Quest_load_param()	8	static
../src/src_user/Applications/UserDefined/Aocs/ADS/ADS_cmd_Quest.cpp:94:13:void Quest_update_()	96	static
../src/src_user/Applications/UserDefined/Aocs/ADS/ADS_cmd_Quest.cpp:43:9:AppInfo Quest_param_update()	8	static
../src/src_user/Applications/UserDefined/Aocs/ADS/ADS_cmd_Quest.cpp:50:9:AppInfo Quest_update()	8	static
../src/src_user/Applications/UserDefined/Aocs/ADS/ADS_cmd_Quest.cpp:150:1:cpp)	8	static
